03-13 19:52:19.908  3521  3521 W HwBinder:3521_5: type=1400 audit(0.0:296875): avc: denied { search } for name="traces" dev="nvme0n1p37" ino=8003587 scontext=u:r:mediacodec:s0 tcontext=u:object_r:trace_data_file:s0 tclass=dir permissive=0
03-13 19:52:19.916  3482  3603 W Camera3-Device: No cvip timestamp  available
03-13 19:52:19.916  3379  3647 I MLMRCamera3Hal: ENTRY : processCaptureRequest
03-13 19:52:19.916  3379  3647 I MLMRCamera3Hal: EXIT : processCaptureRequest
03-13 19:52:19.947  3408  3408 I MagicFlinger: INF: MagicFlinger Periodic Info Log: FocusDistance=0.000000m ; CompositionCPU=0.73ms ; CompositionGPU=0.78ms ; ClientCPU=7.18ms ; ClientGPU=9.07ms ; TotalCPU=7.91ms ; TotalGPU=9.85ms ; ClientDroppedFrames=75 ; GlobalDimmer=0%
03-13 19:52:19.944  3521  3521 W HwBinder:3521_5: type=1400 audit(0.0:296876): avc: denied { search } for name="traces" dev="nvme0n1p37" ino=8003587 scontext=u:r:mediacodec:s0 tcontext=u:object_r:trace_data_file:s0 tclass=dir permissive=0
03-13 19:52:19.949  3482  3603 W Camera3-Device: No cvip timestamp  available
03-13 19:52:19.949  3379  3647 I MLMRCamera3Hal: ENTRY : processCaptureRequest
03-13 19:52:19.949  3379  3647 I MLMRCamera3Hal: EXIT : processCaptureRequest
03-13 19:52:19.976  3521  3521 W HwBinder:3521_5: type=1400 audit(0.0:296877): avc: denied { search } for name="traces" dev="nvme0n1p37" ino=8003587 scontext=u:r:mediacodec:s0 tcontext=u:object_r:trace_data_file:s0 tclass=dir permissive=0
03-13 19:52:19.982  3482  3603 W Camera3-Device: No cvip timestamp  available
03-13 19:52:19.982  3379  3647 I MLMRCamera3Hal: ENTRY : processCaptureRequest
03-13 19:52:19.983  3379  3647 I MLMRCamera3Hal: EXIT : processCaptureRequest
03-13 19:52:20.017  3482  3603 W Camera3-Device: No cvip timestamp  available
03-13 19:52:20.017  3379  3647 I MLMRCamera3Hal: ENTRY : processCaptureRequest
03-13 19:52:20.017  3379  3647 I MLMRCamera3Hal: EXIT : processCaptureRequest
03-13 19:52:20.050  3482  3603 W Camera3-Device: No cvip timestamp  available
03-13 19:52:20.051  3379  3647 I MLMRCamera3Hal: ENTRY : processCaptureRequest
03-13 19:52:20.051  3379  3647 I MLMRCamera3Hal: EXIT : processCaptureRequest
03-13 19:52:20.084  3482  3603 W Camera3-Device: No cvip timestamp  available
03-13 19:52:20.084  3379  3647 I MLMRCamera3Hal: ENTRY : processCaptureRequest
03-13 19:52:20.084  3379  3647 I MLMRCamera3Hal: EXIT : processCaptureRequest
03-13 19:52:20.095  9431  9455 I com.magicleap.capi.sample.depth_camera: processFrame called with frame_count: 1
03-13 19:52:20.095  9431  9455 I com.magicleap.capi.sample.depth_camera: === Frame 0 ===
03-13 19:52:20.095  9431  9455 I com.magicleap.capi.sample.depth_camera: Raw Depth Image: 544x480 pixels
03-13 19:52:20.095  9431  9455 I com.magicleap.capi.sample.depth_camera:   First 5 pixels: 1.66, 3.16, 5.18, 4.15, 5.36
03-13 19:52:20.095  9431  9455 I com.magicleap.capi.sample.depth_camera:   Center region min: 3.63, max: 54.31
03-13 19:52:20.095  9431  9455 I com.magicleap.capi.sample.depth_camera: Processed Depth Image: 544x480 pixels
03-13 19:52:20.095  9431  9455 I com.magicleap.capi.sample.depth_camera:   First 5 pixels (meters): 0.307, 0.521, 1.004, 1.158, 0.836
03-13 19:52:20.095  9431  9455 I com.magicleap.capi.sample.depth_camera:   Center region depth (m): min=0.599, max=0.808
03-13 19:52:20.095  9431  9455 I com.magicleap.capi.sample.depth_camera: Confidence Buffer: 544x480 pixels
03-13 19:52:20.095  9431  9455 I com.magicleap.capi.sample.depth_camera:   First 5 confidence values: -0.73, -0.66, -0.13, -0.17, -0.14
03-13 19:52:20.096  9431  9455 I com.magicleap.capi.sample.depth_camera:   Center region confidence: min=-0.19, max=-0.01, avg=-0.05
03-13 19:52:20.096  9431  9455 I com.magicleap.capi.sample.depth_camera: Ambient Raw Depth: 544x480 pixels
03-13 19:52:20.099  9431  9455 I com.magicleap.capi.sample.depth_camera: Detected 4 IR markers
03-13 19:52:20.099  9431  9455 I com.magicleap.capi.sample.depth_camera:   Marker 0: pixel(521.4, 196.4) 3D(0.267, -0.043, 0.362)m area=89 intensity=2038.4
03-13 19:52:20.099  9431  9455 I com.magicleap.capi.sample.depth_camera:   Marker 1: pixel(479.4, 232.6) 3D(0.257, -0.006, 0.427)m area=92 intensity=2040.9
03-13 19:52:20.100  9431  9455 I com.magicleap.capi.sample.depth_camera:   Marker 2: pixel(540.7, 238.8) 3D(0.325, 0.001, 0.406)m area=57 intensity=2018.6
03-13 19:52:20.100  9431  9455 I com.magicleap.capi.sample.depth_camera:   Marker 3: pixel(513.8, 270.5) 3D(0.336, 0.045, 0.473)m area=98 intensity=2132.9
03-13 19:52:20.100  9431  9455 V com.magicleap.capi.sample.depth_camera: ProcessFrame: 4 markers, 1 tools
03-13 19:52:20.100  9431  9455 V com.magicleap.capi.sample.depth_camera: TrackTool 'captured_tool': 0 candidates found
03-13 19:52:20.100  9431  9455 V com.magicleap.capi.sample.depth_camera: Tool 'captured_tool': TRACKED  pos=(0.236,0.176,0.828)
03-13 19:52:20.117  3482  3603 W Camera3-Device: No cvip timestamp  available
03-13 19:52:20.118  3379  3647 I MLMRCamera3Hal: ENTRY : processCaptureRequest
03-13 19:52:20.118  3379  3647 I MLMRCamera3Hal: EXIT : processCaptureRequest
03-13 19:52:20.150  3482  3603 W Camera3-Device: No cvip timestamp  available
03-13 19:52:20.151  3379  3647 I MLMRCamera3Hal: ENTRY : processCaptureRequest
03-13 19:52:20.151  3379  3647 I MLMRCamera3Hal: EXIT : processCaptureRequest
03-13 19:52:20.184  3482  3603 W Camera3-Device: No cvip timestamp  available
03-13 19:52:20.184  3379  3647 I MLMRCamera3Hal: ENTRY : processCaptureRequest
03-13 19:52:20.184  3379  3647 I MLMRCamera3Hal: EXIT : processCaptureRequest
03-13 19:52:20.217  3482  3603 W Camera3-Device: No cvip timestamp  available
03-13 19:52:20.218  3379  3647 I MLMRCamera3Hal: ENTRY : processCaptureRequest
03-13 19:52:20.218  3379  3647 I MLMRCamera3Hal: EXIT : processCaptureRequest
03-13 19:52:20.251  3482  3603 W Camera3-Device: No cvip timestamp  available
03-13 19:52:20.251  3379  3647 I MLMRCamera3Hal: ENTRY : processCaptureRequest
03-13 19:52:20.251  3379  3647 I MLMRCamera3Hal: EXIT : processCaptureRequest
03-13 19:52:20.284  3482  3603 W Camera3-Device: No cvip timestamp  available
03-13 19:52:20.284  3379  3647 I MLMRCamera3Hal: ENTRY : processCaptureRequest
03-13 19:52:20.284  3379  3647 I MLMRCamera3Hal: EXIT : processCaptureRequest
03-13 19:52:20.294  9431  9455 I com.magicleap.capi.sample.depth_camera: processFrame called with frame_count: 1
03-13 19:52:20.294  9431  9455 I com.magicleap.capi.sample.depth_camera: === Frame 0 ===
03-13 19:52:20.294  9431  9455 I com.magicleap.capi.sample.depth_camera: Raw Depth Image: 544x480 pixels
03-13 19:52:20.294  9431  9455 I com.magicleap.capi.sample.depth_camera:   First 5 pixels: 3.46, 2.92, 3.27, 3.68, 3.46
03-13 19:52:20.294  9431  9455 I com.magicleap.capi.sample.depth_camera:   Center region min: 4.73, max: 51.59
03-13 19:52:20.294  9431  9455 I com.magicleap.capi.sample.depth_camera: Processed Depth Image: 544x480 pixels
03-13 19:52:20.294  9431  9455 I com.magicleap.capi.sample.depth_camera:   First 5 pixels (meters): 0.678, 0.219, 0.125, 0.297, 0.729
03-13 19:52:20.294  9431  9455 I com.magicleap.capi.sample.depth_camera:   Center region depth (m): min=0.605, max=0.816
03-13 19:52:20.294  9431  9455 I com.magicleap.capi.sample.depth_camera: Confidence Buffer: 544x480 pixels
03-13 19:52:20.294  9431  9455 I com.magicleap.capi.sample.depth_camera:   First 5 confidence values: -0.25, -0.27, -0.22, -0.20, -0.23
03-13 19:52:20.294  9431  9455 I com.magicleap.capi.sample.depth_camera:   Center region confidence: min=-0.20, max=-0.01, avg=-0.05
03-13 19:52:20.294  9431  9455 I com.magicleap.capi.sample.depth_camera: Ambient Raw Depth: 544x480 pixels
03-13 19:52:20.297  9431  9455 I com.magicleap.capi.sample.depth_camera: Detected 4 IR markers
03-13 19:52:20.297  9431  9455 I com.magicleap.capi.sample.depth_camera:   Marker 0: pixel(521.1, 196.8) 3D(0.280, -0.045, 0.381)m area=88 intensity=2006.9
03-13 19:52:20.297  9431  9455 I com.magicleap.capi.sample.depth_camera:   Marker 1: pixel(479.0, 232.8) 3D(0.256, -0.006, 0.426)m area=89 intensity=2041.9
03-13 19:52:20.297  9431  9455 I com.magicleap.capi.sample.depth_camera:   Marker 2: pixel(540.5, 239.3) 3D(0.331, 0.002, 0.413)m area=58 intensity=2039.3
03-13 19:52:20.297  9431  9455 I com.magicleap.capi.sample.depth_camera:   Marker 3: pixel(513.6, 270.7) 3D(0.335, 0.045, 0.472)m area=99 intensity=2140.4
03-13 19:52:20.297  9431  9455 V com.magicleap.capi.sample.depth_camera: ProcessFrame: 4 markers, 1 tools
03-13 19:52:20.297  9431  9455 V com.magicleap.capi.sample.depth_camera: TrackTool 'captured_tool': 0 candidates found
03-13 19:52:20.297  9431  9455 V com.magicleap.capi.sample.depth_camera: Tool 'captured_tool': TRACKED  pos=(0.236,0.176,0.828)
03-13 19:52:20.317  3482  3603 W Camera3-Device: No cvip timestamp  available
03-13 19:52:20.317  3379  3647 I MLMRCamera3Hal: ENTRY : processCaptureRequest
03-13 19:52:20.318  3379  3647 I MLMRCamera3Hal: EXIT : processCaptureRequest
03-13 19:52:20.351  3482  3603 W Camera3-Device: No cvip timestamp  available
03-13 19:52:20.351  3379  3647 I MLMRCamera3Hal: ENTRY : processCaptureRequest
03-13 19:52:20.351  3379  3647 I MLMRCamera3Hal: EXIT : processCaptureRequest
03-13 19:52:20.384  3482  3603 W Camera3-Device: No cvip timestamp  available
03-13 19:52:20.384  3379  3647 I MLMRCamera3Hal: ENTRY : processCaptureRequest
03-13 19:52:20.384  3379  3647 I MLMRCamera3Hal: EXIT : processCaptureRequest
03-13 19:52:20.417  3482  3603 W Camera3-Device: No cvip timestamp  available
03-13 19:52:20.418  3379  3647 I MLMRCamera3Hal: ENTRY : processCaptureRequest
03-13 19:52:20.418  3379  3647 I MLMRCamera3Hal: EXIT : processCaptureRequest
03-13 19:52:20.451  3482  3603 W Camera3-Device: No cvip timestamp  available
03-13 19:52:20.451  3379  3647 I MLMRCamera3Hal: ENTRY : processCaptureRequest
03-13 19:52:20.451  3379  3647 I MLMRCamera3Hal: EXIT : processCaptureRequest
03-13 19:52:20.483  3482  3603 W Camera3-Device: No cvip timestamp  available
03-13 19:52:20.484  3379  3647 I MLMRCamera3Hal: ENTRY : processCaptureRequest
03-13 19:52:20.484  3379  3647 I MLMRCamera3Hal: EXIT : processCaptureRequest
03-13 19:52:20.487  4383  4383 D BluetoothGatt: readRssi() - device: D4:15:3B:5C:97:20
03-13 19:52:20.498  9431  9455 I com.magicleap.capi.sample.depth_camera: processFrame called with frame_count: 1
03-13 19:52:20.498  9431  9455 I com.magicleap.capi.sample.depth_camera: === Frame 0 ===
03-13 19:52:20.498  9431  9455 I com.magicleap.capi.sample.depth_camera: Raw Depth Image: 544x480 pixels
03-13 19:52:20.498  9431  9455 I com.magicleap.capi.sample.depth_camera:   First 5 pixels: 3.36, 2.20, 1.97, 4.23, 4.70
03-13 19:52:20.498  9431  9455 I com.magicleap.capi.sample.depth_camera:   Center region min: 5.85, max: 45.47
03-13 19:52:20.498  9431  9455 I com.magicleap.capi.sample.depth_camera: Processed Depth Image: 544x480 pixels
03-13 19:52:20.498  9431  9455 I com.magicleap.capi.sample.depth_camera:   First 5 pixels (meters): 0.678, 0.823, 0.837, 0.418, 0.395
03-13 19:52:20.498  9431  9455 I com.magicleap.capi.sample.depth_camera:   Center region depth (m): min=0.535, max=0.847
03-13 19:52:20.498  9431  9455 I com.magicleap.capi.sample.depth_camera: Confidence Buffer: 544x480 pixels
03-13 19:52:20.498  9431  9455 I com.magicleap.capi.sample.depth_camera:   First 5 confidence values: -0.21, -0.33, -0.35, -0.20, -0.16
03-13 19:52:20.498  9431  9455 I com.magicleap.capi.sample.depth_camera:   Center region confidence: min=-0.12, max=-0.02, avg=-0.05
03-13 19:52:20.498  9431  9455 I com.magicleap.capi.sample.depth_camera: Ambient Raw Depth: 544x480 pixels
03-13 19:52:20.502  9431  9455 I com.magicleap.capi.sample.depth_camera: Detected 4 IR markers
03-13 19:52:20.502  9431  9455 I com.magicleap.capi.sample.depth_camera:   Marker 0: pixel(521.1, 198.0) 3D(0.273, -0.043, 0.371)m area=91 intensity=2035.4
03-13 19:52:20.502  9431  9455 I com.magicleap.capi.sample.depth_camera:   Marker 1: pixel(479.1, 234.2) 3D(0.268, -0.005, 0.447)m area=90 intensity=2065.5
03-13 19:52:20.502  9431  9455 I com.magicleap.capi.sample.depth_camera:   Marker 2: pixel(540.6, 240.7) 3D(0.329, 0.003, 0.411)m area=59 intensity=2036.4
03-13 19:52:20.502  9431  9455 I com.magicleap.capi.sample.depth_camera:   Marker 3: pixel(513.6, 272.0) 3D(0.309, 0.043, 0.435)m area=101 intensity=2092.1
03-13 19:52:20.503  9431  9455 V com.magicleap.capi.sample.depth_camera: ProcessFrame: 4 markers, 1 tools
03-13 19:52:20.503  9431  9455 V com.magicleap.capi.sample.depth_camera: TrackTool 'captured_tool': 0 candidates found
03-13 19:52:20.503  9431  9455 V com.magicleap.capi.sample.depth_camera: Tool 'captured_tool': TRACKED  pos=(0.236,0.176,0.828)
03-13 19:52:20.517  3482  3603 W Camera3-Device: No cvip timestamp  available
03-13 19:52:20.517  3379  3647 I MLMRCamera3Hal: ENTRY : processCaptureRequest
03-13 19:52:20.518  3379  3647 I MLMRCamera3Hal: EXIT : processCaptureRequest
03-13 19:52:20.550  3482  3603 W Camera3-Device: No cvip timestamp  available
03-13 19:52:20.551  3379  3647 I MLMRCamera3Hal: ENTRY : processCaptureRequest
03-13 19:52:20.551  3379  3647 I MLMRCamera3Hal: EXIT : processCaptureRequest
03-13 19:52:20.584  3482  3603 W Camera3-Device: No cvip timestamp  available
03-13 19:52:20.584  3379  3647 I MLMRCamera3Hal: ENTRY : processCaptureRequest
03-13 19:52:20.584  3379  3647 I MLMRCamera3Hal: EXIT : processCaptureRequest
03-13 19:52:20.617  3482  3603 W Camera3-Device: No cvip timestamp  available
03-13 19:52:20.617  3379  3647 I MLMRCamera3Hal: ENTRY : processCaptureRequest
03-13 19:52:20.618  3379  3647 I MLMRCamera3Hal: EXIT : processCaptureRequest
03-13 19:52:20.651  3482  3603 W Camera3-Device: No cvip timestamp  available
03-13 19:52:20.651  3379  3647 I MLMRCamera3Hal: ENTRY : processCaptureRequest
03-13 19:52:20.651  3379  3647 I MLMRCamera3Hal: EXIT : processCaptureRequest
03-13 19:52:20.684  3482  3603 W Camera3-Device: No cvip timestamp  available
03-13 19:52:20.684  3379  3647 I MLMRCamera3Hal: ENTRY : processCaptureRequest
03-13 19:52:20.684  3379  3647 I MLMRCamera3Hal: EXIT : processCaptureRequest
03-13 19:52:20.699  9431  9455 I com.magicleap.capi.sample.depth_camera: processFrame called with frame_count: 1
03-13 19:52:20.699  9431  9455 I com.magicleap.capi.sample.depth_camera: === Frame 0 ===
03-13 19:52:20.699  9431  9455 I com.magicleap.capi.sample.depth_camera: Raw Depth Image: 544x480 pixels
03-13 19:52:20.699  9431  9455 I com.magicleap.capi.sample.depth_camera:   First 5 pixels: 2.16, 3.55, 3.20, 3.67, 4.02
03-13 19:52:20.699  9431  9455 I com.magicleap.capi.sample.depth_camera:   Center region min: 6.12, max: 45.91
03-13 19:52:20.699  9431  9455 I com.magicleap.capi.sample.depth_camera: Processed Depth Image: 544x480 pixels
03-13 19:52:20.699  9431  9455 I com.magicleap.capi.sample.depth_camera:   First 5 pixels (meters): 0.773, 0.596, 0.303, 0.058, 0.118
03-13 19:52:20.699  9431  9455 I com.magicleap.capi.sample.depth_camera:   Center region depth (m): min=0.578, max=0.816
03-13 19:52:20.699  9431  9455 I com.magicleap.capi.sample.depth_camera: Confidence Buffer: 544x480 pixels
03-13 19:52:20.699  9431  9455 I com.magicleap.capi.sample.depth_camera:   First 5 confidence values: -0.34, -0.20, -0.25, -0.23, -0.19
03-13 19:52:20.699  9431  9455 I com.magicleap.capi.sample.depth_camera:   Center region confidence: min=-0.12, max=-0.02, avg=-0.05
03-13 19:52:20.699  9431  9455 I com.magicleap.capi.sample.depth_camera: Ambient Raw Depth: 544x480 pixels
03-13 19:52:20.702  9431  9455 I com.magicleap.capi.sample.depth_camera: Detected 4 IR markers
03-13 19:52:20.702  9431  9455 I com.magicleap.capi.sample.depth_camera:   Marker 0: pixel(520.6, 198.4) 3D(0.281, -0.044, 0.382)m area=88 intensity=2002.0
03-13 19:52:20.702  9431  9455 I com.magicleap.capi.sample.depth_camera:   Marker 1: pixel(478.8, 234.4) 3D(0.266, -0.004, 0.444)m area=89 intensity=2047.8
03-13 19:52:20.702  9431  9455 I com.magicleap.capi.sample.depth_camera:   Marker 2: pixel(540.5, 240.7) 3D(0.331, 0.004, 0.413)m area=61 intensity=2047.4
03-13 19:52:20.702  9431  9455 I com.magicleap.capi.sample.depth_camera:   Marker 3: pixel(513.4, 272.2) 3D(0.290, 0.040, 0.409)m area=102 intensity=2046.7
03-13 19:52:20.702  9431  9455 V com.magicleap.capi.sample.depth_camera: ProcessFrame: 4 markers, 1 tools
03-13 19:52:20.702  9431  9455 V com.magicleap.capi.sample.depth_camera: TrackTool 'captured_tool': 0 candidates found
03-13 19:52:20.702  9431  9455 V com.magicleap.capi.sample.depth_camera: Tool 'captured_tool': TRACKED  pos=(0.236,0.176,0.828)
03-13 19:52:20.717  3482  3603 W Camera3-Device: No cvip timestamp  available
03-13 19:52:20.718  3379  3647 I MLMRCamera3Hal: ENTRY : processCaptureRequest
03-13 19:52:20.718  3379  3647 I MLMRCamera3Hal: EXIT : processCaptureRequest
03-13 19:52:20.752  3482  3603 W Camera3-Device: No cvip timestamp  available
03-13 19:52:20.752  3379  3647 I MLMRCamera3Hal: ENTRY : processCaptureRequest
03-13 19:52:20.752  3379  3647 I MLMRCamera3Hal: EXIT : processCaptureRequest
03-13 19:52:20.784  3482  3603 W Camera3-Device: No cvip timestamp  available
03-13 19:52:20.784  3379  3647 I MLMRCamera3Hal: ENTRY : processCaptureRequest
03-13 19:52:20.785  3379  3647 I MLMRCamera3Hal: EXIT : processCaptureRequest
03-13 19:52:20.817  3482  3603 W Camera3-Device: No cvip timestamp  available
03-13 19:52:20.817  3379  3647 I MLMRCamera3Hal: ENTRY : processCaptureRequest
03-13 19:52:20.818  3379  3647 I MLMRCamera3Hal: EXIT : processCaptureRequest
03-13 19:52:20.851  3482  3603 W Camera3-Device: No cvip timestamp  available
03-13 19:52:20.851  3379  3647 I MLMRCamera3Hal: ENTRY : processCaptureRequest
03-13 19:52:20.852  3379  3647 I MLMRCamera3Hal: EXIT : processCaptureRequest
03-13 19:52:20.880  3521  3521 W HwBinder:3521_4: type=1400 audit(0.0:296904): avc: denied { search } for name="traces" dev="nvme0n1p37" ino=8003587 scontext=u:r:mediacodec:s0 tcontext=u:object_r:trace_data_file:s0 tclass=dir permissive=0
03-13 19:52:20.884  3482  3603 W Camera3-Device: No cvip timestamp  available
03-13 19:52:20.884  3379  3647 I MLMRCamera3Hal: ENTRY : processCaptureRequest
03-13 19:52:20.884  3379  3647 I MLMRCamera3Hal: EXIT : processCaptureRequest
03-13 19:52:20.898  9431  9455 I com.magicleap.capi.sample.depth_camera: processFrame called with frame_count: 1
03-13 19:52:20.898  9431  9455 I com.magicleap.capi.sample.depth_camera: === Frame 0 ===
03-13 19:52:20.898  9431  9455 I com.magicleap.capi.sample.depth_camera: Raw Depth Image: 544x480 pixels
03-13 19:52:20.898  9431  9455 I com.magicleap.capi.sample.depth_camera:   First 5 pixels: 2.13, 3.00, 2.70, 2.49, 1.47
03-13 19:52:20.898  9431  9455 I com.magicleap.capi.sample.depth_camera:   Center region min: 5.87, max: 42.25
03-13 19:52:20.898  9431  9455 I com.magicleap.capi.sample.depth_camera: Processed Depth Image: 544x480 pixels
03-13 19:52:20.898  9431  9455 I com.magicleap.capi.sample.depth_camera:   First 5 pixels (meters): 0.756, 0.597, 0.530, 1.076, 1.334
03-13 19:52:20.898  9431  9455 I com.magicleap.capi.sample.depth_camera:   Center region depth (m): min=0.621, max=0.802
03-13 19:52:20.898  9431  9455 I com.magicleap.capi.sample.depth_camera: Confidence Buffer: 544x480 pixels
03-13 19:52:20.898  9431  9455 I com.magicleap.capi.sample.depth_camera:   First 5 confidence values: -0.69, -0.24, -0.26, -0.29, -0.51
03-13 19:52:20.898  9431  9455 I com.magicleap.capi.sample.depth_camera:   Center region confidence: min=-0.12, max=-0.02, avg=-0.05
03-13 19:52:20.898  9431  9455 I com.magicleap.capi.sample.depth_camera: Ambient Raw Depth: 544x480 pixels
03-13 19:52:20.902  9431  9455 I com.magicleap.capi.sample.depth_camera: Detected 4 IR markers
03-13 19:52:20.902  9431  9455 I com.magicleap.capi.sample.depth_camera:   Marker 0: pixel(519.6, 199.5) 3D(0.265, -0.040, 0.362)m area=90 intensity=2032.1
03-13 19:52:20.902  9431  9455 I com.magicleap.capi.sample.depth_camera:   Marker 1: pixel(478.0, 235.5) 3D(0.269, -0.003, 0.451)m area=91 intensity=2062.6
03-13 19:52:20.902  9431  9455 I com.magicleap.capi.sample.depth_camera:   Marker 2: pixel(540.0, 241.8) 3D(0.319, 0.005, 0.399)m area=72 intensity=2057.1
03-13 19:52:20.902  9431  9455 I com.magicleap.capi.sample.depth_camera:   Marker 3: pixel(512.5, 273.3) 3D(0.333, 0.048, 0.471)m area=98 intensity=2142.9
03-13 19:52:20.903  9431  9455 V com.magicleap.capi.sample.depth_camera: ProcessFrame: 4 markers, 1 tools
03-13 19:52:20.903  9431  9455 V com.magicleap.capi.sample.depth_camera: TrackTool 'captured_tool': 0 candidates found
03-13 19:52:20.903  9431  9455 V com.magicleap.capi.sample.depth_camera: Tool 'captured_tool': TRACKED  pos=(0.236,0.176,0.828)
03-13 19:52:20.912  3521  3521 W HwBinder:3521_4: type=1400 audit(0.0:296905): avc: denied { search } for name="traces" dev="nvme0n1p37" ino=8003587 scontext=u:r:mediacodec:s0 tcontext=u:object_r:trace_data_file:s0 tclass=dir permissive=0
03-13 19:52:20.917  3482  3603 W Camera3-Device: No cvip timestamp  available
03-13 19:52:20.918  3379  3647 I MLMRCamera3Hal: ENTRY : processCaptureRequest
03-13 19:52:20.918  3379  3647 I MLMRCamera3Hal: EXIT : processCaptureRequest
03-13 19:52:20.944  3521  3521 W HwBinder:3521_4: type=1400 audit(0.0:296906): avc: denied { search } for name="traces" dev="nvme0n1p37" ino=8003587 scontext=u:r:mediacodec:s0 tcontext=u:object_r:trace_data_file:s0 tclass=dir permissive=0
03-13 19:52:20.951  3482  3603 W Camera3-Device: No cvip timestamp  available
03-13 19:52:20.951  3379  3647 I MLMRCamera3Hal: ENTRY : processCaptureRequest
03-13 19:52:20.951  3379  3647 I MLMRCamera3Hal: EXIT : processCaptureRequest
03-13 19:52:20.980  3521  3521 W HwBinder:3521_4: type=1400 audit(0.0:296907): avc: denied { search } for name="traces" dev="nvme0n1p37" ino=8003587 scontext=u:r:mediacodec:s0 tcontext=u:object_r:trace_data_file:s0 tclass=dir permissive=0
03-13 19:52:20.984  3482  3603 W Camera3-Device: No cvip timestamp  available
03-13 19:52:20.985  3379  3647 I MLMRCamera3Hal: ENTRY : processCaptureRequest
03-13 19:52:20.985  3379  3647 I MLMRCamera3Hal: EXIT : processCaptureRequest
03-13 19:52:21.012  3521  3521 W HwBinder:3521_4: type=1400 audit(0.0:296908): avc: denied { search } for name="traces" dev="nvme0n1p37" ino=8003587 scontext=u:r:mediacodec:s0 tcontext=u:object_r:trace_data_file:s0 tclass=dir permissive=0
03-13 19:52:21.017  3482  3603 W Camera3-Device: No cvip timestamp  available
03-13 19:52:21.018  3379  3647 I MLMRCamera3Hal: ENTRY : processCaptureRequest
03-13 19:52:21.018  3379  3647 I MLMRCamera3Hal: EXIT : processCaptureRequest
03-13 19:52:21.051  3482  3603 W Camera3-Device: No cvip timestamp  available
03-13 19:52:21.051  3379  3647 I MLMRCamera3Hal: ENTRY : processCaptureRequest
03-13 19:52:21.051  3379  3647 I MLMRCamera3Hal: EXIT : processCaptureRequest
03-13 19:52:21.084  3482  3603 W Camera3-Device: No cvip timestamp  available
03-13 19:52:21.084  3379  3647 I MLMRCamera3Hal: ENTRY : processCaptureRequest
03-13 19:52:21.084  3379  3647 I MLMRCamera3Hal: EXIT : processCaptureRequest
03-13 19:52:21.102  9431  9455 I com.magicleap.capi.sample.depth_camera: processFrame called with frame_count: 1
03-13 19:52:21.102  9431  9455 I com.magicleap.capi.sample.depth_camera: === Frame 0 ===
03-13 19:52:21.102  9431  9455 I com.magicleap.capi.sample.depth_camera: Raw Depth Image: 544x480 pixels
03-13 19:52:21.102  9431  9455 I com.magicleap.capi.sample.depth_camera:   First 5 pixels: 2.13, 2.68, 2.88, 2.74, 2.99
03-13 19:52:21.102  9431  9455 I com.magicleap.capi.sample.depth_camera:   Center region min: 5.90, max: 38.94
03-13 19:52:21.102  9431  9455 I com.magicleap.capi.sample.depth_camera: Processed Depth Image: 544x480 pixels
03-13 19:52:21.102  9431  9455 I com.magicleap.capi.sample.depth_camera:   First 5 pixels (meters): 1.573, 1.562, 0.908, 0.884, 1.221
03-13 19:52:21.102  9431  9455 I com.magicleap.capi.sample.depth_camera:   Center region depth (m): min=0.585, max=0.836
03-13 19:52:21.102  9431  9455 I com.magicleap.capi.sample.depth_camera: Confidence Buffer: 544x480 pixels
03-13 19:52:21.102  9431  9455 I com.magicleap.capi.sample.depth_camera:   First 5 confidence values: -0.33, -0.30, -0.26, -0.27, -0.23
03-13 19:52:21.102  9431  9455 I com.magicleap.capi.sample.depth_camera:   Center region confidence: min=-0.12, max=-0.02, avg=-0.05
03-13 19:52:21.102  9431  9455 I com.magicleap.capi.sample.depth_camera: Ambient Raw Depth: 544x480 pixels
03-13 19:52:21.106  9431  9455 I com.magicleap.capi.sample.depth_camera: Detected 4 IR markers
03-13 19:52:21.106  9431  9455 I com.magicleap.capi.sample.depth_camera:   Marker 0: pixel(519.3, 199.5) 3D(0.271, -0.041, 0.372)m area=92 intensity=2006.6
03-13 19:52:21.106  9431  9455 I com.magicleap.capi.sample.depth_camera:   Marker 1: pixel(477.7, 235.5) 3D(0.274, -0.003, 0.460)m area=90 intensity=2068.1
03-13 19:52:21.106  9431  9455 I com.magicleap.capi.sample.depth_camera:   Marker 2: pixel(539.9, 241.8) 3D(0.320, 0.005, 0.401)m area=76 intensity=2056.1
03-13 19:52:21.106  9431  9455 I com.magicleap.capi.sample.depth_camera:   Marker 3: pixel(512.1, 273.5) 3D(0.327, 0.048, 0.464)m area=99 intensity=2126.9
03-13 19:52:21.106  9431  9455 V com.magicleap.capi.sample.depth_camera: ProcessFrame: 4 markers, 1 tools
03-13 19:52:21.106  9431  9455 V com.magicleap.capi.sample.depth_camera: TrackTool 'captured_tool': 0 candidates found
03-13 19:52:21.106  9431  9455 V com.magicleap.capi.sample.depth_camera: Tool 'captured_tool': TRACKED  pos=(0.236,0.176,0.828)
03-13 19:52:21.117  3482  3603 W Camera3-Device: No cvip timestamp  available
03-13 19:52:21.118  3379  3647 I MLMRCamera3Hal: ENTRY : processCaptureRequest
03-13 19:52:21.118  3379  3647 I MLMRCamera3Hal: EXIT : processCaptureRequest
03-13 19:52:21.151  3482  3603 W Camera3-Device: No cvip timestamp  available
03-13 19:52:21.151  3379  3647 I MLMRCamera3Hal: ENTRY : processCaptureRequest
03-13 19:52:21.151  3379  3647 I MLMRCamera3Hal: EXIT : processCaptureRequest
03-13 19:52:21.184  3482  3603 W Camera3-Device: No cvip timestamp  available
03-13 19:52:21.184  3379  3647 I MLMRCamera3Hal: ENTRY : processCaptureRequest
03-13 19:52:21.185  3379  3647 I MLMRCamera3Hal: EXIT : processCaptureRequest
03-13 19:52:21.219  3482  3603 W Camera3-Device: No cvip timestamp  available
03-13 19:52:21.220  3379  3647 I MLMRCamera3Hal: ENTRY : processCaptureRequest
03-13 19:52:21.220  3379  3647 I MLMRCamera3Hal: EXIT : processCaptureRequest
03-13 19:52:21.251  3482  3603 W Camera3-Device: No cvip timestamp  available
03-13 19:52:21.251  3379  3647 I MLMRCamera3Hal: ENTRY : processCaptureRequest
03-13 19:52:21.252  3379  3647 I MLMRCamera3Hal: EXIT : processCaptureRequest
03-13 19:52:21.284  3482  3603 W Camera3-Device: No cvip timestamp  available
03-13 19:52:21.284  3379  3647 I MLMRCamera3Hal: ENTRY : processCaptureRequest
03-13 19:52:21.285  3379  3647 I MLMRCamera3Hal: EXIT : processCaptureRequest
03-13 19:52:21.297  9431  9455 I com.magicleap.capi.sample.depth_camera: processFrame called with frame_count: 1
03-13 19:52:21.297  9431  9455 I com.magicleap.capi.sample.depth_camera: === Frame 0 ===
03-13 19:52:21.297  9431  9455 I com.magicleap.capi.sample.depth_camera: Raw Depth Image: 544x480 pixels
03-13 19:52:21.297  9431  9455 I com.magicleap.capi.sample.depth_camera:   First 5 pixels: 3.80, 3.76, 2.58, 1.12, 2.14
03-13 19:52:21.297  9431  9455 I com.magicleap.capi.sample.depth_camera:   Center region min: 3.44, max: 37.62
03-13 19:52:21.297  9431  9455 I com.magicleap.capi.sample.depth_camera: Processed Depth Image: 544x480 pixels
03-13 19:52:21.297  9431  9455 I com.magicleap.capi.sample.depth_camera:   First 5 pixels (meters): 0.824, 0.870, 0.097, 0.183, 1.093
03-13 19:52:21.297  9431  9455 I com.magicleap.capi.sample.depth_camera:   Center region depth (m): min=0.584, max=0.824
03-13 19:52:21.297  9431  9455 I com.magicleap.capi.sample.depth_camera: Confidence Buffer: 544x480 pixels
03-13 19:52:21.297  9431  9455 I com.magicleap.capi.sample.depth_camera:   First 5 confidence values: -0.18, -0.18, -0.41, -0.61, -0.40
03-13 19:52:21.297  9431  9455 I com.magicleap.capi.sample.depth_camera:   Center region confidence: min=-0.25, max=-0.02, avg=-0.05
03-13 19:52:21.297  9431  9455 I com.magicleap.capi.sample.depth_camera: Ambient Raw Depth: 544x480 pixels
03-13 19:52:21.301  9431  9455 I com.magicleap.capi.sample.depth_camera: Detected 4 IR markers
03-13 19:52:21.301  9431  9455 I com.magicleap.capi.sample.depth_camera:   Marker 0: pixel(518.6, 199.4) 3D(0.262, -0.040, 0.361)m area=88 intensity=2028.5
03-13 19:52:21.301  9431  9455 I com.magicleap.capi.sample.depth_camera:   Marker 1: pixel(477.1, 235.4) 3D(0.267, -0.003, 0.450)m area=88 intensity=2062.1
03-13 19:52:21.301  9431  9455 I com.magicleap.capi.sample.depth_camera:   Marker 2: pixel(539.4, 241.5) 3D(0.330, 0.004, 0.414)m area=83 intensity=2064.1
03-13 19:52:21.301  9431  9455 I com.magicleap.capi.sample.depth_camera:   Marker 3: pixel(511.5, 273.1) 3D(0.329, 0.047, 0.468)m area=103 intensity=2126.4
03-13 19:52:21.301  9431  9455 V com.magicleap.capi.sample.depth_camera: ProcessFrame: 4 markers, 1 tools
03-13 19:52:21.301  9431  9455 V com.magicleap.capi.sample.depth_camera: TrackTool 'captured_tool': 0 candidates found
03-13 19:52:21.301  9431  9455 V com.magicleap.capi.sample.depth_camera: Tool 'captured_tool': TRACKED  pos=(0.236,0.176,0.828)
03-13 19:52:21.318  3482  3603 W Camera3-Device: No cvip timestamp  available
03-13 19:52:21.318  3379  3647 I MLMRCamera3Hal: ENTRY : processCaptureRequest
03-13 19:52:21.318  3379  3647 I MLMRCamera3Hal: EXIT : processCaptureRequest
03-13 19:52:21.353  3482  3603 W Camera3-Device: No cvip timestamp  available
03-13 19:52:21.353  3379  3647 I MLMRCamera3Hal: ENTRY : processCaptureRequest
03-13 19:52:21.353  3379  3647 I MLMRCamera3Hal: EXIT : processCaptureRequest
03-13 19:52:21.384  3482  3603 W Camera3-Device: No cvip timestamp  available
03-13 19:52:21.385  3379  3647 I MLMRCamera3Hal: ENTRY : processCaptureRequest
03-13 19:52:21.385  3379  3647 I MLMRCamera3Hal: EXIT : processCaptureRequest
03-13 19:52:21.403  6087  6169 I vcamdmmcontroller_service: nova/frameworks/services/perception_services/vcamdmmcontroller_svc/bin/src/main.cpp(182) ListenOnZpad():
03-13 19:52:21.403  6087  6169 I vcamdmmcontroller_service: INF: ZPAD PW_MS_CONTROL_ZPAD still waiting...
03-13 19:52:21.419  3482  3603 W Camera3-Device: No cvip timestamp  available
03-13 19:52:21.420  3379  3647 I MLMRCamera3Hal: ENTRY : processCaptureRequest
03-13 19:52:21.420  3379  3647 I MLMRCamera3Hal: EXIT : processCaptureRequest
03-13 19:52:21.451  3482  3603 W Camera3-Device: No cvip timestamp  available
03-13 19:52:21.452  3379  3647 I MLMRCamera3Hal: ENTRY : processCaptureRequest
03-13 19:52:21.452  3379  3647 I MLMRCamera3Hal: EXIT : processCaptureRequest
03-13 19:52:21.486  3482  3603 W Camera3-Device: No cvip timestamp  available
03-13 19:52:21.486  3379  3647 I MLMRCamera3Hal: ENTRY : processCaptureRequest
03-13 19:52:21.486  3379  3647 I MLMRCamera3Hal: EXIT : processCaptureRequest
03-13 19:52:21.488  4383  4383 D BluetoothGatt: readRssi() - device: D4:15:3B:5C:97:20
03-13 19:52:21.499  9431  9455 I com.magicleap.capi.sample.depth_camera: processFrame called with frame_count: 1
03-13 19:52:21.499  9431  9455 I com.magicleap.capi.sample.depth_camera: === Frame 0 ===
03-13 19:52:21.499  9431  9455 I com.magicleap.capi.sample.depth_camera: Raw Depth Image: 544x480 pixels
03-13 19:52:21.499  9431  9455 I com.magicleap.capi.sample.depth_camera:   First 5 pixels: 2.23, 2.54, 3.03, 3.22, 2.02
03-13 19:52:21.499  9431  9455 I com.magicleap.capi.sample.depth_camera:   Center region min: 5.94, max: 35.56
03-13 19:52:21.499  9431  9455 I com.magicleap.capi.sample.depth_camera: Processed Depth Image: 544x480 pixels
03-13 19:52:21.499  9431  9455 I com.magicleap.capi.sample.depth_camera:   First 5 pixels (meters): 0.838, 0.731, 1.016, 0.891, 0.838
03-13 19:52:21.499  9431  9455 I com.magicleap.capi.sample.depth_camera:   Center region depth (m): min=0.607, max=0.813
03-13 19:52:21.499  9431  9455 I com.magicleap.capi.sample.depth_camera: Confidence Buffer: 544x480 pixels
03-13 19:52:21.499  9431  9455 I com.magicleap.capi.sample.depth_camera:   First 5 confidence values: -0.34, -0.27, -0.24, -0.22, -0.36
03-13 19:52:21.499  9431  9455 I com.magicleap.capi.sample.depth_camera:   Center region confidence: min=-0.12, max=-0.02, avg=-0.05
03-13 19:52:21.499  9431  9455 I com.magicleap.capi.sample.depth_camera: Ambient Raw Depth: 544x480 pixels
03-13 19:52:21.503  9431  9455 I com.magicleap.capi.sample.depth_camera: Detected 4 IR markers
03-13 19:52:21.503  9431  9455 I com.magicleap.capi.sample.depth_camera:   Marker 0: pixel(518.4, 199.4) 3D(0.255, -0.039, 0.351)m area=86 intensity=2042.9
03-13 19:52:21.503  9431  9455 I com.magicleap.capi.sample.depth_camera:   Marker 1: pixel(476.9, 235.4) 3D(0.273, -0.003, 0.461)m area=87 intensity=2080.8
03-13 19:52:21.504  9431  9455 I com.magicleap.capi.sample.depth_camera:   Marker 2: pixel(539.3, 241.4) 3D(0.327, 0.004, 0.411)m area=83 intensity=2061.1
03-13 19:52:21.504  9431  9455 I com.magicleap.capi.sample.depth_camera:   Marker 3: pixel(511.5, 273.1) 3D(0.330, 0.048, 0.470)m area=102 intensity=2131.9
03-13 19:52:21.504  9431  9455 V com.magicleap.capi.sample.depth_camera: ProcessFrame: 4 markers, 1 tools
03-13 19:52:21.504  9431  9455 V com.magicleap.capi.sample.depth_camera: TrackTool 'captured_tool': 0 candidates found
03-13 19:52:21.504  9431  9455 V com.magicleap.capi.sample.depth_camera: Tool 'captured_tool': TRACKED  pos=(0.236,0.176,0.828)
03-13 19:52:21.519  3482  3603 W Camera3-Device: No cvip timestamp  available
03-13 19:52:21.520  3379  3647 I MLMRCamera3Hal: ENTRY : processCaptureRequest
03-13 19:52:21.520  3379  3647 I MLMRCamera3Hal: EXIT : processCaptureRequest
03-13 19:52:21.553  3482  3603 W Camera3-Device: No cvip timestamp  available
03-13 19:52:21.553  3379  3647 I MLMRCamera3Hal: ENTRY : processCaptureRequest
03-13 19:52:21.553  3379  3647 I MLMRCamera3Hal: EXIT : processCaptureRequest
03-13 19:52:21.587  3482  3603 W Camera3-Device: No cvip timestamp  available
03-13 19:52:21.587  3379  3647 I MLMRCamera3Hal: ENTRY : processCaptureRequest
03-13 19:52:21.587  3379  3647 I MLMRCamera3Hal: EXIT : processCaptureRequest
03-13 19:52:21.619  3482  3603 W Camera3-Device: No cvip timestamp  available
03-13 19:52:21.620  3379  3647 I MLMRCamera3Hal: ENTRY : processCaptureRequest
03-13 19:52:21.620  3379  3647 I MLMRCamera3Hal: EXIT : processCaptureRequest
03-13 19:52:21.653  3482  3603 W Camera3-Device: No cvip timestamp  available
03-13 19:52:21.653  3379  3647 I MLMRCamera3Hal: ENTRY : processCaptureRequest
03-13 19:52:21.654  3379  3647 I MLMRCamera3Hal: EXIT : processCaptureRequest
03-13 19:52:21.659  6087  6170 I vcamdmmcontroller_service: nova/frameworks/services/perception_services/vcamdmmcontroller_svc/bin/src/main.cpp(182) ListenOnZpad():
03-13 19:52:21.659  6087  6170 I vcamdmmcontroller_service: INF: ZPAD PW_CONFIG_MAPPING_MODE_ZPAD still waiting...
03-13 19:52:21.686  3482  3603 W Camera3-Device: No cvip timestamp  available
03-13 19:52:21.686  3379  3647 I MLMRCamera3Hal: ENTRY : processCaptureRequest
03-13 19:52:21.686  3379  3647 I MLMRCamera3Hal: EXIT : processCaptureRequest
03-13 19:52:21.699  9431  9455 I com.magicleap.capi.sample.depth_camera: processFrame called with frame_count: 1
03-13 19:52:21.699  9431  9455 I com.magicleap.capi.sample.depth_camera: === Frame 0 ===
03-13 19:52:21.699  9431  9455 I com.magicleap.capi.sample.depth_camera: Raw Depth Image: 544x480 pixels
03-13 19:52:21.699  9431  9455 I com.magicleap.capi.sample.depth_camera:   First 5 pixels: 1.84, 4.10, 5.98, 6.62, 3.96
03-13 19:52:21.699  9431  9455 I com.magicleap.capi.sample.depth_camera:   Center region min: 3.32, max: 33.56
03-13 19:52:21.699  9431  9455 I com.magicleap.capi.sample.depth_camera: Processed Depth Image: 544x480 pixels
03-13 19:52:21.699  9431  9455 I com.magicleap.capi.sample.depth_camera:   First 5 pixels (meters): 0.919, 0.674, 0.657, 0.715, 0.294
03-13 19:52:21.699  9431  9455 I com.magicleap.capi.sample.depth_camera:   Center region depth (m): min=0.591, max=0.819
03-13 19:52:21.699  9431  9455 I com.magicleap.capi.sample.depth_camera: Confidence Buffer: 544x480 pixels
03-13 19:52:21.699  9431  9455 I com.magicleap.capi.sample.depth_camera:   First 5 confidence values: -0.45, -0.19, -0.12, -0.10, -0.38
03-13 19:52:21.699  9431  9455 I com.magicleap.capi.sample.depth_camera:   Center region confidence: min=-0.21, max=-0.02, avg=-0.05
03-13 19:52:21.699  9431  9455 I com.magicleap.capi.sample.depth_camera: Ambient Raw Depth: 544x480 pixels
03-13 19:52:21.702  9431  9455 I com.magicleap.capi.sample.depth_camera: Detected 4 IR markers
03-13 19:52:21.702  9431  9455 I com.magicleap.capi.sample.depth_camera:   Marker 0: pixel(518.0, 199.1) 3D(0.253, -0.039, 0.349)m area=92 intensity=2051.9
03-13 19:52:21.702  9431  9455 I com.magicleap.capi.sample.depth_camera:   Marker 1: pixel(476.3, 235.3) 3D(0.264, -0.003, 0.446)m area=86 intensity=2058.8
03-13 19:52:21.702  9431  9455 I com.magicleap.capi.sample.depth_camera:   Marker 2: pixel(539.2, 241.3) 3D(0.324, 0.004, 0.407)m area=87 intensity=2054.6
03-13 19:52:21.702  9431  9455 I com.magicleap.capi.sample.depth_camera:   Marker 3: pixel(511.1, 273.1) 3D(0.330, 0.048, 0.470)m area=97 intensity=2129.9
03-13 19:52:21.703  9431  9455 V com.magicleap.capi.sample.depth_camera: ProcessFrame: 4 markers, 1 tools
03-13 19:52:21.703  9431  9455 V com.magicleap.capi.sample.depth_camera: TrackTool 'captured_tool': 0 candidates found
03-13 19:52:21.703  9431  9455 V com.magicleap.capi.sample.depth_camera: Tool 'captured_tool': TRACKED  pos=(0.236,0.176,0.828)
03-13 19:52:21.719  3482  3603 W Camera3-Device: No cvip timestamp  available
03-13 19:52:21.720  3379  3647 I MLMRCamera3Hal: ENTRY : processCaptureRequest
03-13 19:52:21.720  3379  3647 I MLMRCamera3Hal: EXIT : processCaptureRequest
03-13 19:52:21.753  3482  3603 W Camera3-Device: No cvip timestamp  available
03-13 19:52:21.753  3379  3647 I MLMRCamera3Hal: ENTRY : processCaptureRequest
03-13 19:52:21.754  3379  3647 I MLMRCamera3Hal: EXIT : processCaptureRequest
03-13 19:52:21.786  3482  3603 W Camera3-Device: No cvip timestamp  available
03-13 19:52:21.787  3379  3647 I MLMRCamera3Hal: ENTRY : processCaptureRequest
03-13 19:52:21.787  3379  3647 I MLMRCamera3Hal: EXIT : processCaptureRequest
03-13 19:52:21.819  3482  3603 W Camera3-Device: No cvip timestamp  available
03-13 19:52:21.819  3379  3647 I MLMRCamera3Hal: ENTRY : processCaptureRequest
03-13 19:52:21.820  3379  3647 I MLMRCamera3Hal: EXIT : processCaptureRequest
03-13 19:52:21.853  3482  3603 W Camera3-Device: No cvip timestamp  available
03-13 19:52:21.853  3379  3647 I MLMRCamera3Hal: ENTRY : processCaptureRequest
03-13 19:52:21.854  3379  3647 I MLMRCamera3Hal: EXIT : processCaptureRequest
03-13 19:52:21.886  3482  3603 W Camera3-Device: No cvip timestamp  available
03-13 19:52:21.887  3379  3647 I MLMRCamera3Hal: ENTRY : processCaptureRequest
03-13 19:52:21.887  3379  3647 I MLMRCamera3Hal: EXIT : processCaptureRequest
03-13 19:52:21.900  9431  9455 I com.magicleap.capi.sample.depth_camera: processFrame called with frame_count: 1
03-13 19:52:21.900  9431  9455 I com.magicleap.capi.sample.depth_camera: === Frame 0 ===
03-13 19:52:21.900  9431  9455 I com.magicleap.capi.sample.depth_camera: Raw Depth Image: 544x480 pixels
03-13 19:52:21.900  9431  9455 I com.magicleap.capi.sample.depth_camera:   First 5 pixels: 3.42, 3.45, 2.92, 3.00, 2.21
03-13 19:52:21.900  9431  9455 I com.magicleap.capi.sample.depth_camera:   Center region min: 5.00, max: 33.38
03-13 19:52:21.900  9431  9455 I com.magicleap.capi.sample.depth_camera: Processed Depth Image: 544x480 pixels
03-13 19:52:21.900  9431  9455 I com.magicleap.capi.sample.depth_camera:   First 5 pixels (meters): 1.504, 0.841, 0.247, 0.283, 0.359
03-13 19:52:21.900  9431  9455 I com.magicleap.capi.sample.depth_camera:   Center region depth (m): min=0.616, max=0.833
03-13 19:52:21.900  9431  9455 I com.magicleap.capi.sample.depth_camera: Confidence Buffer: 544x480 pixels
03-13 19:52:21.900  9431  9455 I com.magicleap.capi.sample.depth_camera:   First 5 confidence values: -0.24, -0.23, -0.25, -0.24, -0.31
03-13 19:52:21.900  9431  9455 I com.magicleap.capi.sample.depth_camera:   Center region confidence: min=-0.14, max=-0.02, avg=-0.05
03-13 19:52:21.900  9431  9455 I com.magicleap.capi.sample.depth_camera: Ambient Raw Depth: 544x480 pixels
03-13 19:52:21.904  9431  9455 I com.magicleap.capi.sample.depth_camera: Detected 4 IR markers
03-13 19:52:21.904  9431  9455 I com.magicleap.capi.sample.depth_camera:   Marker 0: pixel(517.8, 198.8) 3D(0.277, -0.043, 0.382)m area=89 intensity=1999.6
03-13 19:52:21.904  9431  9455 I com.magicleap.capi.sample.depth_camera:   Marker 1: pixel(476.1, 235.1) 3D(0.267, -0.003, 0.451)m area=90 intensity=2066.3
03-13 19:52:21.904  9431  9455 I com.magicleap.capi.sample.depth_camera:   Marker 2: pixel(538.9, 241.0) 3D(0.341, 0.004, 0.429)m area=91 intensity=2087.8
03-13 19:52:21.904  9431  9455 I com.magicleap.capi.sample.depth_camera:   Marker 3: pixel(510.8, 272.6) 3D(0.305, 0.043, 0.434)m area=95 intensity=2102.0
03-13 19:52:21.905  9431  9455 V com.magicleap.capi.sample.depth_camera: ProcessFrame: 4 markers, 1 tools
03-13 19:52:21.905  9431  9455 V com.magicleap.capi.sample.depth_camera: TrackTool 'captured_tool': 0 candidates found
03-13 19:52:21.905  9431  9455 V com.magicleap.capi.sample.depth_camera: Tool 'captured_tool': TRACKED  pos=(0.236,0.176,0.828)
03-13 19:52:21.912 25828 25828 W ip      : type=1400 audit(0.0:296935): avc: denied { search } for name="net" dev="nvme0n1p37" ino=9216012 scontext=u:r:shell:s0 tcontext=u:object_r:net_data_file:s0 tclass=dir permissive=0
03-13 19:52:21.920  3482  3603 W Camera3-Device: No cvip timestamp  available
03-13 19:52:21.920  3379  3647 I MLMRCamera3Hal: ENTRY : processCaptureRequest
03-13 19:52:21.920  3379  3647 I MLMRCamera3Hal: EXIT : processCaptureRequest
03-13 19:52:21.931 25832 25832 I TotemServiceCLI: Controller: Commandline: 'controller info'
03-13 19:52:21.931  4383  4401 I TotemService: Listeners: Registered (listener) for UID 2000 PID 25832
03-13 19:52:21.932  4383  4401 I TotemService: Listeners: Unregistered (listener) for UID 2000 PID 25832
03-13 19:52:21.948  3521  3521 W HwBinder:3521_4: type=1400 audit(0.0:296937): avc: denied { search } for name="traces" dev="nvme0n1p37" ino=8003587 scontext=u:r:mediacodec:s0 tcontext=u:object_r:trace_data_file:s0 tclass=dir permissive=0
03-13 19:52:21.954  3482  3603 W Camera3-Device: No cvip timestamp  available
03-13 19:52:21.955  3379  3647 I MLMRCamera3Hal: ENTRY : processCaptureRequest
03-13 19:52:21.955  3379  3647 I MLMRCamera3Hal: EXIT : processCaptureRequest
03-13 19:52:21.952 25858 25858 W ip      : type=1400 audit(0.0:296938): avc: denied { search } for name="net" dev="nvme0n1p37" ino=9216012 scontext=u:r:shell:s0 tcontext=u:object_r:net_data_file:s0 tclass=dir permissive=0
03-13 19:52:21.962  4739  5260 I ControlService: nova/frameworks/services/controlservice/service/src/control_adapter.cpp(401) printStatistics():
03-13 19:52:21.962  4739  5260 I ControlService: ALW: TT-controlService,ControlAdapter,reason=stats:Constellation msgs_ps=0.299551, fail_ps=0, latency_ms=0, requests=3, failure=0
03-13 19:52:21.962  4739  5260 I ControlService: nova/frameworks/services/controlservice/service/src/control_adapter.cpp(401) printStatistics():
03-13 19:52:21.962  4739  5260 I ControlService: ALW: TT-controlService,ControlAdapter,reason=stats:LedSync msgs_ps=0.798802, fail_ps=0, latency_ms=13.125, requests=8, failure=0
03-13 19:52:21.980  3521  3521 W HwBinder:3521_4: type=1400 audit(0.0:296939): avc: denied { search } for name="traces" dev="nvme0n1p37" ino=8003587 scontext=u:r:mediacodec:s0 tcontext=u:object_r:trace_data_file:s0 tclass=dir permissive=0
03-13 19:52:21.986  3482  3603 W Camera3-Device: No cvip timestamp  available
03-13 19:52:21.986  3379  3647 I MLMRCamera3Hal: ENTRY : processCaptureRequest
03-13 19:52:21.987  3379  3647 I MLMRCamera3Hal: EXIT : processCaptureRequest
03-13 19:52:21.994  3766  4170 D storusg : Took 69 ms to query storage usage
03-13 19:52:22.019  3482  3603 W Camera3-Device: No cvip timestamp  available
03-13 19:52:22.019  3379  3647 I MLMRCamera3Hal: ENTRY : processCaptureRequest
03-13 19:52:22.020  3379  3647 I MLMRCamera3Hal: EXIT : processCaptureRequest
03-13 19:52:22.053  3482  3603 W Camera3-Device: No cvip timestamp  available
03-13 19:52:22.053  3379  3647 I MLMRCamera3Hal: ENTRY : processCaptureRequest
03-13 19:52:22.054  3379  3647 I MLMRCamera3Hal: EXIT : processCaptureRequest
03-13 19:52:22.088  3482  3603 W Camera3-Device: No cvip timestamp  available
03-13 19:52:22.089  3379  3647 I MLMRCamera3Hal: ENTRY : processCaptureRequest
03-13 19:52:22.089  3379  3647 I MLMRCamera3Hal: EXIT : processCaptureRequest
03-13 19:52:22.100  9431  9455 I com.magicleap.capi.sample.depth_camera: processFrame called with frame_count: 1
03-13 19:52:22.100  9431  9455 I com.magicleap.capi.sample.depth_camera: === Frame 0 ===
03-13 19:52:22.100  9431  9455 I com.magicleap.capi.sample.depth_camera: Raw Depth Image: 544x480 pixels
03-13 19:52:22.100  9431  9455 I com.magicleap.capi.sample.depth_camera:   First 5 pixels: 2.44, 2.11, 2.35, 1.65, 2.22
03-13 19:52:22.100  9431  9455 I com.magicleap.capi.sample.depth_camera:   Center region min: 5.28, max: 30.94
03-13 19:52:22.100  9431  9455 I com.magicleap.capi.sample.depth_camera: Processed Depth Image: 544x480 pixels
03-13 19:52:22.100  9431  9455 I com.magicleap.capi.sample.depth_camera:   First 5 pixels (meters): 1.418, 1.334, 1.320, 1.291, 1.361
03-13 19:52:22.100  9431  9455 I com.magicleap.capi.sample.depth_camera:   Center region depth (m): min=0.533, max=0.799
03-13 19:52:22.100  9431  9455 I com.magicleap.capi.sample.depth_camera: Confidence Buffer: 544x480 pixels
03-13 19:52:22.100  9431  9455 I com.magicleap.capi.sample.depth_camera:   First 5 confidence values: -0.32, -0.34, -0.30, -0.45, -0.39
03-13 19:52:22.100  9431  9455 I com.magicleap.capi.sample.depth_camera:   Center region confidence: min=-0.14, max=-0.02, avg=-0.05
03-13 19:52:22.100  9431  9455 I com.magicleap.capi.sample.depth_camera: Ambient Raw Depth: 544x480 pixels
03-13 19:52:22.105  9431  9455 I com.magicleap.capi.sample.depth_camera: Detected 4 IR markers
03-13 19:52:22.105  9431  9455 I com.magicleap.capi.sample.depth_camera:   Marker 0: pixel(516.9, 202.3) 3D(0.288, -0.041, 0.400)m area=91 intensity=2019.6
03-13 19:52:22.105  9431  9455 I com.magicleap.capi.sample.depth_camera:   Marker 1: pixel(475.9, 238.5) 3D(0.254, 0.001, 0.431)m area=88 intensity=2047.4
03-13 19:52:22.105  9431  9455 I com.magicleap.capi.sample.depth_camera:   Marker 2: pixel(538.9, 244.3) 3D(0.352, 0.008, 0.443)m area=95 intensity=2115.5
03-13 19:52:22.105  9431  9455 I com.magicleap.capi.sample.depth_camera:   Marker 3: pixel(510.5, 276.1) 3D(0.319, 0.050, 0.455)m area=102 intensity=2107.4
03-13 19:52:22.105  9431  9455 V com.magicleap.capi.sample.depth_camera: ProcessFrame: 4 markers, 1 tools
03-13 19:52:22.105  9431  9455 V com.magicleap.capi.sample.depth_camera: TrackTool 'captured_tool': 0 candidates found
03-13 19:52:22.105  9431  9455 V com.magicleap.capi.sample.depth_camera: Tool 'captured_tool': TRACKED  pos=(0.236,0.176,0.828)
03-13 19:52:22.121  3482  3603 W Camera3-Device: No cvip timestamp  available
03-13 19:52:22.121  3379  3647 I MLMRCamera3Hal: ENTRY : processCaptureRequest
03-13 19:52:22.122  3379  3647 I MLMRCamera3Hal: EXIT : processCaptureRequest
03-13 19:52:22.153  3482  3603 W Camera3-Device: No cvip timestamp  available
03-13 19:52:22.153  3379  3647 I MLMRCamera3Hal: ENTRY : processCaptureRequest
03-13 19:52:22.153  3379  3647 I MLMRCamera3Hal: EXIT : processCaptureRequest
03-13 19:52:22.186  3482  3603 W Camera3-Device: No cvip timestamp  available
03-13 19:52:22.186  3379  3647 I MLMRCamera3Hal: ENTRY : processCaptureRequest
03-13 19:52:22.187  3379  3647 I MLMRCamera3Hal: EXIT : processCaptureRequest
03-13 19:52:22.187  4739  5264 I ControlService: nova/frameworks/services/controlservice/fused_pose_reader/src/fused_pose_reader_impl.cpp(358) printStats():
03-13 19:52:22.187  4739  5264 I ControlService: ALW: TT-fusedPoseReaderImpl,reason=stats:Fused, rate(p/sec)=133.4, total=1334, failed=0, invalid=0, latency(usec)=9092.15, latency_variance=191718
03-13 19:52:22.219  3482  3603 W Camera3-Device: No cvip timestamp  available
03-13 19:52:22.220  3379  3647 I MLMRCamera3Hal: ENTRY : processCaptureRequest
03-13 19:52:22.220  3379  3647 I MLMRCamera3Hal: EXIT : processCaptureRequest
03-13 19:52:22.253  3482  3603 W Camera3-Device: No cvip timestamp  available
03-13 19:52:22.253  3379  3647 I MLMRCamera3Hal: ENTRY : processCaptureRequest
03-13 19:52:22.253  3379  3647 I MLMRCamera3Hal: EXIT : processCaptureRequest
03-13 19:52:22.286  3482  3603 W Camera3-Device: No cvip timestamp  available
03-13 19:52:22.286  3379  3647 I MLMRCamera3Hal: ENTRY : processCaptureRequest
03-13 19:52:22.287  3379  3647 I MLMRCamera3Hal: EXIT : processCaptureRequest
03-13 19:52:22.301  9431  9455 I com.magicleap.capi.sample.depth_camera: processFrame called with frame_count: 1
03-13 19:52:22.301  9431  9455 I com.magicleap.capi.sample.depth_camera: === Frame 0 ===
03-13 19:52:22.301  9431  9455 I com.magicleap.capi.sample.depth_camera: Raw Depth Image: 544x480 pixels
03-13 19:52:22.301  9431  9455 I com.magicleap.capi.sample.depth_camera:   First 5 pixels: 3.13, 0.98, 2.17, 3.63, 1.88
03-13 19:52:22.301  9431  9455 I com.magicleap.capi.sample.depth_camera:   Center region min: 4.75, max: 59.22
03-13 19:52:22.301  9431  9455 I com.magicleap.capi.sample.depth_camera: Processed Depth Image: 544x480 pixels
03-13 19:52:22.301  9431  9455 I com.magicleap.capi.sample.depth_camera:   First 5 pixels (meters): 0.635, 0.775, 1.072, 1.455, 0.989
