03-13 19:52:15.087  9431  9455 I com.magicleap.capi.sample.depth_camera: Ambient Raw Depth: 544x480 pixels
03-13 19:52:15.091  3482  3603 W Camera3-Device: No cvip timestamp  available
03-13 19:52:15.091  3379  3379 I MLMRCamera3Hal: ENTRY : processCaptureRequest
03-13 19:52:15.092  9431  9455 I com.magicleap.capi.sample.depth_camera: Detected 4 IR markers
03-13 19:52:15.092  9431  9455 I com.magicleap.capi.sample.depth_camera:   Marker 0: pixel(485.7, 234.7) 3D(0.206, -0.003, 0.332)m area=98 intensity=2169.4
03-13 19:52:15.092  9431  9455 I com.magicleap.capi.sample.depth_camera:   Marker 1: pixel(444.8, 268.5) 3D(0.198, 0.034, 0.398)m area=88 intensity=2102.2
03-13 19:52:15.092  9431  9455 I com.magicleap.capi.sample.depth_camera:   Marker 2: pixel(507.8, 276.1) 3D(0.239, 0.038, 0.346)m area=114 intensity=2097.6
03-13 19:52:15.092  9431  9455 I com.magicleap.capi.sample.depth_camera:   Marker 3: pixel(479.4, 305.9) 3D(0.255, 0.082, 0.423)m area=102 intensity=2049.0
03-13 19:52:15.093  9431  9455 V com.magicleap.capi.sample.depth_camera: ProcessFrame: 4 markers, 1 tools
03-13 19:52:15.093  9431  9455 V com.magicleap.capi.sample.depth_camera: TrackTool 'captured_tool': 0 candidates found
03-13 19:52:15.093  9431  9455 V com.magicleap.capi.sample.depth_camera: Tool 'captured_tool': TRACKED  pos=(0.236,0.176,0.828)
03-13 19:52:15.093  3379  3379 I MLMRCamera3Hal: EXIT : processCaptureRequest
03-13 19:52:15.124  3482  3603 W Camera3-Device: No cvip timestamp  available
03-13 19:52:15.124  3379  3379 I MLMRCamera3Hal: ENTRY : processCaptureRequest
03-13 19:52:15.124  3379  3379 I MLMRCamera3Hal: EXIT : processCaptureRequest
03-13 19:52:15.157  3482  3603 W Camera3-Device: No cvip timestamp  available
03-13 19:52:15.158  3379  3379 I MLMRCamera3Hal: ENTRY : processCaptureRequest
03-13 19:52:15.158  3379  3379 I MLMRCamera3Hal: EXIT : processCaptureRequest
03-13 19:52:15.191  3482  3603 W Camera3-Device: No cvip timestamp  available
03-13 19:52:15.191  3379  3379 I MLMRCamera3Hal: ENTRY : processCaptureRequest
03-13 19:52:15.191  3379  3379 I MLMRCamera3Hal: EXIT : processCaptureRequest
03-13 19:52:15.224  3482  3603 W Camera3-Device: No cvip timestamp  available
03-13 19:52:15.224  3379  3379 I MLMRCamera3Hal: ENTRY : processCaptureRequest
03-13 19:52:15.224  3379  3379 I MLMRCamera3Hal: EXIT : processCaptureRequest
03-13 19:52:15.258  3482  3603 W Camera3-Device: No cvip timestamp  available
03-13 19:52:15.258  3379  3379 I MLMRCamera3Hal: ENTRY : processCaptureRequest
03-13 19:52:15.258  3379  3379 I MLMRCamera3Hal: EXIT : processCaptureRequest
03-13 19:52:15.285  9431  9455 I com.magicleap.capi.sample.depth_camera: processFrame called with frame_count: 1
03-13 19:52:15.285  9431  9455 I com.magicleap.capi.sample.depth_camera: === Frame 0 ===
03-13 19:52:15.285  9431  9455 I com.magicleap.capi.sample.depth_camera: Raw Depth Image: 544x480 pixels
03-13 19:52:15.285  9431  9455 I com.magicleap.capi.sample.depth_camera:   First 5 pixels: 2.98, 1.87, 1.12, 2.40, 3.14
03-13 19:52:15.285  9431  9455 I com.magicleap.capi.sample.depth_camera:   Center region min: 3.54, max: 25.16
03-13 19:52:15.285  9431  9455 I com.magicleap.capi.sample.depth_camera: Processed Depth Image: 544x480 pixels
03-13 19:52:15.285  9431  9455 I com.magicleap.capi.sample.depth_camera:   First 5 pixels (meters): 1.406, 0.867, 1.072, 1.277, 1.013
03-13 19:52:15.285  9431  9455 I com.magicleap.capi.sample.depth_camera:   Center region depth (m): min=0.704, max=0.995
03-13 19:52:15.285  9431  9455 I com.magicleap.capi.sample.depth_camera: Confidence Buffer: 544x480 pixels
03-13 19:52:15.285  9431  9455 I com.magicleap.capi.sample.depth_camera:   First 5 confidence values: -0.24, -5.36, -5.42, -0.28, -0.22
03-13 19:52:15.285  9431  9455 I com.magicleap.capi.sample.depth_camera:   Center region confidence: min=-0.20, max=-0.03, avg=-0.05
03-13 19:52:15.285  9431  9455 I com.magicleap.capi.sample.depth_camera: Ambient Raw Depth: 544x480 pixels
03-13 19:52:15.287  9431  9455 I com.magicleap.capi.sample.depth_camera: Detected 4 IR markers
03-13 19:52:15.287  9431  9455 I com.magicleap.capi.sample.depth_camera:   Marker 0: pixel(493.5, 233.5) 3D(0.225, -0.004, 0.349)m area=96 intensity=2104.4
03-13 19:52:15.287  9431  9455 I com.magicleap.capi.sample.depth_camera:   Marker 1: pixel(451.5, 266.7) 3D(0.233, 0.037, 0.451)m area=85 intensity=2062.9
03-13 19:52:15.287  9431  9455 I com.magicleap.capi.sample.depth_camera:   Marker 2: pixel(514.3, 275.5) 3D(0.260, 0.040, 0.365)m area=108 intensity=2050.8
03-13 19:52:15.287  9431  9455 I com.magicleap.capi.sample.depth_camera:   Marker 3: pixel(484.7, 305.0) 3D(0.293, 0.090, 0.472)m area=101 intensity=2107.0
03-13 19:52:15.288  9431  9455 V com.magicleap.capi.sample.depth_camera: ProcessFrame: 4 markers, 1 tools
03-13 19:52:15.288  9431  9455 V com.magicleap.capi.sample.depth_camera: TrackTool 'captured_tool': 0 candidates found
03-13 19:52:15.288  9431  9455 V com.magicleap.capi.sample.depth_camera: Tool 'captured_tool': TRACKED  pos=(0.236,0.176,0.828)
03-13 19:52:15.291  3482  3603 W Camera3-Device: No cvip timestamp  available
03-13 19:52:15.291  3379  3379 I MLMRCamera3Hal: ENTRY : processCaptureRequest
03-13 19:52:15.291  3379  3379 I MLMRCamera3Hal: EXIT : processCaptureRequest
03-13 19:52:15.325  3482  3603 W Camera3-Device: No cvip timestamp  available
03-13 19:52:15.325  3379  3379 I MLMRCamera3Hal: ENTRY : processCaptureRequest
03-13 19:52:15.325  3379  3379 I MLMRCamera3Hal: EXIT : processCaptureRequest
03-13 19:52:15.358  3482  3603 W Camera3-Device: No cvip timestamp  available
03-13 19:52:15.359  3379  3379 I MLMRCamera3Hal: ENTRY : processCaptureRequest
03-13 19:52:15.359  3379  3379 I MLMRCamera3Hal: EXIT : processCaptureRequest
03-13 19:52:15.390  3482  3603 W Camera3-Device: No cvip timestamp  available
03-13 19:52:15.391  3379  3379 I MLMRCamera3Hal: ENTRY : processCaptureRequest
03-13 19:52:15.391  3379  3379 I MLMRCamera3Hal: EXIT : processCaptureRequest
03-13 19:52:15.424  3482  3603 W Camera3-Device: No cvip timestamp  available
03-13 19:52:15.425  3379  3379 I MLMRCamera3Hal: ENTRY : processCaptureRequest
03-13 19:52:15.425  3379  3379 I MLMRCamera3Hal: EXIT : processCaptureRequest
03-13 19:52:15.457  3482  3603 W Camera3-Device: No cvip timestamp  available
03-13 19:52:15.458  3379  3379 I MLMRCamera3Hal: ENTRY : processCaptureRequest
03-13 19:52:15.458  3379  3379 I MLMRCamera3Hal: EXIT : processCaptureRequest
03-13 19:52:15.483  4383  4383 D BluetoothGatt: readRssi() - device: D4:15:3B:5C:97:20
03-13 19:52:15.485  9431  9455 I com.magicleap.capi.sample.depth_camera: processFrame called with frame_count: 1
03-13 19:52:15.485  9431  9455 I com.magicleap.capi.sample.depth_camera: === Frame 0 ===
03-13 19:52:15.485  9431  9455 I com.magicleap.capi.sample.depth_camera: Raw Depth Image: 544x480 pixels
03-13 19:52:15.485  9431  9455 I com.magicleap.capi.sample.depth_camera:   First 5 pixels: 4.11, 3.38, 3.16, 2.55, 2.42
03-13 19:52:15.485  9431  9455 I com.magicleap.capi.sample.depth_camera:   Center region min: 3.63, max: 22.81
03-13 19:52:15.485  9431  9455 I com.magicleap.capi.sample.depth_camera: Processed Depth Image: 544x480 pixels
03-13 19:52:15.485  9431  9455 I com.magicleap.capi.sample.depth_camera:   First 5 pixels (meters): 0.417, 0.679, 1.576, 0.998, 0.428
03-13 19:52:15.485  9431  9455 I com.magicleap.capi.sample.depth_camera:   Center region depth (m): min=0.643, max=0.987
03-13 19:52:15.485  9431  9455 I com.magicleap.capi.sample.depth_camera: Confidence Buffer: 544x480 pixels
03-13 19:52:15.485  9431  9455 I com.magicleap.capi.sample.depth_camera:   First 5 confidence values: -0.19, -0.21, -0.25, -0.28, -0.30
03-13 19:52:15.485  9431  9455 I com.magicleap.capi.sample.depth_camera:   Center region confidence: min=-0.19, max=-0.03, avg=-0.05
03-13 19:52:15.485  9431  9455 I com.magicleap.capi.sample.depth_camera: Ambient Raw Depth: 544x480 pixels
03-13 19:52:15.489  9431  9455 I com.magicleap.capi.sample.depth_camera: Detected 4 IR markers
03-13 19:52:15.489  9431  9455 I com.magicleap.capi.sample.depth_camera:   Marker 0: pixel(497.8, 233.5) 3D(0.252, -0.005, 0.382)m area=94 intensity=2052.8
03-13 19:52:15.489  9431  9455 I com.magicleap.capi.sample.depth_camera:   Marker 1: pixel(455.0, 266.0) 3D(0.222, 0.033, 0.421)m area=87 intensity=2043.2
03-13 19:52:15.489  9431  9455 I com.magicleap.capi.sample.depth_camera:   Marker 2: pixel(517.6, 275.6) 3D(0.294, 0.044, 0.407)m area=110 intensity=2043.8
03-13 19:52:15.490  9431  9455 I com.magicleap.capi.sample.depth_camera:   Marker 3: pixel(487.8, 304.5) 3D(0.299, 0.090, 0.475)m area=99 intensity=2127.1
03-13 19:52:15.490  9431  9455 V com.magicleap.capi.sample.depth_camera: ProcessFrame: 4 markers, 1 tools
03-13 19:52:15.490  9431  9455 V com.magicleap.capi.sample.depth_camera: TrackTool 'captured_tool': 0 candidates found
03-13 19:52:15.490  9431  9455 V com.magicleap.capi.sample.depth_camera: Tool 'captured_tool': TRACKED  pos=(0.236,0.176,0.828)
03-13 19:52:15.491  3482  3603 W Camera3-Device: No cvip timestamp  available
03-13 19:52:15.491  3379  3379 I MLMRCamera3Hal: ENTRY : processCaptureRequest
03-13 19:52:15.491  3379  3379 I MLMRCamera3Hal: EXIT : processCaptureRequest
03-13 19:52:15.524  3482  3603 W Camera3-Device: No cvip timestamp  available
03-13 19:52:15.525  3379  3379 I MLMRCamera3Hal: ENTRY : processCaptureRequest
03-13 19:52:15.525  3379  3379 I MLMRCamera3Hal: EXIT : processCaptureRequest
03-13 19:52:15.558  3482  3603 W Camera3-Device: No cvip timestamp  available
03-13 19:52:15.558  3379  3379 I MLMRCamera3Hal: ENTRY : processCaptureRequest
03-13 19:52:15.558  3379  3379 I MLMRCamera3Hal: EXIT : processCaptureRequest
03-13 19:52:15.592  3482  3603 W Camera3-Device: No cvip timestamp  available
03-13 19:52:15.592  3379  3379 I MLMRCamera3Hal: ENTRY : processCaptureRequest
03-13 19:52:15.593  3379  3379 I MLMRCamera3Hal: EXIT : processCaptureRequest
03-13 19:52:15.625  3482  3603 W Camera3-Device: No cvip timestamp  available
03-13 19:52:15.626  3379  3647 I MLMRCamera3Hal: ENTRY : processCaptureRequest
03-13 19:52:15.626  3379  3647 I MLMRCamera3Hal: EXIT : processCaptureRequest
03-13 19:52:15.658  3482  3603 W Camera3-Device: No cvip timestamp  available
03-13 19:52:15.658  3379  3647 I MLMRCamera3Hal: ENTRY : processCaptureRequest
03-13 19:52:15.658  3379  3647 I MLMRCamera3Hal: EXIT : processCaptureRequest
03-13 19:52:15.688  9431  9455 I com.magicleap.capi.sample.depth_camera: processFrame called with frame_count: 1
03-13 19:52:15.688  9431  9455 I com.magicleap.capi.sample.depth_camera: === Frame 0 ===
03-13 19:52:15.688  9431  9455 I com.magicleap.capi.sample.depth_camera: Raw Depth Image: 544x480 pixels
03-13 19:52:15.688  9431  9455 I com.magicleap.capi.sample.depth_camera:   First 5 pixels: 2.55, 3.20, 2.73, 3.63, 4.00
03-13 19:52:15.688  9431  9455 I com.magicleap.capi.sample.depth_camera:   Center region min: 2.44, max: 32.09
03-13 19:52:15.688  9431  9455 I com.magicleap.capi.sample.depth_camera: Processed Depth Image: 544x480 pixels
03-13 19:52:15.688  9431  9455 I com.magicleap.capi.sample.depth_camera:   First 5 pixels (meters): 1.350, 1.736, 1.692, 1.226, 1.051
03-13 19:52:15.688  9431  9455 I com.magicleap.capi.sample.depth_camera:   Center region depth (m): min=0.737, max=0.976
03-13 19:52:15.688  9431  9455 I com.magicleap.capi.sample.depth_camera: Confidence Buffer: 544x480 pixels
03-13 19:52:15.688  9431  9455 I com.magicleap.capi.sample.depth_camera:   First 5 confidence values: -0.67, -0.26, -0.28, -0.19, -0.17
03-13 19:52:15.688  9431  9455 I com.magicleap.capi.sample.depth_camera:   Center region confidence: min=-0.31, max=-0.02, avg=-0.06
03-13 19:52:15.688  9431  9455 I com.magicleap.capi.sample.depth_camera: Ambient Raw Depth: 544x480 pixels
03-13 19:52:15.691  3482  3603 W Camera3-Device: No cvip timestamp  available
03-13 19:52:15.691  3379  3647 I MLMRCamera3Hal: ENTRY : processCaptureRequest
03-13 19:52:15.691  3379  3647 I MLMRCamera3Hal: EXIT : processCaptureRequest
03-13 19:52:15.693  9431  9455 I com.magicleap.capi.sample.depth_camera: Detected 4 IR markers
03-13 19:52:15.693  9431  9455 I com.magicleap.capi.sample.depth_camera:   Marker 0: pixel(490.1, 231.2) 3D(0.227, -0.007, 0.358)m area=94 intensity=2149.4
03-13 19:52:15.693  9431  9455 I com.magicleap.capi.sample.depth_camera:   Marker 1: pixel(448.2, 264.0) 3D(0.234, 0.034, 0.461)m area=83 intensity=2054.2
03-13 19:52:15.693  9431  9455 I com.magicleap.capi.sample.depth_camera:   Marker 2: pixel(510.4, 272.9) 3D(0.279, 0.040, 0.399)m area=106 intensity=2045.0
03-13 19:52:15.693  9431  9455 I com.magicleap.capi.sample.depth_camera:   Marker 3: pixel(480.8, 301.9) 3D(0.293, 0.088, 0.483)m area=100 intensity=2129.4
03-13 19:52:15.693  9431  9455 V com.magicleap.capi.sample.depth_camera: ProcessFrame: 4 markers, 1 tools
03-13 19:52:15.693  9431  9455 V com.magicleap.capi.sample.depth_camera: TrackTool 'captured_tool': 0 candidates found
03-13 19:52:15.693  9431  9455 V com.magicleap.capi.sample.depth_camera: Tool 'captured_tool': TRACKED  pos=(0.236,0.176,0.828)
03-13 19:52:15.720  3521  3521 W HwBinder:3521_4: type=1400 audit(0.0:296747): avc: denied { search } for name="traces" dev="nvme0n1p37" ino=8003587 scontext=u:r:mediacodec:s0 tcontext=u:object_r:trace_data_file:s0 tclass=dir permissive=0
03-13 19:52:15.726  3482  3603 W Camera3-Device: No cvip timestamp  available
03-13 19:52:15.726  3379  3647 I MLMRCamera3Hal: ENTRY : processCaptureRequest
03-13 19:52:15.726  3379  3647 I MLMRCamera3Hal: EXIT : processCaptureRequest
03-13 19:52:15.752  3521  3521 W HwBinder:3521_4: type=1400 audit(0.0:296748): avc: denied { search } for name="traces" dev="nvme0n1p37" ino=8003587 scontext=u:r:mediacodec:s0 tcontext=u:object_r:trace_data_file:s0 tclass=dir permissive=0
03-13 19:52:15.757  3482  3603 W Camera3-Device: No cvip timestamp  available
03-13 19:52:15.757  3379  3647 I MLMRCamera3Hal: ENTRY : processCaptureRequest
03-13 19:52:15.758  3379  3647 I MLMRCamera3Hal: EXIT : processCaptureRequest
03-13 19:52:15.784  3521  3521 W HwBinder:3521_4: type=1400 audit(0.0:296749): avc: denied { search } for name="traces" dev="nvme0n1p37" ino=8003587 scontext=u:r:mediacodec:s0 tcontext=u:object_r:trace_data_file:s0 tclass=dir permissive=0
03-13 19:52:15.791  3482  3603 W Camera3-Device: No cvip timestamp  available
03-13 19:52:15.791  3379  3379 I MLMRCamera3Hal: ENTRY : processCaptureRequest
03-13 19:52:15.791  3379  3379 I MLMRCamera3Hal: EXIT : processCaptureRequest
03-13 19:52:15.820  3521  3521 W HwBinder:3521_4: type=1400 audit(0.0:296750): avc: denied { search } for name="traces" dev="nvme0n1p37" ino=8003587 scontext=u:r:mediacodec:s0 tcontext=u:object_r:trace_data_file:s0 tclass=dir permissive=0
03-13 19:52:15.824  3482  3603 W Camera3-Device: No cvip timestamp  available
03-13 19:52:15.824  3379  3379 I MLMRCamera3Hal: ENTRY : processCaptureRequest
03-13 19:52:15.824  3379  3379 I MLMRCamera3Hal: EXIT : processCaptureRequest
03-13 19:52:15.852  3521  3521 W HwBinder:3521_4: type=1400 audit(0.0:296751): avc: denied { search } for name="traces" dev="nvme0n1p37" ino=8003587 scontext=u:r:mediacodec:s0 tcontext=u:object_r:trace_data_file:s0 tclass=dir permissive=0
03-13 19:52:15.858  3482  3603 W Camera3-Device: No cvip timestamp  available
03-13 19:52:15.858  3379  3379 I MLMRCamera3Hal: ENTRY : processCaptureRequest
03-13 19:52:15.858  3379  3379 I MLMRCamera3Hal: EXIT : processCaptureRequest
03-13 19:52:15.888  9431  9455 I com.magicleap.capi.sample.depth_camera: processFrame called with frame_count: 1
03-13 19:52:15.888  9431  9455 I com.magicleap.capi.sample.depth_camera: === Frame 0 ===
03-13 19:52:15.888  9431  9455 I com.magicleap.capi.sample.depth_camera: Raw Depth Image: 544x480 pixels
03-13 19:52:15.888  9431  9455 I com.magicleap.capi.sample.depth_camera:   First 5 pixels: 2.91, 3.43, 2.86, 2.77, 4.59
03-13 19:52:15.888  9431  9455 I com.magicleap.capi.sample.depth_camera:   Center region min: 3.47, max: 25.11
03-13 19:52:15.888  9431  9455 I com.magicleap.capi.sample.depth_camera: Processed Depth Image: 544x480 pixels
03-13 19:52:15.888  9431  9455 I com.magicleap.capi.sample.depth_camera:   First 5 pixels (meters): 0.589, 1.035, 0.964, 0.358, 0.750
03-13 19:52:15.888  9431  9455 I com.magicleap.capi.sample.depth_camera:   Center region depth (m): min=0.666, max=0.946
03-13 19:52:15.888  9431  9455 I com.magicleap.capi.sample.depth_camera: Confidence Buffer: 544x480 pixels
03-13 19:52:15.888  9431  9455 I com.magicleap.capi.sample.depth_camera:   First 5 confidence values: -0.24, -0.20, -0.25, -0.26, -0.16
03-13 19:52:15.888  9431  9455 I com.magicleap.capi.sample.depth_camera:   Center region confidence: min=-0.34, max=-0.03, avg=-0.06
03-13 19:52:15.888  9431  9455 I com.magicleap.capi.sample.depth_camera: Ambient Raw Depth: 544x480 pixels
03-13 19:52:15.890  9431  9455 I com.magicleap.capi.sample.depth_camera: Detected 4 IR markers
03-13 19:52:15.890  9431  9455 I com.magicleap.capi.sample.depth_camera:   Marker 0: pixel(480.9, 226.0) 3D(0.229, -0.013, 0.378)m area=95 intensity=2057.1
03-13 19:52:15.890  9431  9455 I com.magicleap.capi.sample.depth_camera:   Marker 1: pixel(440.1, 259.3) 3D(0.229, 0.028, 0.475)m area=81 intensity=2080.7
03-13 19:52:15.890  9431  9455 I com.magicleap.capi.sample.depth_camera:   Marker 2: pixel(501.4, 266.9) 3D(0.266, 0.033, 0.397)m area=108 intensity=2071.9
03-13 19:52:15.890  9431  9455 I com.magicleap.capi.sample.depth_camera:   Marker 3: pixel(472.9, 296.3) 3D(0.297, 0.084, 0.510)m area=97 intensity=2191.0
03-13 19:52:15.891  9431  9455 V com.magicleap.capi.sample.depth_camera: ProcessFrame: 4 markers, 1 tools
03-13 19:52:15.891  9431  9455 V com.magicleap.capi.sample.depth_camera: TrackTool 'captured_tool': 0 candidates found
03-13 19:52:15.891  9431  9455 V com.magicleap.capi.sample.depth_camera: Tool 'captured_tool': TRACKED  pos=(0.236,0.176,0.828)
03-13 19:52:15.893  3482  3603 W Camera3-Device: No cvip timestamp  available
03-13 19:52:15.894  3379  3647 I MLMRCamera3Hal: ENTRY : processCaptureRequest
03-13 19:52:15.894  3379  3647 I MLMRCamera3Hal: EXIT : processCaptureRequest
03-13 19:52:15.919 25476 25476 I TotemServiceCLI: Controller: Commandline: 'controller info'
03-13 19:52:15.919  4383  4401 I TotemService: Listeners: Registered (listener) for UID 2000 PID 25476
03-13 19:52:15.920  4383  4401 I TotemService: Listeners: Unregistered (listener) for UID 2000 PID 25476
03-13 19:52:15.925  3482  3603 W Camera3-Device: No cvip timestamp  available
03-13 19:52:15.925  3379  3379 I MLMRCamera3Hal: ENTRY : processCaptureRequest
03-13 19:52:15.927  3379  3379 I MLMRCamera3Hal: EXIT : processCaptureRequest
03-13 19:52:15.958  3482  3603 W Camera3-Device: No cvip timestamp  available
03-13 19:52:15.958  3379  3379 I MLMRCamera3Hal: ENTRY : processCaptureRequest
03-13 19:52:15.959  3379  3379 I MLMRCamera3Hal: EXIT : processCaptureRequest
03-13 19:52:15.991  3482  3603 W Camera3-Device: No cvip timestamp  available
03-13 19:52:15.991  3379  3379 I MLMRCamera3Hal: ENTRY : processCaptureRequest
03-13 19:52:15.991  3379  3379 I MLMRCamera3Hal: EXIT : processCaptureRequest
03-13 19:52:15.992  3766  4093 D storusg : Took 63 ms to query storage usage
03-13 19:52:16.026  3482  3603 W Camera3-Device: No cvip timestamp  available
03-13 19:52:16.026  3379  3379 I MLMRCamera3Hal: ENTRY : processCaptureRequest
03-13 19:52:16.027  3379  3379 I MLMRCamera3Hal: EXIT : processCaptureRequest
03-13 19:52:16.059  3482  3603 W Camera3-Device: No cvip timestamp  available
03-13 19:52:16.059  3379  3379 I MLMRCamera3Hal: ENTRY : processCaptureRequest
03-13 19:52:16.060  3379  3379 I MLMRCamera3Hal: EXIT : processCaptureRequest
03-13 19:52:16.090  9431  9455 I com.magicleap.capi.sample.depth_camera: processFrame called with frame_count: 1
03-13 19:52:16.090  9431  9455 I com.magicleap.capi.sample.depth_camera: === Frame 0 ===
03-13 19:52:16.090  9431  9455 I com.magicleap.capi.sample.depth_camera: Raw Depth Image: 544x480 pixels
03-13 19:52:16.090  9431  9455 I com.magicleap.capi.sample.depth_camera:   First 5 pixels: 2.20, 2.20, 3.98, 4.44, 2.66
03-13 19:52:16.090  9431  9455 I com.magicleap.capi.sample.depth_camera:   Center region min: 3.89, max: 40.50
03-13 19:52:16.090  9431  9455 I com.magicleap.capi.sample.depth_camera: Processed Depth Image: 544x480 pixels
03-13 19:52:16.090  9431  9455 I com.magicleap.capi.sample.depth_camera:   First 5 pixels (meters): 0.356, 0.123, 0.704, 1.498, 1.150
03-13 19:52:16.090  9431  9455 I com.magicleap.capi.sample.depth_camera:   Center region depth (m): min=0.741, max=0.986
03-13 19:52:16.090  9431  9455 I com.magicleap.capi.sample.depth_camera: Confidence Buffer: 544x480 pixels
03-13 19:52:16.090  9431  9455 I com.magicleap.capi.sample.depth_camera:   First 5 confidence values: -0.33, -0.33, -0.19, -0.16, -0.30
03-13 19:52:16.090  9431  9455 I com.magicleap.capi.sample.depth_camera:   Center region confidence: min=-0.21, max=-0.02, avg=-0.06
03-13 19:52:16.090  9431  9455 I com.magicleap.capi.sample.depth_camera: Ambient Raw Depth: 544x480 pixels
03-13 19:52:16.092  3482  3603 W Camera3-Device: No cvip timestamp  available
03-13 19:52:16.093  3379  3379 I MLMRCamera3Hal: ENTRY : processCaptureRequest
03-13 19:52:16.093  3379  3379 I MLMRCamera3Hal: EXIT : processCaptureRequest
03-13 19:52:16.095  9431  9455 I com.magicleap.capi.sample.depth_camera: Detected 4 IR markers
03-13 19:52:16.095  9431  9455 I com.magicleap.capi.sample.depth_camera:   Marker 0: pixel(482.0, 225.4) 3D(0.257, -0.015, 0.421)m area=88 intensity=2039.4
03-13 19:52:16.095  9431  9455 I com.magicleap.capi.sample.depth_camera:   Marker 1: pixel(443.2, 258.9) 3D(0.231, 0.028, 0.469)m area=78 intensity=2055.7
03-13 19:52:16.095  9431  9455 I com.magicleap.capi.sample.depth_camera:   Marker 2: pixel(503.1, 264.8) 3D(0.313, 0.036, 0.463)m area=105 intensity=2104.1
03-13 19:52:16.095  9431  9455 I com.magicleap.capi.sample.depth_camera:   Marker 3: pixel(476.0, 294.7) 3D(0.315, 0.086, 0.532)m area=93 intensity=2252.8
03-13 19:52:16.095  9431  9455 V com.magicleap.capi.sample.depth_camera: ProcessFrame: 4 markers, 1 tools
03-13 19:52:16.095  9431  9455 V com.magicleap.capi.sample.depth_camera: TrackTool 'captured_tool': 0 candidates found
03-13 19:52:16.095  9431  9455 V com.magicleap.capi.sample.depth_camera: Tool 'captured_tool': TRACKED  pos=(0.236,0.176,0.828)
03-13 19:52:16.126  3482  3603 W Camera3-Device: No cvip timestamp  available
03-13 19:52:16.126  3379  3379 I MLMRCamera3Hal: ENTRY : processCaptureRequest
03-13 19:52:16.126  3379  3379 I MLMRCamera3Hal: EXIT : processCaptureRequest
03-13 19:52:16.159  3482  3603 W Camera3-Device: No cvip timestamp  available
03-13 19:52:16.159  3379  3379 I MLMRCamera3Hal: ENTRY : processCaptureRequest
03-13 19:52:16.159  3379  3379 I MLMRCamera3Hal: EXIT : processCaptureRequest
03-13 19:52:16.192  3482  3603 W Camera3-Device: No cvip timestamp  available
03-13 19:52:16.192  3379  3379 I MLMRCamera3Hal: ENTRY : processCaptureRequest
03-13 19:52:16.193  3379  3379 I MLMRCamera3Hal: EXIT : processCaptureRequest
03-13 19:52:16.225  3482  3603 W Camera3-Device: No cvip timestamp  available
03-13 19:52:16.226  3379  3379 I MLMRCamera3Hal: ENTRY : processCaptureRequest
03-13 19:52:16.226  3379  3379 I MLMRCamera3Hal: EXIT : processCaptureRequest
03-13 19:52:16.259  3482  3603 W Camera3-Device: No cvip timestamp  available
03-13 19:52:16.260  3379  3379 I MLMRCamera3Hal: ENTRY : processCaptureRequest
03-13 19:52:16.260  3379  3379 I MLMRCamera3Hal: EXIT : processCaptureRequest
03-13 19:52:16.285  9431  9455 I com.magicleap.capi.sample.depth_camera: processFrame called with frame_count: 1
03-13 19:52:16.285  9431  9455 I com.magicleap.capi.sample.depth_camera: === Frame 0 ===
03-13 19:52:16.285  9431  9455 I com.magicleap.capi.sample.depth_camera: Raw Depth Image: 544x480 pixels
03-13 19:52:16.285  9431  9455 I com.magicleap.capi.sample.depth_camera:   First 5 pixels: 2.68, 3.22, 3.47, 1.72, 2.03
03-13 19:52:16.285  9431  9455 I com.magicleap.capi.sample.depth_camera:   Center region min: 2.02, max: 43.62
03-13 19:52:16.285  9431  9455 I com.magicleap.capi.sample.depth_camera: Processed Depth Image: 544x480 pixels
03-13 19:52:16.285  9431  9455 I com.magicleap.capi.sample.depth_camera:   First 5 pixels (meters): 1.305, 1.062, 0.596, 0.341, 0.699
03-13 19:52:16.285  9431  9455 I com.magicleap.capi.sample.depth_camera:   Center region depth (m): min=0.611, max=0.973
03-13 19:52:16.285  9431  9455 I com.magicleap.capi.sample.depth_camera: Confidence Buffer: 544x480 pixels
03-13 19:52:16.285  9431  9455 I com.magicleap.capi.sample.depth_camera:   First 5 confidence values: -0.40, -0.38, -0.29, -0.41, -0.34
03-13 19:52:16.286  9431  9455 I com.magicleap.capi.sample.depth_camera:   Center region confidence: min=-5.33, max=-0.02, avg=-0.15
03-13 19:52:16.286  9431  9455 I com.magicleap.capi.sample.depth_camera: Ambient Raw Depth: 544x480 pixels
03-13 19:52:16.288  9431  9455 I com.magicleap.capi.sample.depth_camera: Detected 4 IR markers
03-13 19:52:16.288  9431  9455 I com.magicleap.capi.sample.depth_camera:   Marker 0: pixel(485.1, 224.1) 3D(0.313, -0.020, 0.506)m area=88 intensity=2151.3
03-13 19:52:16.288  9431  9455 I com.magicleap.capi.sample.depth_camera:   Marker 1: pixel(446.8, 257.9) 3D(0.283, 0.032, 0.563)m area=77 intensity=2267.1
03-13 19:52:16.288  9431  9455 I com.magicleap.capi.sample.depth_camera:   Marker 2: pixel(506.2, 262.8) 3D(0.360, 0.038, 0.524)m area=102 intensity=2307.3
03-13 19:52:16.288  9431  9455 I com.magicleap.capi.sample.depth_camera:   Marker 3: pixel(479.5, 292.9) 3D(0.307, 0.079, 0.509)m area=97 intensity=2184.8
03-13 19:52:16.288  9431  9455 V com.magicleap.capi.sample.depth_camera: ProcessFrame: 4 markers, 1 tools
03-13 19:52:16.288  9431  9455 V com.magicleap.capi.sample.depth_camera: TrackTool 'captured_tool': 0 candidates found
03-13 19:52:16.288  9431  9455 V com.magicleap.capi.sample.depth_camera: Tool 'captured_tool': TRACKED  pos=(0.236,0.176,0.828)
03-13 19:52:16.292  3482  3603 W Camera3-Device: No cvip timestamp  available
03-13 19:52:16.292  3379  3647 I MLMRCamera3Hal: ENTRY : processCaptureRequest
03-13 19:52:16.293  3379  3647 I MLMRCamera3Hal: EXIT : processCaptureRequest
03-13 19:52:16.325  3482  3603 W Camera3-Device: No cvip timestamp  available
03-13 19:52:16.325  3379  3647 I MLMRCamera3Hal: ENTRY : processCaptureRequest
03-13 19:52:16.326  3379  3647 I MLMRCamera3Hal: EXIT : processCaptureRequest
03-13 19:52:16.359  3482  3603 W Camera3-Device: No cvip timestamp  available
03-13 19:52:16.360  3379  3647 I MLMRCamera3Hal: ENTRY : processCaptureRequest
03-13 19:52:16.360  3379  3647 I MLMRCamera3Hal: EXIT : processCaptureRequest
03-13 19:52:16.392  3482  3603 W Camera3-Device: No cvip timestamp  available
03-13 19:52:16.392  3379  3379 I MLMRCamera3Hal: ENTRY : processCaptureRequest
03-13 19:52:16.393  3379  3379 I MLMRCamera3Hal: EXIT : processCaptureRequest
03-13 19:52:16.425  3482  3603 W Camera3-Device: No cvip timestamp  available
03-13 19:52:16.425  3379  3379 I MLMRCamera3Hal: ENTRY : processCaptureRequest
03-13 19:52:16.426  3379  3379 I MLMRCamera3Hal: EXIT : processCaptureRequest
03-13 19:52:16.459  3482  3603 W Camera3-Device: No cvip timestamp  available
03-13 19:52:16.460  3379  3379 I MLMRCamera3Hal: ENTRY : processCaptureRequest
03-13 19:52:16.460  3379  3379 I MLMRCamera3Hal: EXIT : processCaptureRequest
03-13 19:52:16.483  4383  4383 D BluetoothGatt: readRssi() - device: D4:15:3B:5C:97:20
03-13 19:52:16.490  9431  9455 I com.magicleap.capi.sample.depth_camera: processFrame called with frame_count: 1
03-13 19:52:16.490  9431  9455 I com.magicleap.capi.sample.depth_camera: === Frame 0 ===
03-13 19:52:16.490  9431  9455 I com.magicleap.capi.sample.depth_camera: Raw Depth Image: 544x480 pixels
03-13 19:52:16.490  9431  9455 I com.magicleap.capi.sample.depth_camera:   First 5 pixels: 2.85, 4.82, 3.43, 0.92, 1.36
03-13 19:52:16.490  9431  9455 I com.magicleap.capi.sample.depth_camera:   Center region min: 2.98, max: 43.31
03-13 19:52:16.490  9431  9455 I com.magicleap.capi.sample.depth_camera: Processed Depth Image: 544x480 pixels
03-13 19:52:16.490  9431  9455 I com.magicleap.capi.sample.depth_camera:   First 5 pixels (meters): 0.518, 0.830, 0.722, 0.139, 0.297
03-13 19:52:16.490  9431  9455 I com.magicleap.capi.sample.depth_camera:   Center region depth (m): min=0.740, max=1.032
03-13 19:52:16.490  9431  9455 I com.magicleap.capi.sample.depth_camera: Confidence Buffer: 544x480 pixels
03-13 19:52:16.490  9431  9455 I com.magicleap.capi.sample.depth_camera:   First 5 confidence values: -0.26, -0.15, -0.50, -0.76, -0.52
03-13 19:52:16.490  9431  9455 I com.magicleap.capi.sample.depth_camera:   Center region confidence: min=-0.36, max=-0.02, avg=-0.06
03-13 19:52:16.490  9431  9455 I com.magicleap.capi.sample.depth_camera: Ambient Raw Depth: 544x480 pixels
03-13 19:52:16.493  3482  3603 W Camera3-Device: No cvip timestamp  available
03-13 19:52:16.493  3379  3379 I MLMRCamera3Hal: ENTRY : processCaptureRequest
03-13 19:52:16.493  3379  3379 I MLMRCamera3Hal: EXIT : processCaptureRequest
03-13 19:52:16.494  9431  9455 I com.magicleap.capi.sample.depth_camera: Detected 4 IR markers
03-13 19:52:16.494  9431  9455 I com.magicleap.capi.sample.depth_camera:   Marker 0: pixel(489.7, 226.1) 3D(0.316, -0.017, 0.499)m area=84 intensity=2151.8
03-13 19:52:16.494  9431  9455 I com.magicleap.capi.sample.depth_camera:   Marker 1: pixel(451.6, 259.6) 3D(0.309, 0.036, 0.596)m area=82 intensity=2456.3
03-13 19:52:16.494  9431  9455 I com.magicleap.capi.sample.depth_camera:   Marker 2: pixel(510.6, 264.9) 3D(0.364, 0.040, 0.520)m area=105 intensity=2305.4
03-13 19:52:16.494  9431  9455 I com.magicleap.capi.sample.depth_camera:   Marker 3: pixel(484.0, 294.8) 3D(0.322, 0.085, 0.522)m area=94 intensity=2252.1
03-13 19:52:16.495  9431  9455 V com.magicleap.capi.sample.depth_camera: ProcessFrame: 4 markers, 1 tools
03-13 19:52:16.495  9431  9455 V com.magicleap.capi.sample.depth_camera: TrackTool 'captured_tool': 0 candidates found
03-13 19:52:16.495  9431  9455 V com.magicleap.capi.sample.depth_camera: Tool 'captured_tool': TRACKED  pos=(0.236,0.176,0.828)
03-13 19:52:16.526  3482  3603 W Camera3-Device: No cvip timestamp  available
03-13 19:52:16.526  3379  3379 I MLMRCamera3Hal: ENTRY : processCaptureRequest
03-13 19:52:16.526  3379  3379 I MLMRCamera3Hal: EXIT : processCaptureRequest
03-13 19:52:16.559  3482  3603 W Camera3-Device: No cvip timestamp  available
03-13 19:52:16.559  3379  3379 I MLMRCamera3Hal: ENTRY : processCaptureRequest
03-13 19:52:16.559  3379  3379 I MLMRCamera3Hal: EXIT : processCaptureRequest
03-13 19:52:16.592  3482  3603 W Camera3-Device: No cvip timestamp  available
03-13 19:52:16.592  3379  3379 I MLMRCamera3Hal: ENTRY : processCaptureRequest
03-13 19:52:16.593  3379  3379 I MLMRCamera3Hal: EXIT : processCaptureRequest
03-13 19:52:16.627  3482  3603 W Camera3-Device: No cvip timestamp  available
03-13 19:52:16.628  3379  3379 I MLMRCamera3Hal: ENTRY : processCaptureRequest
03-13 19:52:16.628  3379  3379 I MLMRCamera3Hal: EXIT : processCaptureRequest
03-13 19:52:16.660  3482  3603 W Camera3-Device: No cvip timestamp  available
03-13 19:52:16.660  3379  3647 I MLMRCamera3Hal: ENTRY : processCaptureRequest
03-13 19:52:16.660  3379  3647 I MLMRCamera3Hal: EXIT : processCaptureRequest
03-13 19:52:16.691  9431  9455 I com.magicleap.capi.sample.depth_camera: processFrame called with frame_count: 1
03-13 19:52:16.691  9431  9455 I com.magicleap.capi.sample.depth_camera: === Frame 0 ===
03-13 19:52:16.691  9431  9455 I com.magicleap.capi.sample.depth_camera: Raw Depth Image: 544x480 pixels
03-13 19:52:16.691  9431  9455 I com.magicleap.capi.sample.depth_camera:   First 5 pixels: 3.34, 2.09, 3.24, 3.95, 3.83
03-13 19:52:16.691  9431  9455 I com.magicleap.capi.sample.depth_camera:   Center region min: 2.71, max: 56.34
03-13 19:52:16.691  9431  9455 I com.magicleap.capi.sample.depth_camera: Processed Depth Image: 544x480 pixels
03-13 19:52:16.691  9431  9455 I com.magicleap.capi.sample.depth_camera:   First 5 pixels (meters): 1.225, 1.475, 1.197, 0.964, 0.526
03-13 19:52:16.691  9431  9455 I com.magicleap.capi.sample.depth_camera:   Center region depth (m): min=0.698, max=0.987
03-13 19:52:16.691  9431  9455 I com.magicleap.capi.sample.depth_camera: Confidence Buffer: 544x480 pixels
03-13 19:52:16.691  9431  9455 I com.magicleap.capi.sample.depth_camera:   First 5 confidence values: -0.20, -0.54, -0.50, -0.21, -0.22
03-13 19:52:16.691  9431  9455 I com.magicleap.capi.sample.depth_camera:   Center region confidence: min=-0.26, max=-0.01, avg=-0.05
03-13 19:52:16.691  9431  9455 I com.magicleap.capi.sample.depth_camera: Ambient Raw Depth: 544x480 pixels
03-13 19:52:16.693  3482  3603 W Camera3-Device: No cvip timestamp  available
03-13 19:52:16.693  3379  3647 I MLMRCamera3Hal: ENTRY : processCaptureRequest
03-13 19:52:16.693  3379  3647 I MLMRCamera3Hal: EXIT : processCaptureRequest
03-13 19:52:16.697  9431  9455 I com.magicleap.capi.sample.depth_camera: Detected 4 IR markers
03-13 19:52:16.697  9431  9455 I com.magicleap.capi.sample.depth_camera:   Marker 0: pixel(504.0, 218.3) 3D(0.314, -0.026, 0.462)m area=84 intensity=2072.5
03-13 19:52:16.697  9431  9455 I com.magicleap.capi.sample.depth_camera:   Marker 1: pixel(464.0, 251.7) 3D(0.291, 0.021, 0.525)m area=84 intensity=2186.8
03-13 19:52:16.697  9431  9455 I com.magicleap.capi.sample.depth_camera:   Marker 2: pixel(524.3, 258.1) 3D(0.347, 0.027, 0.465)m area=101 intensity=2162.2
03-13 19:52:16.697  9431  9455 I com.magicleap.capi.sample.depth_camera:   Marker 3: pixel(496.7, 288.0) 3D(0.318, 0.070, 0.484)m area=96 intensity=2262.1
03-13 19:52:16.697  9431  9455 V com.magicleap.capi.sample.depth_camera: ProcessFrame: 4 markers, 1 tools
03-13 19:52:16.697  9431  9455 V com.magicleap.capi.sample.depth_camera: TrackTool 'captured_tool': 0 candidates found
03-13 19:52:16.697  9431  9455 V com.magicleap.capi.sample.depth_camera: Tool 'captured_tool': TRACKED  pos=(0.236,0.176,0.828)
03-13 19:52:16.728  3482  3603 W Camera3-Device: No cvip timestamp  available
03-13 19:52:16.728  3379  3379 I MLMRCamera3Hal: ENTRY : processCaptureRequest
03-13 19:52:16.728  3379  3379 I MLMRCamera3Hal: EXIT : processCaptureRequest
03-13 19:52:16.756  3521  3521 W HwBinder:3521_5: type=1400 audit(0.0:296780): avc: denied { search } for name="traces" dev="nvme0n1p37" ino=8003587 scontext=u:r:mediacodec:s0 tcontext=u:object_r:trace_data_file:s0 tclass=dir permissive=0
03-13 19:52:16.760  3482  3603 W Camera3-Device: No cvip timestamp  available
03-13 19:52:16.760  3379  3647 I MLMRCamera3Hal: ENTRY : processCaptureRequest
03-13 19:52:16.760  3379  3647 I MLMRCamera3Hal: EXIT : processCaptureRequest
03-13 19:52:16.788  3521  3521 W HwBinder:3521_5: type=1400 audit(0.0:296781): avc: denied { search } for name="traces" dev="nvme0n1p37" ino=8003587 scontext=u:r:mediacodec:s0 tcontext=u:object_r:trace_data_file:s0 tclass=dir permissive=0
03-13 19:52:16.793  3482  3603 W Camera3-Device: No cvip timestamp  available
03-13 19:52:16.793  3379  3647 I MLMRCamera3Hal: ENTRY : processCaptureRequest
03-13 19:52:16.793  3379  3647 I MLMRCamera3Hal: EXIT : processCaptureRequest
03-13 19:52:16.820  3521  3521 W HwBinder:3521_5: type=1400 audit(0.0:296782): avc: denied { search } for name="traces" dev="nvme0n1p37" ino=8003587 scontext=u:r:mediacodec:s0 tcontext=u:object_r:trace_data_file:s0 tclass=dir permissive=0
03-13 19:52:16.826  3482  3603 W Camera3-Device: No cvip timestamp  available
03-13 19:52:16.826  3379  3647 I MLMRCamera3Hal: ENTRY : processCaptureRequest
03-13 19:52:16.826  3379  3647 I MLMRCamera3Hal: EXIT : processCaptureRequest
03-13 19:52:16.856  3521  3521 W HwBinder:3521_4: type=1400 audit(0.0:296783): avc: denied { search } for name="traces" dev="nvme0n1p37" ino=8003587 scontext=u:r:mediacodec:s0 tcontext=u:object_r:trace_data_file:s0 tclass=dir permissive=0
03-13 19:52:16.861  3482  3603 W Camera3-Device: No cvip timestamp  available
03-13 19:52:16.862  3379  3647 I MLMRCamera3Hal: ENTRY : processCaptureRequest
03-13 19:52:16.862  3379  3647 I MLMRCamera3Hal: EXIT : processCaptureRequest
03-13 19:52:16.890  9431  9455 I com.magicleap.capi.sample.depth_camera: processFrame called with frame_count: 1
03-13 19:52:16.890  9431  9455 I com.magicleap.capi.sample.depth_camera: === Frame 0 ===
03-13 19:52:16.890  9431  9455 I com.magicleap.capi.sample.depth_camera: Raw Depth Image: 544x480 pixels
03-13 19:52:16.890  9431  9455 I com.magicleap.capi.sample.depth_camera:   First 5 pixels: 2.84, 2.21, 1.22, 0.67, 1.67
03-13 19:52:16.890  9431  9455 I com.magicleap.capi.sample.depth_camera:   Center region min: 4.26, max: 43.94
03-13 19:52:16.890  9431  9455 I com.magicleap.capi.sample.depth_camera: Processed Depth Image: 544x480 pixels
03-13 19:52:16.890  9431  9455 I com.magicleap.capi.sample.depth_camera:   First 5 pixels (meters): 1.068, 1.187, 1.273, 1.305, 0.838
03-13 19:52:16.890  9431  9455 I com.magicleap.capi.sample.depth_camera:   Center region depth (m): min=0.596, max=0.832
03-13 19:52:16.890  9431  9455 I com.magicleap.capi.sample.depth_camera: Confidence Buffer: 544x480 pixels
03-13 19:52:16.890  9431  9455 I com.magicleap.capi.sample.depth_camera:   First 5 confidence values: -0.24, -0.31, -0.79, -1.05, -0.57
03-13 19:52:16.890  9431  9455 I com.magicleap.capi.sample.depth_camera:   Center region confidence: min=-0.17, max=-0.02, avg=-0.05
03-13 19:52:16.890  9431  9455 I com.magicleap.capi.sample.depth_camera: Ambient Raw Depth: 544x480 pixels
03-13 19:52:16.893  9431  9455 I com.magicleap.capi.sample.depth_camera: Detected 4 IR markers
03-13 19:52:16.893  9431  9455 I com.magicleap.capi.sample.depth_camera:   Marker 0: pixel(524.5, 209.1) 3D(0.333, -0.037, 0.446)m area=80 intensity=2049.9
03-13 19:52:16.893  9431  9455 I com.magicleap.capi.sample.depth_camera:   Marker 1: pixel(482.9, 243.1) 3D(0.331, 0.008, 0.542)m area=83 intensity=2273.6
03-13 19:52:16.893  9431  9455 I com.magicleap.capi.sample.depth_camera:   Marker 2: pixel(541.4, 250.4) 3D(0.364, 0.017, 0.453)m area=39 intensity=2127.0
03-13 19:52:16.893  9431  9455 I com.magicleap.capi.sample.depth_camera:   Marker 3: pixel(515.3, 280.6) 3D(0.377, 0.065, 0.527)m area=94 intensity=2368.3
03-13 19:52:16.893  9431  9455 V com.magicleap.capi.sample.depth_camera: ProcessFrame: 4 markers, 1 tools
03-13 19:52:16.893  9431  9455 V com.magicleap.capi.sample.depth_camera: TrackTool 'captured_tool': 0 candidates found
03-13 19:52:16.894  9431  9455 V com.magicleap.capi.sample.depth_camera: Tool 'captured_tool': TRACKED  pos=(0.236,0.176,0.828)
03-13 19:52:16.888  3521  3521 W HwBinder:3521_4: type=1400 audit(0.0:296784): avc: denied { search } for name="traces" dev="nvme0n1p37" ino=8003587 scontext=u:r:mediacodec:s0 tcontext=u:object_r:trace_data_file:s0 tclass=dir permissive=0
03-13 19:52:16.895  3482  3603 W Camera3-Device: No cvip timestamp  available
03-13 19:52:16.895  3379  3647 I MLMRCamera3Hal: ENTRY : processCaptureRequest
03-13 19:52:16.895  3379  3647 I MLMRCamera3Hal: EXIT : processCaptureRequest
03-13 19:52:16.927  3482  3603 W Camera3-Device: No cvip timestamp  available
03-13 19:52:16.927  3379  3647 I MLMRCamera3Hal: ENTRY : processCaptureRequest
03-13 19:52:16.928  3379  3647 I MLMRCamera3Hal: EXIT : processCaptureRequest
03-13 19:52:16.960  3482  3603 W Camera3-Device: No cvip timestamp  available
03-13 19:52:16.960  3379  3379 I MLMRCamera3Hal: ENTRY : processCaptureRequest
03-13 19:52:16.960  3379  3379 I MLMRCamera3Hal: EXIT : processCaptureRequest
03-13 19:52:16.993  3482  3603 W Camera3-Device: No cvip timestamp  available
03-13 19:52:16.993  3379  3379 I MLMRCamera3Hal: ENTRY : processCaptureRequest
03-13 19:52:16.993  3379  3379 I MLMRCamera3Hal: EXIT : processCaptureRequest
03-13 19:52:17.027  3482  3603 W Camera3-Device: No cvip timestamp  available
03-13 19:52:17.028  3379  3379 I MLMRCamera3Hal: ENTRY : processCaptureRequest
03-13 19:52:17.028  3379  3379 I MLMRCamera3Hal: EXIT : processCaptureRequest
03-13 19:52:17.060  3482  3603 W Camera3-Device: No cvip timestamp  available
03-13 19:52:17.060  3379  3379 I MLMRCamera3Hal: ENTRY : processCaptureRequest
03-13 19:52:17.060  3379  3379 I MLMRCamera3Hal: EXIT : processCaptureRequest
03-13 19:52:17.088  9431  9455 I com.magicleap.capi.sample.depth_camera: processFrame called with frame_count: 1
03-13 19:52:17.088  9431  9455 I com.magicleap.capi.sample.depth_camera: === Frame 0 ===
03-13 19:52:17.088  9431  9455 I com.magicleap.capi.sample.depth_camera: Raw Depth Image: 544x480 pixels
03-13 19:52:17.088  9431  9455 I com.magicleap.capi.sample.depth_camera:   First 5 pixels: 1.92, 2.58, 4.18, 3.75, 1.89
03-13 19:52:17.088  9431  9455 I com.magicleap.capi.sample.depth_camera:   Center region min: 4.93, max: 938.00
03-13 19:52:17.088  9431  9455 I com.magicleap.capi.sample.depth_camera: Processed Depth Image: 544x480 pixels
03-13 19:52:17.088  9431  9455 I com.magicleap.capi.sample.depth_camera:   First 5 pixels (meters): 1.027, 1.697, 1.221, 1.260, 1.100
03-13 19:52:17.088  9431  9455 I com.magicleap.capi.sample.depth_camera:   Center region depth (m): min=0.623, max=0.800
03-13 19:52:17.088  9431  9455 I com.magicleap.capi.sample.depth_camera: Confidence Buffer: 544x480 pixels
03-13 19:52:17.088  9431  9455 I com.magicleap.capi.sample.depth_camera:   First 5 confidence values: -0.36, -0.27, -0.18, -0.22, -0.37
03-13 19:52:17.088  9431  9455 I com.magicleap.capi.sample.depth_camera:   Center region confidence: min=-0.14, max=-0.00, avg=-0.04
03-13 19:52:17.088  9431  9455 I com.magicleap.capi.sample.depth_camera: Ambient Raw Depth: 544x480 pixels
03-13 19:52:17.092  9431  9455 I com.magicleap.capi.sample.depth_camera: Detected 3 IR markers
03-13 19:52:17.092  9431  9455 I com.magicleap.capi.sample.depth_camera:   Marker 0: pixel(540.4, 200.2) 3D(0.360, -0.050, 0.449)m area=59 intensity=2117.9
03-13 19:52:17.092  9431  9455 I com.magicleap.capi.sample.depth_camera:   Marker 1: pixel(498.5, 234.4) 3D(0.344, -0.005, 0.520)m area=90 intensity=2251.4
03-13 19:52:17.092  9431  9455 I com.magicleap.capi.sample.depth_camera:   Marker 2: pixel(530.8, 272.9) 3D(0.362, 0.048, 0.471)m area=85 intensity=2205.6
03-13 19:52:17.092  9431  9455 V com.magicleap.capi.sample.depth_camera: ProcessFrame: 3 markers, 1 tools
03-13 19:52:17.092  9431  9455 V com.magicleap.capi.sample.depth_camera: TrackTool 'captured_tool': 0 candidates found
03-13 19:52:17.092  9431  9455 V com.magicleap.capi.sample.depth_camera: Tool 'captured_tool': TRACKED  pos=(0.236,0.176,0.828)
03-13 19:52:17.095  3482  3603 W Camera3-Device: No cvip timestamp  available
03-13 19:52:17.095  3379  3379 I MLMRCamera3Hal: ENTRY : processCaptureRequest
03-13 19:52:17.095  3379  3379 I MLMRCamera3Hal: EXIT : processCaptureRequest
03-13 19:52:17.127  3482  3603 W Camera3-Device: No cvip timestamp  available
03-13 19:52:17.127  3379  3647 I MLMRCamera3Hal: ENTRY : processCaptureRequest
03-13 19:52:17.127  3379  3647 I MLMRCamera3Hal: EXIT : processCaptureRequest
03-13 19:52:17.160  3482  3603 W Camera3-Device: No cvip timestamp  available
03-13 19:52:17.160  3379  3647 I MLMRCamera3Hal: ENTRY : processCaptureRequest
03-13 19:52:17.160  3379  3647 I MLMRCamera3Hal: EXIT : processCaptureRequest
03-13 19:52:17.195  3482  3603 W Camera3-Device: No cvip timestamp  available
03-13 19:52:17.195  3379  3379 I MLMRCamera3Hal: ENTRY : processCaptureRequest
03-13 19:52:17.195  3379  3379 I MLMRCamera3Hal: EXIT : processCaptureRequest
03-13 19:52:17.227  3482  3603 W Camera3-Device: No cvip timestamp  available
03-13 19:52:17.227  3379  3647 I MLMRCamera3Hal: ENTRY : processCaptureRequest
03-13 19:52:17.227  3379  3647 I MLMRCamera3Hal: EXIT : processCaptureRequest
03-13 19:52:17.262  3482  3603 W Camera3-Device: No cvip timestamp  available
03-13 19:52:17.262  3379  3647 I MLMRCamera3Hal: ENTRY : processCaptureRequest
03-13 19:52:17.262  3379  3647 I MLMRCamera3Hal: EXIT : processCaptureRequest
03-13 19:52:17.289  9431  9455 I com.magicleap.capi.sample.depth_camera: processFrame called with frame_count: 1
03-13 19:52:17.289  9431  9455 I com.magicleap.capi.sample.depth_camera: === Frame 0 ===
03-13 19:52:17.289  9431  9455 I com.magicleap.capi.sample.depth_camera: Raw Depth Image: 544x480 pixels
03-13 19:52:17.289  9431  9455 I com.magicleap.capi.sample.depth_camera:   First 5 pixels: 2.00, 2.87, 3.09, 3.13, 3.08
03-13 19:52:17.289  9431  9455 I com.magicleap.capi.sample.depth_camera:   Center region min: 4.35, max: 2428.00
03-13 19:52:17.289  9431  9455 I com.magicleap.capi.sample.depth_camera: Processed Depth Image: 544x480 pixels
03-13 19:52:17.289  9431  9455 I com.magicleap.capi.sample.depth_camera:   First 5 pixels (meters): 0.307, 0.405, 0.481, 1.021, 1.678
03-13 19:52:17.289  9431  9455 I com.magicleap.capi.sample.depth_camera:   Center region depth (m): min=0.565, max=0.809
03-13 19:52:17.289  9431  9455 I com.magicleap.capi.sample.depth_camera: Confidence Buffer: 544x480 pixels
03-13 19:52:17.289  9431  9455 I com.magicleap.capi.sample.depth_camera:   First 5 confidence values: -0.34, -0.27, -0.23, -0.23, -0.24
03-13 19:52:17.289  9431  9455 I com.magicleap.capi.sample.depth_camera:   Center region confidence: min=-0.16, max=-0.00, avg=-0.05
03-13 19:52:17.289  9431  9455 I com.magicleap.capi.sample.depth_camera: Ambient Raw Depth: 544x480 pixels
03-13 19:52:17.292  9431  9455 I com.magicleap.capi.sample.depth_camera: Detected 3 IR markers
03-13 19:52:17.292  9431  9455 I com.magicleap.capi.sample.depth_camera:   Marker 0: pixel(538.7, 192.0) 3D(0.329, -0.056, 0.413)m area=79 intensity=2008.9
03-13 19:52:17.292  9431  9455 I com.magicleap.capi.sample.depth_camera:   Marker 1: pixel(495.7, 226.9) 3D(0.326, -0.016, 0.501)m area=88 intensity=2175.3
03-13 19:52:17.292  9431  9455 I com.magicleap.capi.sample.depth_camera:   Marker 2: pixel(528.3, 265.6) 3D(0.385, 0.041, 0.507)m area=87 intensity=2310.7
03-13 19:52:17.292  9431  9455 V com.magicleap.capi.sample.depth_camera: ProcessFrame: 3 markers, 1 tools
03-13 19:52:17.292  9431  9455 V com.magicleap.capi.sample.depth_camera: TrackTool 'captured_tool': 0 candidates found
03-13 19:52:17.292  9431  9455 V com.magicleap.capi.sample.depth_camera: Tool 'captured_tool': TRACKED  pos=(0.236,0.176,0.828)
03-13 19:52:17.294  3482  3603 W Camera3-Device: No cvip timestamp  available
03-13 19:52:17.294  3379  3647 I MLMRCamera3Hal: ENTRY : processCaptureRequest
03-13 19:52:17.295  3379  3647 I MLMRCamera3Hal: EXIT : processCaptureRequest
03-13 19:52:17.329  3482  3603 W Camera3-Device: No cvip timestamp  available
03-13 19:52:17.329  3379  3647 I MLMRCamera3Hal: ENTRY : processCaptureRequest
03-13 19:52:17.329  3379  3647 I MLMRCamera3Hal: EXIT : processCaptureRequest
03-13 19:52:17.361  3482  3603 W Camera3-Device: No cvip timestamp  available
03-13 19:52:17.362  3379  3647 I MLMRCamera3Hal: ENTRY : processCaptureRequest
03-13 19:52:17.362  3379  3647 I MLMRCamera3Hal: EXIT : processCaptureRequest
03-13 19:52:17.394  3482  3603 W Camera3-Device: No cvip timestamp  available
03-13 19:52:17.394  3379  3379 I MLMRCamera3Hal: ENTRY : processCaptureRequest
03-13 19:52:17.395  3379  3379 I MLMRCamera3Hal: EXIT : processCaptureRequest
03-13 19:52:17.428  3482  3603 W Camera3-Device: No cvip timestamp  available
03-13 19:52:17.429  3379  3379 I MLMRCamera3Hal: ENTRY : processCaptureRequest
03-13 19:52:17.429  3379  3379 I MLMRCamera3Hal: EXIT : processCaptureRequest
03-13 19:52:17.460  3482  3603 W Camera3-Device: No cvip timestamp  available
03-13 19:52:17.461  3379  3647 I MLMRCamera3Hal: ENTRY : processCaptureRequest
03-13 19:52:17.461  3379  3647 I MLMRCamera3Hal: EXIT : processCaptureRequest
03-13 19:52:17.484  4383  4383 D BluetoothGatt: readRssi() - device: D4:15:3B:5C:97:20
03-13 19:52:17.490  9431  9455 I com.magicleap.capi.sample.depth_camera: processFrame called with frame_count: 1
03-13 19:52:17.490  9431  9455 I com.magicleap.capi.sample.depth_camera: === Frame 0 ===
03-13 19:52:17.490  9431  9455 I com.magicleap.capi.sample.depth_camera: Raw Depth Image: 544x480 pixels
03-13 19:52:17.490  9431  9455 I com.magicleap.capi.sample.depth_camera:   First 5 pixels: 3.43, 4.46, 4.13, 1.90, 2.39
03-13 19:52:17.490  9431  9455 I com.magicleap.capi.sample.depth_camera:   Center region min: 5.62, max: 1606.00
03-13 19:52:17.490  9431  9455 I com.magicleap.capi.sample.depth_camera: Processed Depth Image: 544x480 pixels
03-13 19:52:17.490  9431  9455 I com.magicleap.capi.sample.depth_camera:   First 5 pixels (meters): 1.076, 0.849, 1.411, 1.088, 0.309
03-13 19:52:17.490  9431  9455 I com.magicleap.capi.sample.depth_camera:   Center region depth (m): min=0.594, max=0.821
03-13 19:52:17.490  9431  9455 I com.magicleap.capi.sample.depth_camera: Confidence Buffer: 544x480 pixels
03-13 19:52:17.490  9431  9455 I com.magicleap.capi.sample.depth_camera:   First 5 confidence values: -0.20, -0.17, -0.19, -0.41, -0.38
03-13 19:52:17.490  9431  9455 I com.magicleap.capi.sample.depth_camera:   Center region confidence: min=-0.13, max=-0.00, avg=-0.05
03-13 19:52:17.490  9431  9455 I com.magicleap.capi.sample.depth_camera: Ambient Raw Depth: 544x480 pixels
03-13 19:52:17.494  9431  9455 I com.magicleap.capi.sample.depth_camera: Detected 3 IR markers
03-13 19:52:17.494  9431  9455 I com.magicleap.capi.sample.depth_camera:   Marker 0: pixel(535.6, 190.4) 3D(0.326, -0.058, 0.415)m area=78 intensity=2036.8
03-13 19:52:17.494  9431  9455 I com.magicleap.capi.sample.depth_camera:   Marker 1: pixel(492.8, 225.7) 3D(0.298, -0.016, 0.464)m area=88 intensity=2071.2
03-13 19:52:17.494  9431  9455 I com.magicleap.capi.sample.depth_camera:   Marker 2: pixel(526.0, 264.2) 3D(0.367, 0.037, 0.488)m area=91 intensity=2235.3
03-13 19:52:17.494  9431  9455 V com.magicleap.capi.sample.depth_camera: ProcessFrame: 3 markers, 1 tools
