area=82 intensity=2033.1
03-13 19:52:10.497  9431  9455 I com.magicleap.capi.sample.depth_camera:   Marker 2: pixel(503.6, 267.1) 3D(0.276, 0.034, 0.407)m area=107 intensity=2045.1
03-13 19:52:10.497  9431  9455 I com.magicleap.capi.sample.depth_camera:   Marker 3: pixel(476.8, 298.0) 3D(0.286, 0.082, 0.480)m area=98 intensity=2108.2
03-13 19:52:10.497  9431  9455 V com.magicleap.capi.sample.depth_camera: ProcessFrame: 4 markers, 1 tools
03-13 19:52:10.497  9431  9455 V com.magicleap.capi.sample.depth_camera: TrackTool 'captured_tool': 0 candidates found
03-13 19:52:10.497  9431  9455 V com.magicleap.capi.sample.depth_camera: Tool 'captured_tool': TRACKED  pos=(0.236,0.176,0.828)
03-13 19:52:10.515  3482  3597 W Camera3-Device: No cvip timestamp  available
03-13 19:52:10.515  3379  3647 I MLMRCamera3Hal: ENTRY : processCaptureRequest
03-13 19:52:10.515  3379  3647 I MLMRCamera3Hal: EXIT : processCaptureRequest
03-13 19:52:10.537  4059 30119 D NetworkMonitor/104: Forcing reevaluation for UID 0. Dns signal count: 0
03-13 19:52:10.548  3482  3597 W Camera3-Device: No cvip timestamp  available
03-13 19:52:10.548  3379  3647 I MLMRCamera3Hal: ENTRY : processCaptureRequest
03-13 19:52:10.548  3379  3647 I MLMRCamera3Hal: EXIT : processCaptureRequest
03-13 19:52:10.560  4059 25184 D NetworkMonitor/104: PROBE_DNS www.google.com 22ms OK 10.0.0.1
03-13 19:52:10.561  4059 25185 D NetworkMonitor/104: PROBE_DNS connectivitycheck.gstatic.com 23ms OK 10.0.0.1
03-13 19:52:10.564  3374 25189 E ResolverController: No valid NAT64 prefix (104, <unspecified>/0)
03-13 19:52:10.564  3374 25190 E ResolverController: No valid NAT64 prefix (104, <unspecified>/0)
03-13 19:52:10.568  4059 25184 D NetworkMonitor/104: PROBE_HTTPS https://www.google.com/generate_204 Probe failed with exception java.net.ConnectException: Failed to connect to www.google.com/10.0.0.1:443
03-13 19:52:10.571  4059 25185 D NetworkMonitor/104: PROBE_HTTP http://connectivitycheck.gstatic.com/generate_204 time=10ms ret=200 request={Connection=[close], User-Agent=[Mozilla/5.0 (X11; Linux x86_64) AppleWebKit/537.36 (KHTML, like Gecko) Chrome/60.0.3112.32 Safari/537.36]} headers={null=[HTTP/1.1 200 OK], Connection=[close], Content-Length=[207], Content-Type=[text/html], X-Android-Received-Millis=[1773431530571], X-Android-Response-Source=[NETWORK 200], X-Android-Selected-Protocol=[http/1.1], X-Android-Sent-Millis=[1773431530567]}
03-13 19:52:10.571  4059 25183 D NetworkMonitor/104: isCaptivePortal: isSuccessful()=false isPortal()=true RedirectUrl=null isPartialConnectivity()=false Time=34ms
03-13 19:52:10.576  3521  3521 W HwBinder:3521_5: type=1400 audit(0.0:296593): avc: denied { search } for name="traces" dev="nvme0n1p37" ino=8003587 scontext=u:r:mediacodec:s0 tcontext=u:object_r:trace_data_file:s0 tclass=dir permissive=0
03-13 19:52:10.582  3482  3597 W Camera3-Device: No cvip timestamp  available
03-13 19:52:10.582  3379  3647 I MLMRCamera3Hal: ENTRY : processCaptureRequest
03-13 19:52:10.582  3379  3647 I MLMRCamera3Hal: EXIT : processCaptureRequest
03-13 19:52:10.608  3521  3521 W HwBinder:3521_4: type=1400 audit(0.0:296594): avc: denied { search } for name="traces" dev="nvme0n1p37" ino=8003587 scontext=u:r:mediacodec:s0 tcontext=u:object_r:trace_data_file:s0 tclass=dir permissive=0
03-13 19:52:10.615  3482  3597 W Camera3-Device: No cvip timestamp  available
03-13 19:52:10.615  3379  3647 I MLMRCamera3Hal: ENTRY : processCaptureRequest
03-13 19:52:10.615  3379  3647 I MLMRCamera3Hal: EXIT : processCaptureRequest
03-13 19:52:10.644  3521  3521 W HwBinder:3521_4: type=1400 audit(0.0:296595): avc: denied { search } for name="traces" dev="nvme0n1p37" ino=8003587 scontext=u:r:mediacodec:s0 tcontext=u:object_r:trace_data_file:s0 tclass=dir permissive=0
03-13 19:52:10.649  3482  3597 W Camera3-Device: No cvip timestamp  available
03-13 19:52:10.649  3379  3647 I MLMRCamera3Hal: ENTRY : processCaptureRequest
03-13 19:52:10.649  3379  3647 I MLMRCamera3Hal: EXIT : processCaptureRequest
03-13 19:52:10.676  3521  3521 W HwBinder:3521_4: type=1400 audit(0.0:296596): avc: denied { search } for name="traces" dev="nvme0n1p37" ino=8003587 scontext=u:r:mediacodec:s0 tcontext=u:object_r:trace_data_file:s0 tclass=dir permissive=0
03-13 19:52:10.681  3482  3597 W Camera3-Device: No cvip timestamp  available
03-13 19:52:10.682  3379  3647 I MLMRCamera3Hal: ENTRY : processCaptureRequest
03-13 19:52:10.682  3379  3647 I MLMRCamera3Hal: EXIT : processCaptureRequest
03-13 19:52:10.693  9431  9455 I com.magicleap.capi.sample.depth_camera: processFrame called with frame_count: 1
03-13 19:52:10.693  9431  9455 I com.magicleap.capi.sample.depth_camera: === Frame 0 ===
03-13 19:52:10.693  9431  9455 I com.magicleap.capi.sample.depth_camera: Raw Depth Image: 544x480 pixels
03-13 19:52:10.693  9431  9455 I com.magicleap.capi.sample.depth_camera:   First 5 pixels: 2.35, 1.67, 1.12, 3.38, 4.13
03-13 19:52:10.693  9431  9455 I com.magicleap.capi.sample.depth_camera:   Center region min: 2.62, max: 58.94
03-13 19:52:10.693  9431  9455 I com.magicleap.capi.sample.depth_camera: Processed Depth Image: 544x480 pixels
03-13 19:52:10.693  9431  9455 I com.magicleap.capi.sample.depth_camera:   First 5 pixels (meters): 0.679, 0.139, 0.731, 0.650, 0.378
03-13 19:52:10.693  9431  9455 I com.magicleap.capi.sample.depth_camera:   Center region depth (m): min=0.653, max=0.991
03-13 19:52:10.693  9431  9455 I com.magicleap.capi.sample.depth_camera: Confidence Buffer: 544x480 pixels
03-13 19:52:10.693  9431  9455 I com.magicleap.capi.sample.depth_camera:   First 5 confidence values: -0.29, -0.57, -0.67, -0.30, -0.18
03-13 19:52:10.693  9431  9455 I com.magicleap.capi.sample.depth_camera:   Center region confidence: min=-0.27, max=-0.01, avg=-0.05
03-13 19:52:10.693  9431  9455 I com.magicleap.capi.sample.depth_camera: Ambient Raw Depth: 544x480 pixels
03-13 19:52:10.695  9431  9455 I com.magicleap.capi.sample.depth_camera: Detected 4 IR markers
03-13 19:52:10.695  9431  9455 I com.magicleap.capi.sample.depth_camera:   Marker 0: pixel(480.8, 228.5) 3D(0.196, -0.009, 0.324)m area=94 intensity=2244.8
03-13 19:52:10.695  9431  9455 I com.magicleap.capi.sample.depth_camera:   Marker 1: pixel(441.7, 264.0) 3D(0.215, 0.032, 0.440)m area=79 intensity=2040.7
03-13 19:52:10.695  9431  9455 I com.magicleap.capi.sample.depth_camera:   Marker 2: pixel(504.1, 268.1) 3D(0.264, 0.034, 0.388)m area=111 intensity=2047.2
03-13 19:52:10.695  9431  9455 I com.magicleap.capi.sample.depth_camera:   Marker 3: pixel(477.4, 299.3) 3D(0.261, 0.076, 0.438)m area=102 intensity=2056.2
03-13 19:52:10.696  9431  9455 V com.magicleap.capi.sample.depth_camera: ProcessFrame: 4 markers, 1 tools
03-13 19:52:10.696  9431  9455 V com.magicleap.capi.sample.depth_camera: TrackTool 'captured_tool': 0 candidates found
03-13 19:52:10.696  9431  9455 V com.magicleap.capi.sample.depth_camera: Tool 'captured_tool': TRACKED  pos=(0.236,0.176,0.828)
03-13 19:52:10.708  3521  3521 W HwBinder:3521_4: type=1400 audit(0.0:296597): avc: denied { search } for name="traces" dev="nvme0n1p37" ino=8003587 scontext=u:r:mediacodec:s0 tcontext=u:object_r:trace_data_file:s0 tclass=dir permissive=0
03-13 19:52:10.715  3482  3597 W Camera3-Device: No cvip timestamp  available
03-13 19:52:10.715  3379  3647 I MLMRCamera3Hal: ENTRY : processCaptureRequest
03-13 19:52:10.716  3379  3647 I MLMRCamera3Hal: EXIT : processCaptureRequest
03-13 19:52:10.748  3482  3597 W Camera3-Device: No cvip timestamp  available
03-13 19:52:10.748  3379  3647 I MLMRCamera3Hal: ENTRY : processCaptureRequest
03-13 19:52:10.749  3379  3647 I MLMRCamera3Hal: EXIT : processCaptureRequest
03-13 19:52:10.782  3482  3597 W Camera3-Device: No cvip timestamp  available
03-13 19:52:10.782  3379  3647 I MLMRCamera3Hal: ENTRY : processCaptureRequest
03-13 19:52:10.782  3379  3647 I MLMRCamera3Hal: EXIT : processCaptureRequest
03-13 19:52:10.815  3482  3597 W Camera3-Device: No cvip timestamp  available
03-13 19:52:10.815  3379  3647 I MLMRCamera3Hal: ENTRY : processCaptureRequest
03-13 19:52:10.815  3379  3647 I MLMRCamera3Hal: EXIT : processCaptureRequest
03-13 19:52:10.848  3482  3597 W Camera3-Device: No cvip timestamp  available
03-13 19:52:10.849  3379  3647 I MLMRCamera3Hal: ENTRY : processCaptureRequest
03-13 19:52:10.849  3379  3647 I MLMRCamera3Hal: EXIT : processCaptureRequest
03-13 19:52:10.881  3482  3597 W Camera3-Device: No cvip timestamp  available
03-13 19:52:10.881  3379  3647 I MLMRCamera3Hal: ENTRY : processCaptureRequest
03-13 19:52:10.882  3379  3647 I MLMRCamera3Hal: EXIT : processCaptureRequest
03-13 19:52:10.895  9431  9455 I com.magicleap.capi.sample.depth_camera: processFrame called with frame_count: 1
03-13 19:52:10.895  9431  9455 I com.magicleap.capi.sample.depth_camera: === Frame 0 ===
03-13 19:52:10.895  9431  9455 I com.magicleap.capi.sample.depth_camera: Raw Depth Image: 544x480 pixels
03-13 19:52:10.895  9431  9455 I com.magicleap.capi.sample.depth_camera:   First 5 pixels: 2.86, 2.98, 4.56, 3.14, 2.84
03-13 19:52:10.895  9431  9455 I com.magicleap.capi.sample.depth_camera:   Center region min: 3.76, max: 57.75
03-13 19:52:10.895  9431  9455 I com.magicleap.capi.sample.depth_camera: Processed Depth Image: 544x480 pixels
03-13 19:52:10.895  9431  9455 I com.magicleap.capi.sample.depth_camera:   First 5 pixels (meters): 0.974, 0.407, 0.690, 0.997, 1.152
03-13 19:52:10.895  9431  9455 I com.magicleap.capi.sample.depth_camera:   Center region depth (m): min=0.754, max=1.084
03-13 19:52:10.895  9431  9455 I com.magicleap.capi.sample.depth_camera: Confidence Buffer: 544x480 pixels
03-13 19:52:10.895  9431  9455 I com.magicleap.capi.sample.depth_camera:   First 5 confidence values: -5.30, -5.30, -0.16, -0.22, -0.24
03-13 19:52:10.895  9431  9455 I com.magicleap.capi.sample.depth_camera:   Center region confidence: min=-0.19, max=-0.01, avg=-0.05
03-13 19:52:10.895  9431  9455 I com.magicleap.capi.sample.depth_camera: Ambient Raw Depth: 544x480 pixels
03-13 19:52:10.900  9431  9455 I com.magicleap.capi.sample.depth_camera: Detected 4 IR markers
03-13 19:52:10.900  9431  9455 I com.magicleap.capi.sample.depth_camera:   Marker 0: pixel(485.6, 227.7) 3D(0.204, -0.009, 0.329)m area=98 intensity=2200.3
03-13 19:52:10.900  9431  9455 I com.magicleap.capi.sample.depth_camera:   Marker 1: pixel(445.7, 263.2) 3D(0.208, 0.029, 0.415)m area=84 intensity=2059.6
03-13 19:52:10.900  9431  9455 I com.magicleap.capi.sample.depth_camera:   Marker 2: pixel(508.4, 267.9) 3D(0.282, 0.035, 0.407)m area=108 intensity=2034.6
03-13 19:52:10.900  9431  9455 I com.magicleap.capi.sample.depth_camera:   Marker 3: pixel(481.3, 298.8) 3D(0.249, 0.071, 0.408)m area=100 intensity=2072.4
03-13 19:52:10.900  9431  9455 V com.magicleap.capi.sample.depth_camera: ProcessFrame: 4 markers, 1 tools
03-13 19:52:10.900  9431  9455 V com.magicleap.capi.sample.depth_camera: TrackTool 'captured_tool': 0 candidates found
03-13 19:52:10.900  9431  9455 V com.magicleap.capi.sample.depth_camera: Tool 'captured_tool': TRACKED  pos=(0.236,0.176,0.828)
03-13 19:52:10.915  3482  3597 W Camera3-Device: No cvip timestamp  available
03-13 19:52:10.916  3379  3647 I MLMRCamera3Hal: ENTRY : processCaptureRequest
03-13 19:52:10.916  3379  3647 I MLMRCamera3Hal: EXIT : processCaptureRequest
03-13 19:52:10.949  3482  3597 W Camera3-Device: No cvip timestamp  available
03-13 19:52:10.949  3379  3647 I MLMRCamera3Hal: ENTRY : processCaptureRequest
03-13 19:52:10.949  3379  3647 I MLMRCamera3Hal: EXIT : processCaptureRequest
03-13 19:52:10.984  3482  3597 W Camera3-Device: No cvip timestamp  available
03-13 19:52:10.984  3379  3647 I MLMRCamera3Hal: ENTRY : processCaptureRequest
03-13 19:52:10.984  3379  3647 I MLMRCamera3Hal: EXIT : processCaptureRequest
03-13 19:52:11.017  3482  3597 W Camera3-Device: No cvip timestamp  available
03-13 19:52:11.017  3379  3647 I MLMRCamera3Hal: ENTRY : processCaptureRequest
03-13 19:52:11.017  3379  3647 I MLMRCamera3Hal: EXIT : processCaptureRequest
03-13 19:52:11.050  3482  3597 W Camera3-Device: No cvip timestamp  available
03-13 19:52:11.050  3379  3647 I MLMRCamera3Hal: ENTRY : processCaptureRequest
03-13 19:52:11.051  3379  3647 I MLMRCamera3Hal: EXIT : processCaptureRequest
03-13 19:52:11.083  3482  3597 W Camera3-Device: No cvip timestamp  available
03-13 19:52:11.083  3379  3647 I MLMRCamera3Hal: ENTRY : processCaptureRequest
03-13 19:52:11.084  3379  3647 I MLMRCamera3Hal: EXIT : processCaptureRequest
03-13 19:52:11.097  9431  9455 I com.magicleap.capi.sample.depth_camera: processFrame called with frame_count: 1
03-13 19:52:11.097  9431  9455 I com.magicleap.capi.sample.depth_camera: === Frame 0 ===
03-13 19:52:11.097  9431  9455 I com.magicleap.capi.sample.depth_camera: Raw Depth Image: 544x480 pixels
03-13 19:52:11.097  9431  9455 I com.magicleap.capi.sample.depth_camera:   First 5 pixels: 2.99, 3.55, 2.55, 2.19, 3.83
03-13 19:52:11.097  9431  9455 I com.magicleap.capi.sample.depth_camera:   Center region min: 2.22, max: 57.38
03-13 19:52:11.097  9431  9455 I com.magicleap.capi.sample.depth_camera: Processed Depth Image: 544x480 pixels
03-13 19:52:11.097  9431  9455 I com.magicleap.capi.sample.depth_camera:   First 5 pixels (meters): 1.195, 0.831, 0.663, 1.285, 0.927
03-13 19:52:11.097  9431  9455 I com.magicleap.capi.sample.depth_camera:   Center region depth (m): min=0.717, max=0.992
03-13 19:52:11.097  9431  9455 I com.magicleap.capi.sample.depth_camera: Confidence Buffer: 544x480 pixels
03-13 19:52:11.097  9431  9455 I com.magicleap.capi.sample.depth_camera:   First 5 confidence values: -0.23, -0.20, -0.52, -0.53, -0.18
03-13 19:52:11.097  9431  9455 I com.magicleap.capi.sample.depth_camera:   Center region confidence: min=-0.53, max=-0.01, avg=-0.06
03-13 19:52:11.097  9431  9455 I com.magicleap.capi.sample.depth_camera: Ambient Raw Depth: 544x480 pixels
03-13 19:52:11.102  9431  9455 I com.magicleap.capi.sample.depth_camera: Detected 4 IR markers
03-13 19:52:11.102  9431  9455 I com.magicleap.capi.sample.depth_camera:   Marker 0: pixel(484.8, 228.0) 3D(0.205, -0.009, 0.332)m area=98 intensity=2179.4
03-13 19:52:11.102  9431  9455 I com.magicleap.capi.sample.depth_camera:   Marker 1: pixel(445.2, 263.4) 3D(0.204, 0.029, 0.408)m area=87 intensity=2062.1
03-13 19:52:11.102  9431  9455 I com.magicleap.capi.sample.depth_camera:   Marker 2: pixel(508.0, 268.0) 3D(0.292, 0.037, 0.423)m area=114 intensity=2044.8
03-13 19:52:11.102  9431  9455 I com.magicleap.capi.sample.depth_camera:   Marker 3: pixel(480.6, 299.1) 3D(0.263, 0.075, 0.433)m area=102 intensity=2051.1
03-13 19:52:11.102  9431  9455 V com.magicleap.capi.sample.depth_camera: ProcessFrame: 4 markers, 1 tools
03-13 19:52:11.102  9431  9455 V com.magicleap.capi.sample.depth_camera: TrackTool 'captured_tool': 0 candidates found
03-13 19:52:11.102  9431  9455 V com.magicleap.capi.sample.depth_camera: Tool 'captured_tool': TRACKED  pos=(0.236,0.176,0.828)
03-13 19:52:11.117  3482  3597 W Camera3-Device: No cvip timestamp  available
03-13 19:52:11.117  3379  3647 I MLMRCamera3Hal: ENTRY : processCaptureRequest
03-13 19:52:11.117  3379  3647 I MLMRCamera3Hal: EXIT : processCaptureRequest
03-13 19:52:11.150  3482  3597 W Camera3-Device: No cvip timestamp  available
03-13 19:52:11.151  3379  3647 I MLMRCamera3Hal: ENTRY : processCaptureRequest
03-13 19:52:11.151  3379  3647 I MLMRCamera3Hal: EXIT : processCaptureRequest
03-13 19:52:11.163  6087  6169 I vcamdmmcontroller_service: nova/frameworks/services/perception_services/vcamdmmcontroller_svc/bin/src/main.cpp(182) ListenOnZpad():
03-13 19:52:11.163  6087  6169 I vcamdmmcontroller_service: INF: ZPAD PW_MS_CONTROL_ZPAD still waiting...
03-13 19:52:11.183  3482  3597 W Camera3-Device: No cvip timestamp  available
03-13 19:52:11.184  3379  3647 I MLMRCamera3Hal: ENTRY : processCaptureRequest
03-13 19:52:11.184  3379  3647 I MLMRCamera3Hal: EXIT : processCaptureRequest
03-13 19:52:11.217  3482  3597 W Camera3-Device: No cvip timestamp  available
03-13 19:52:11.217  3379  3647 I MLMRCamera3Hal: ENTRY : processCaptureRequest
03-13 19:52:11.217  3379  3647 I MLMRCamera3Hal: EXIT : processCaptureRequest
03-13 19:52:11.251  3482  3597 W Camera3-Device: No cvip timestamp  available
03-13 19:52:11.251  3379  3647 I MLMRCamera3Hal: ENTRY : processCaptureRequest
03-13 19:52:11.251  3379  3647 I MLMRCamera3Hal: EXIT : processCaptureRequest
03-13 19:52:11.283  3482  3597 W Camera3-Device: No cvip timestamp  available
03-13 19:52:11.283  3379  3647 I MLMRCamera3Hal: ENTRY : processCaptureRequest
03-13 19:52:11.284  3379  3647 I MLMRCamera3Hal: EXIT : processCaptureRequest
03-13 19:52:11.293  9431  9455 I com.magicleap.capi.sample.depth_camera: processFrame called with frame_count: 1
03-13 19:52:11.293  9431  9455 I com.magicleap.capi.sample.depth_camera: === Frame 0 ===
03-13 19:52:11.293  9431  9455 I com.magicleap.capi.sample.depth_camera: Raw Depth Image: 544x480 pixels
03-13 19:52:11.293  9431  9455 I com.magicleap.capi.sample.depth_camera:   First 5 pixels: 1.88, 2.72, 4.43, 3.47, 1.76
03-13 19:52:11.293  9431  9455 I com.magicleap.capi.sample.depth_camera:   Center region min: 2.81, max: 58.56
03-13 19:52:11.293  9431  9455 I com.magicleap.capi.sample.depth_camera: Processed Depth Image: 544x480 pixels
03-13 19:52:11.293  9431  9455 I com.magicleap.capi.sample.depth_camera:   First 5 pixels (meters): 1.465, 1.441, 0.887, 0.344, 1.131
03-13 19:52:11.293  9431  9455 I com.magicleap.capi.sample.depth_camera:   Center region depth (m): min=0.688, max=0.987
03-13 19:52:11.293  9431  9455 I com.magicleap.capi.sample.depth_camera: Confidence Buffer: 544x480 pixels
03-13 19:52:11.293  9431  9455 I com.magicleap.capi.sample.depth_camera:   First 5 confidence values: -0.55, -0.51, -0.15, -0.20, -0.56
03-13 19:52:11.293  9431  9455 I com.magicleap.capi.sample.depth_camera:   Center region confidence: min=-0.29, max=-0.01, avg=-0.05
03-13 19:52:11.293  9431  9455 I com.magicleap.capi.sample.depth_camera: Ambient Raw Depth: 544x480 pixels
03-13 19:52:11.296  9431  9455 I com.magicleap.capi.sample.depth_camera: Detected 4 IR markers
03-13 19:52:11.296  9431  9455 I com.magicleap.capi.sample.depth_camera:   Marker 0: pixel(486.6, 232.0) 3D(0.208, -0.006, 0.334)m area=106 intensity=2145.2
03-13 19:52:11.296  9431  9455 I com.magicleap.capi.sample.depth_camera:   Marker 1: pixel(445.7, 267.5) 3D(0.180, 0.030, 0.360)m area=91 intensity=2146.3
03-13 19:52:11.296  9431  9455 I com.magicleap.capi.sample.depth_camera:   Marker 2: pixel(510.0, 273.0) 3D(0.258, 0.037, 0.369)m area=114 intensity=2062.5
03-13 19:52:11.296  9431  9455 I com.magicleap.capi.sample.depth_camera:   Marker 3: pixel(481.8, 303.9) 3D(0.249, 0.077, 0.407)m area=101 intensity=2046.6
03-13 19:52:11.296  9431  9455 V com.magicleap.capi.sample.depth_camera: ProcessFrame: 4 markers, 1 tools
03-13 19:52:11.296  9431  9455 V com.magicleap.capi.sample.depth_camera: TrackTool 'captured_tool': 0 candidates found
03-13 19:52:11.296  9431  9455 V com.magicleap.capi.sample.depth_camera: Tool 'captured_tool': TRACKED  pos=(0.236,0.176,0.828)
03-13 19:52:11.317  3482  3597 W Camera3-Device: No cvip timestamp  available
03-13 19:52:11.317  3379  3647 I MLMRCamera3Hal: ENTRY : processCaptureRequest
03-13 19:52:11.317  3379  3647 I MLMRCamera3Hal: EXIT : processCaptureRequest
03-13 19:52:11.349  3482  3597 W Camera3-Device: No cvip timestamp  available
03-13 19:52:11.349  3379  3647 I MLMRCamera3Hal: ENTRY : processCaptureRequest
03-13 19:52:11.349  3379  3647 I MLMRCamera3Hal: EXIT : processCaptureRequest
03-13 19:52:11.384  3482  3597 W Camera3-Device: No cvip timestamp  available
03-13 19:52:11.384  3379  3647 I MLMRCamera3Hal: ENTRY : processCaptureRequest
03-13 19:52:11.384  3379  3647 I MLMRCamera3Hal: EXIT : processCaptureRequest
03-13 19:52:11.417  3482  3597 W Camera3-Device: No cvip timestamp  available
03-13 19:52:11.417  3379  3647 I MLMRCamera3Hal: ENTRY : processCaptureRequest
03-13 19:52:11.417  3379  3647 I MLMRCamera3Hal: EXIT : processCaptureRequest
03-13 19:52:11.419  6087  6170 I vcamdmmcontroller_service: nova/frameworks/services/perception_services/vcamdmmcontroller_svc/bin/src/main.cpp(182) ListenOnZpad():
03-13 19:52:11.419  6087  6170 I vcamdmmcontroller_service: INF: ZPAD PW_CONFIG_MAPPING_MODE_ZPAD still waiting...
03-13 19:52:11.450  3482  3597 W Camera3-Device: No cvip timestamp  available
03-13 19:52:11.451  3379  3647 I MLMRCamera3Hal: ENTRY : processCaptureRequest
03-13 19:52:11.451  3379  3647 I MLMRCamera3Hal: EXIT : processCaptureRequest
03-13 19:52:11.478  4383  4383 D BluetoothGatt: readRssi() - device: D4:15:3B:5C:97:20
03-13 19:52:11.483  3482  3597 W Camera3-Device: No cvip timestamp  available
03-13 19:52:11.483  3379  3647 I MLMRCamera3Hal: ENTRY : processCaptureRequest
03-13 19:52:11.484  3379  3647 I MLMRCamera3Hal: EXIT : processCaptureRequest
03-13 19:52:11.498  9431  9455 I com.magicleap.capi.sample.depth_camera: processFrame called with frame_count: 1
03-13 19:52:11.498  9431  9455 I com.magicleap.capi.sample.depth_camera: === Frame 0 ===
03-13 19:52:11.498  9431  9455 I com.magicleap.capi.sample.depth_camera: Raw Depth Image: 544x480 pixels
03-13 19:52:11.498  9431  9455 I com.magicleap.capi.sample.depth_camera:   First 5 pixels: 3.58, 3.85, 4.48, 3.79, 3.71
03-13 19:52:11.498  9431  9455 I com.magicleap.capi.sample.depth_camera:   Center region min: 2.68, max: 56.88
03-13 19:52:11.498  9431  9455 I com.magicleap.capi.sample.depth_camera: Processed Depth Image: 544x480 pixels
03-13 19:52:11.498  9431  9455 I com.magicleap.capi.sample.depth_camera:   First 5 pixels (meters): 0.504, 0.987, 1.111, 0.817, 0.633
03-13 19:52:11.498  9431  9455 I com.magicleap.capi.sample.depth_camera:   Center region depth (m): min=0.698, max=0.981
03-13 19:52:11.498  9431  9455 I com.magicleap.capi.sample.depth_camera: Confidence Buffer: 544x480 pixels
03-13 19:52:11.498  9431  9455 I com.magicleap.capi.sample.depth_camera:   First 5 confidence values: -0.19, -0.18, -0.15, -0.18, -0.19
03-13 19:52:11.498  9431  9455 I com.magicleap.capi.sample.depth_camera:   Center region confidence: min=-0.40, max=-0.01, avg=-0.05
03-13 19:52:11.498  9431  9455 I com.magicleap.capi.sample.depth_camera: Ambient Raw Depth: 544x480 pixels
03-13 19:52:11.502  9431  9455 I com.magicleap.capi.sample.depth_camera: Detected 4 IR markers
03-13 19:52:11.502  9431  9455 I com.magicleap.capi.sample.depth_camera:   Marker 0: pixel(487.5, 234.4) 3D(0.152, -0.002, 0.243)m area=111 intensity=2812.5
03-13 19:52:11.502  9431  9455 I com.magicleap.capi.sample.depth_camera:   Marker 1: pixel(445.6, 269.5) 3D(0.164, 0.029, 0.328)m area=91 intensity=2266.3
03-13 19:52:11.502  9431  9455 I com.magicleap.capi.sample.depth_camera:   Marker 2: pixel(511.0, 276.3) 3D(0.201, 0.032, 0.287)m area=120 intensity=2329.7
03-13 19:52:11.502  9431  9455 I com.magicleap.capi.sample.depth_camera:   Marker 3: pixel(482.2, 306.7) 3D(0.220, 0.071, 0.360)m area=102 intensity=2105.4
03-13 19:52:11.502  9431  9455 V com.magicleap.capi.sample.depth_camera: ProcessFrame: 4 markers, 1 tools
03-13 19:52:11.503  9431  9455 V com.magicleap.capi.sample.depth_camera: TrackTool 'captured_tool': 0 candidates found
03-13 19:52:11.503  9431  9455 V com.magicleap.capi.sample.depth_camera: Tool 'captured_tool': TRACKED  pos=(0.236,0.176,0.828)
03-13 19:52:11.517  3482  3597 W Camera3-Device: No cvip timestamp  available
03-13 19:52:11.517  3379  3647 I MLMRCamera3Hal: ENTRY : processCaptureRequest
03-13 19:52:11.517  3379  3647 I MLMRCamera3Hal: EXIT : processCaptureRequest
03-13 19:52:11.550  3482  3597 W Camera3-Device: No cvip timestamp  available
03-13 19:52:11.551  3379  3647 I MLMRCamera3Hal: ENTRY : processCaptureRequest
03-13 19:52:11.551  3379  3647 I MLMRCamera3Hal: EXIT : processCaptureRequest
03-13 19:52:11.584  3482  3597 W Camera3-Device: No cvip timestamp  available
03-13 19:52:11.584  3379  3647 I MLMRCamera3Hal: ENTRY : processCaptureRequest
03-13 19:52:11.584  3379  3647 I MLMRCamera3Hal: EXIT : processCaptureRequest
03-13 19:52:11.612  3521  3521 W HwBinder:3521_4: type=1400 audit(0.0:296624): avc: denied { search } for name="traces" dev="nvme0n1p37" ino=8003587 scontext=u:r:mediacodec:s0 tcontext=u:object_r:trace_data_file:s0 tclass=dir permissive=0
03-13 19:52:11.618  3482  3597 W Camera3-Device: No cvip timestamp  available
03-13 19:52:11.619  3379  3647 I MLMRCamera3Hal: ENTRY : processCaptureRequest
03-13 19:52:11.619  3379  3647 I MLMRCamera3Hal: EXIT : processCaptureRequest
03-13 19:52:11.644  3521  3521 W HwBinder:3521_4: type=1400 audit(0.0:296625): avc: denied { search } for name="traces" dev="nvme0n1p37" ino=8003587 scontext=u:r:mediacodec:s0 tcontext=u:object_r:trace_data_file:s0 tclass=dir permissive=0
03-13 19:52:11.651  3482  3597 W Camera3-Device: No cvip timestamp  available
03-13 19:52:11.651  3379  3647 I MLMRCamera3Hal: ENTRY : processCaptureRequest
03-13 19:52:11.651  3379  3647 I MLMRCamera3Hal: EXIT : processCaptureRequest
03-13 19:52:11.676  3521  3521 W HwBinder:3521_4: type=1400 audit(0.0:296626): avc: denied { search } for name="traces" dev="nvme0n1p37" ino=8003587 scontext=u:r:mediacodec:s0 tcontext=u:object_r:trace_data_file:s0 tclass=dir permissive=0
03-13 19:52:11.684  3482  3597 W Camera3-Device: No cvip timestamp  available
03-13 19:52:11.684  3379  3647 I MLMRCamera3Hal: ENTRY : processCaptureRequest
03-13 19:52:11.684  3379  3647 I MLMRCamera3Hal: EXIT : processCaptureRequest
03-13 19:52:11.697  9431  9455 I com.magicleap.capi.sample.depth_camera: processFrame called with frame_count: 1
03-13 19:52:11.697  9431  9455 I com.magicleap.capi.sample.depth_camera: === Frame 0 ===
03-13 19:52:11.697  9431  9455 I com.magicleap.capi.sample.depth_camera: Raw Depth Image: 544x480 pixels
03-13 19:52:11.697  9431  9455 I com.magicleap.capi.sample.depth_camera:   First 5 pixels: 4.98, 4.07, 4.67, 2.70, 3.45
03-13 19:52:11.697  9431  9455 I com.magicleap.capi.sample.depth_camera:   Center region min: 2.16, max: 58.44
03-13 19:52:11.697  9431  9455 I com.magicleap.capi.sample.depth_camera: Processed Depth Image: 544x480 pixels
03-13 19:52:11.697  9431  9455 I com.magicleap.capi.sample.depth_camera:   First 5 pixels (meters): 1.252, 1.295, 1.203, 1.124, 0.839
03-13 19:52:11.697  9431  9455 I com.magicleap.capi.sample.depth_camera:   Center region depth (m): min=0.681, max=1.381
03-13 19:52:11.697  9431  9455 I com.magicleap.capi.sample.depth_camera: Confidence Buffer: 544x480 pixels
03-13 19:52:11.697  9431  9455 I com.magicleap.capi.sample.depth_camera:   First 5 confidence values: -0.21, -0.22, -0.16, -0.27, -0.23
03-13 19:52:11.697  9431  9455 I com.magicleap.capi.sample.depth_camera:   Center region confidence: min=-0.42, max=-0.01, avg=-0.05
03-13 19:52:11.697  9431  9455 I com.magicleap.capi.sample.depth_camera: Ambient Raw Depth: 544x480 pixels
03-13 19:52:11.701  9431  9455 I com.magicleap.capi.sample.depth_camera: Detected 4 IR markers
03-13 19:52:11.701  9431  9455 I com.magicleap.capi.sample.depth_camera:   Marker 0: pixel(483.2, 235.0) 3D(0.168, -0.002, 0.275)m area=111 intensity=2543.1
03-13 19:52:11.701  9431  9455 I com.magicleap.capi.sample.depth_camera:   Marker 1: pixel(442.0, 270.7) 3D(0.177, 0.033, 0.362)m area=92 intensity=2136.9
03-13 19:52:11.701  9431  9455 I com.magicleap.capi.sample.depth_camera:   Marker 2: pixel(507.3, 276.4) 3D(0.199, 0.032, 0.289)m area=121 intensity=2318.6
03-13 19:52:11.701  9431  9455 I com.magicleap.capi.sample.depth_camera:   Marker 3: pixel(479.3, 307.1) 3D(0.246, 0.080, 0.407)m area=106 intensity=2049.2
03-13 19:52:11.701  9431  9455 V com.magicleap.capi.sample.depth_camera: ProcessFrame: 4 markers, 1 tools
03-13 19:52:11.702  9431  9455 V com.magicleap.capi.sample.depth_camera: TrackTool 'captured_tool': 0 candidates found
03-13 19:52:11.702  9431  9455 V com.magicleap.capi.sample.depth_camera: Tool 'captured_tool': TRACKED  pos=(0.236,0.176,0.828)
03-13 19:52:11.712  3521  3521 W HwBinder:3521_5: type=1400 audit(0.0:296627): avc: denied { search } for name="traces" dev="nvme0n1p37" ino=8003587 scontext=u:r:mediacodec:s0 tcontext=u:object_r:trace_data_file:s0 tclass=dir permissive=0
03-13 19:52:11.717  3482  3597 W Camera3-Device: No cvip timestamp  available
03-13 19:52:11.718  3379  3647 I MLMRCamera3Hal: ENTRY : processCaptureRequest
03-13 19:52:11.718  3379  3647 I MLMRCamera3Hal: EXIT : processCaptureRequest
03-13 19:52:11.744  3521  3521 W HwBinder:3521_5: type=1400 audit(0.0:296628): avc: denied { search } for name="traces" dev="nvme0n1p37" ino=8003587 scontext=u:r:mediacodec:s0 tcontext=u:object_r:trace_data_file:s0 tclass=dir permissive=0
03-13 19:52:11.750  3482  3603 W Camera3-Device: No cvip timestamp  available
03-13 19:52:11.751  3379  3647 I MLMRCamera3Hal: ENTRY : processCaptureRequest
03-13 19:52:11.751  3379  3647 I MLMRCamera3Hal: EXIT : processCaptureRequest
03-13 19:52:11.784  3482  3603 W Camera3-Device: No cvip timestamp  available
03-13 19:52:11.784  3379  3647 I MLMRCamera3Hal: ENTRY : processCaptureRequest
03-13 19:52:11.784  3379  3647 I MLMRCamera3Hal: EXIT : processCaptureRequest
03-13 19:52:11.817  3482  3603 W Camera3-Device: No cvip timestamp  available
03-13 19:52:11.817  3379  3647 I MLMRCamera3Hal: ENTRY : processCaptureRequest
03-13 19:52:11.817  3379  3647 I MLMRCamera3Hal: EXIT : processCaptureRequest
03-13 19:52:11.850  3482  3603 W Camera3-Device: No cvip timestamp  available
03-13 19:52:11.851  3379  3647 I MLMRCamera3Hal: ENTRY : processCaptureRequest
03-13 19:52:11.851  3379  3647 I MLMRCamera3Hal: EXIT : processCaptureRequest
03-13 19:52:11.883  3482  3603 W Camera3-Device: No cvip timestamp  available
03-13 19:52:11.884  3379  3647 I MLMRCamera3Hal: ENTRY : processCaptureRequest
03-13 19:52:11.884  3379  3647 I MLMRCamera3Hal: EXIT : processCaptureRequest
03-13 19:52:11.899  9431  9455 I com.magicleap.capi.sample.depth_camera: processFrame called with frame_count: 1
03-13 19:52:11.899  9431  9455 I com.magicleap.capi.sample.depth_camera: === Frame 0 ===
03-13 19:52:11.899  9431  9455 I com.magicleap.capi.sample.depth_camera: Raw Depth Image: 544x480 pixels
03-13 19:52:11.900  9431  9455 I com.magicleap.capi.sample.depth_camera:   First 5 pixels: 4.29, 4.14, 2.72, 2.68, 3.60
03-13 19:52:11.900  9431  9455 I com.magicleap.capi.sample.depth_camera:   Center region min: 3.46, max: 58.19
03-13 19:52:11.900  9431  9455 I com.magicleap.capi.sample.depth_camera: Processed Depth Image: 544x480 pixels
03-13 19:52:11.900  9431  9455 I com.magicleap.capi.sample.depth_camera:   First 5 pixels (meters): 0.292, 0.806, 0.953, 1.289, 1.136
03-13 19:52:11.900  9431  9455 I com.magicleap.capi.sample.depth_camera:   Center region depth (m): min=0.678, max=0.986
03-13 19:52:11.900  9431  9455 I com.magicleap.capi.sample.depth_camera: Confidence Buffer: 544x480 pixels
03-13 19:52:11.900  9431  9455 I com.magicleap.capi.sample.depth_camera:   First 5 confidence values: -0.16, -0.17, -0.51, -0.52, -0.21
03-13 19:52:11.900  9431  9455 I com.magicleap.capi.sample.depth_camera:   Center region confidence: min=-0.23, max=-0.01, avg=-0.05
03-13 19:52:11.900  9431  9455 I com.magicleap.capi.sample.depth_camera: Ambient Raw Depth: 544x480 pixels
03-13 19:52:11.904  9431  9455 I com.magicleap.capi.sample.depth_camera: Detected 4 IR markers
03-13 19:52:11.904  9431  9455 I com.magicleap.capi.sample.depth_camera:   Marker 0: pixel(484.3, 234.6) 3D(0.169, -0.002, 0.274)m area=111 intensity=2532.2
03-13 19:52:11.904  9431  9455 I com.magicleap.capi.sample.depth_camera:   Marker 1: pixel(442.9, 270.3) 3D(0.167, 0.031, 0.339)m area=95 intensity=2242.4
03-13 19:52:11.904  9431  9455 I com.magicleap.capi.sample.depth_camera:   Marker 2: pixel(508.3, 276.2) 3D(0.199, 0.032, 0.287)m area=119 intensity=2315.1
03-13 19:52:11.904  9431  9455 I com.magicleap.capi.sample.depth_camera:   Marker 3: pixel(479.9, 306.9) 3D(0.226, 0.073, 0.373)m area=107 intensity=2093.6
03-13 19:52:11.904  9431  9455 V com.magicleap.capi.sample.depth_camera: ProcessFrame: 4 markers, 1 tools
03-13 19:52:11.904  9431  9455 V com.magicleap.capi.sample.depth_camera: TrackTool 'captured_tool': 0 candidates found
03-13 19:52:11.904  9431  9455 V com.magicleap.capi.sample.depth_camera: Tool 'captured_tool': TRACKED  pos=(0.236,0.176,0.828)
03-13 19:52:11.917  3482  3603 W Camera3-Device: No cvip timestamp  available
03-13 19:52:11.917  3379  3647 I MLMRCamera3Hal: ENTRY : processCaptureRequest
03-13 19:52:11.917  3379  3647 I MLMRCamera3Hal: EXIT : processCaptureRequest
03-13 19:52:11.951  3482  3603 W Camera3-Device: No cvip timestamp  available
03-13 19:52:11.951  3379  3647 I MLMRCamera3Hal: ENTRY : processCaptureRequest
03-13 19:52:11.951  3379  3647 I MLMRCamera3Hal: EXIT : processCaptureRequest
03-13 19:52:11.953  4739  5260 I ControlService: nova/frameworks/services/controlservice/service/src/control_adapter.cpp(401) printStatistics():
03-13 19:52:11.953  4739  5260 I ControlService: ALW: TT-controlService,ControlAdapter,reason=stats:Constellation msgs_ps=0.1997, fail_ps=0, latency_ms=0, requests=2, failure=0
03-13 19:52:11.953  4739  5260 I ControlService: nova/frameworks/services/controlservice/service/src/control_adapter.cpp(401) printStatistics():
03-13 19:52:11.953  4739  5260 I ControlService: ALW: TT-controlService,ControlAdapter,reason=stats:LedSync msgs_ps=0.798802, fail_ps=0, latency_ms=12.5, requests=8, failure=0
03-13 19:52:11.984  3482  3603 W Camera3-Device: No cvip timestamp  available
03-13 19:52:11.984  3379  3647 I MLMRCamera3Hal: ENTRY : processCaptureRequest
03-13 19:52:11.984  3379  3647 I MLMRCamera3Hal: EXIT : processCaptureRequest
03-13 19:52:12.017  3482  3603 W Camera3-Device: No cvip timestamp  available
03-13 19:52:12.018  3379  3647 I MLMRCamera3Hal: ENTRY : processCaptureRequest
03-13 19:52:12.018  3379  3647 I MLMRCamera3Hal: EXIT : processCaptureRequest
03-13 19:52:12.051  3482  3603 W Camera3-Device: No cvip timestamp  available
03-13 19:52:12.051  3379  3647 I MLMRCamera3Hal: ENTRY : processCaptureRequest
03-13 19:52:12.051  3379  3647 I MLMRCamera3Hal: EXIT : processCaptureRequest
03-13 19:52:12.084  3482  3603 W Camera3-Device: No cvip timestamp  available
03-13 19:52:12.084  3379  3647 I MLMRCamera3Hal: ENTRY : processCaptureRequest
03-13 19:52:12.084  3379  3647 I MLMRCamera3Hal: EXIT : processCaptureRequest
03-13 19:52:12.097  9431  9455 I com.magicleap.capi.sample.depth_camera: processFrame called with frame_count: 1
03-13 19:52:12.097  9431  9455 I com.magicleap.capi.sample.depth_camera: === Frame 0 ===
03-13 19:52:12.097  9431  9455 I com.magicleap.capi.sample.depth_camera: Raw Depth Image: 544x480 pixels
03-13 19:52:12.097  9431  9455 I com.magicleap.capi.sample.depth_camera:   First 5 pixels: 2.63, 2.83, 3.33, 4.34, 3.88
03-13 19:52:12.097  9431  9455 I com.magicleap.capi.sample.depth_camera:   Center region min: 4.34, max: 60.00
03-13 19:52:12.097  9431  9455 I com.magicleap.capi.sample.depth_camera: Processed Depth Image: 544x480 pixels
03-13 19:52:12.097  9431  9455 I com.magicleap.capi.sample.depth_camera:   First 5 pixels (meters): 0.757, 0.965, 1.068, 0.759, 0.238
03-13 19:52:12.097  9431  9455 I com.magicleap.capi.sample.depth_camera:   Center region depth (m): min=0.693, max=0.977
03-13 19:52:12.097  9431  9455 I com.magicleap.capi.sample.depth_camera: Confidence Buffer: 544x480 pixels
03-13 19:52:12.097  9431  9455 I com.magicleap.capi.sample.depth_camera:   First 5 confidence values: -0.31, -0.30, -0.21, -0.19, -0.26
03-13 19:52:12.097  9431  9455 I com.magicleap.capi.sample.depth_camera:   Center region confidence: min=-0.16, max=-0.01, avg=-0.05
03-13 19:52:12.097  9431  9455 I com.magicleap.capi.sample.depth_camera: Ambient Raw Depth: 544x480 pixels
03-13 19:52:12.102  9431  9455 I com.magicleap.capi.sample.depth_camera: Detected 4 IR markers
03-13 19:52:12.102  9431  9455 I com.magicleap.capi.sample.depth_camera:   Marker 0: pixel(491.3, 236.1) 3D(0.169, -0.001, 0.265)m area=107 intensity=2525.2
03-13 19:52:12.102  9431  9455 I com.magicleap.capi.sample.depth_camera:   Marker 1: pixel(448.7, 271.1) 3D(0.160, 0.029, 0.314)m area=96 intensity=2344.6
03-13 19:52:12.102  9431  9455 I com.magicleap.capi.sample.depth_camera:   Marker 2: pixel(514.1, 278.4) 3D(0.222, 0.037, 0.312)m area=123 intensity=2190.4
03-13 19:52:12.102  9431  9455 I com.magicleap.capi.sample.depth_camera:   Marker 3: pixel(484.7, 308.7) 3D(0.212, 0.069, 0.341)m area=106 intensity=2129.8
03-13 19:52:12.102  9431  9455 V com.magicleap.capi.sample.depth_camera: ProcessFrame: 4 markers, 1 tools
03-13 19:52:12.102  9431  9455 V com.magicleap.capi.sample.depth_camera: TrackTool 'captured_tool': 0 candidates found
03-13 19:52:12.102  9431  9455 V com.magicleap.capi.sample.depth_camera: Tool 'captured_tool': TRACKED  pos=(0.236,0.176,0.828)
03-13 19:52:12.117  3482  3603 W Camera3-Device: No cvip timestamp  available
03-13 19:52:12.117  3379  3647 I MLMRCamera3Hal: ENTRY : processCaptureRequest
03-13 19:52:12.118  3379  3647 I MLMRCamera3Hal: EXIT : processCaptureRequest
03-13 19:52:12.151  3482  3603 W Camera3-Device: No cvip timestamp  available
03-13 19:52:12.151  3379  3647 I MLMRCamera3Hal: ENTRY : processCaptureRequest
03-13 19:52:12.151  3379  3647 I MLMRCamera3Hal: EXIT : processCaptureRequest
03-13 19:52:12.182  4739  5264 I ControlService: nova/frameworks/services/controlservice/fused_pose_reader/src/fused_pose_reader_impl.cpp(358) printStats():
03-13 19:52:12.182  4739  5264 I ControlService: ALW: TT-fusedPoseReaderImpl,reason=stats:Fused, rate(p/sec)=133.4, total=1334, failed=0, invalid=0, latency(usec)=9089.04, latency_variance=199110
03-13 19:52:12.184  3482  3603 W Camera3-Device: No cvip timestamp  available
03-13 19:52:12.184  3379  3647 I MLMRCamera3Hal: ENTRY : processCaptureRequest
03-13 19:52:12.184  3379  3647 I MLMRCamera3Hal: EXIT : processCaptureRequest
03-13 19:52:12.219  3482  3603 W Camera3-Device: No cvip timestamp  available
03-13 19:52:12.219  3379  3647 I MLMRCamera3Hal: ENTRY : processCaptureRequest
03-13 19:52:12.219  3379  3647 I MLMRCamera3Hal: EXIT : processCaptureRequest
03-13 19:52:12.253  3482  3603 W Camera3-Device: No cvip timestamp  available
03-13 19:52:12.253  3379  3647 I MLMRCamera3Hal: ENTRY : processCaptureRequest
03-13 19:52:12.253  3379  3647 I MLMRCamera3Hal: EXIT : processCaptureRequest
03-13 19:52:12.284  3482  3603 W Camera3-Device: No cvip timestamp  available
03-13 19:52:12.284  3379  3647 I MLMRCamera3Hal: ENTRY : processCaptureRequest
03-13 19:52:12.284  3379  3647 I MLMRCamera3Hal: EXIT : processCaptureRequest
03-13 19:52:12.298  9431  9455 I com.magicleap.capi.sample.depth_camera: processFrame called with frame_count: 1
03-13 19:52:12.298  9431  9455 I com.magicleap.capi.sample.depth_camera: === Frame 0 ===
03-13 19:52:12.298  9431  9455 I com.magicleap.capi.sample.depth_camera: Raw Depth Image: 544x480 pixels
03-13 19:52:12.298  9431  9455 I com.magicleap.capi.sample.depth_camera:   First 5 pixels: 1.41, 2.69, 3.12, 2.18, 1.97
03-13 19:52:12.298  9431  9455 I com.magicleap.capi.sample.depth_camera:   Center region min: 2.62, max: 60.25
03-13 19:52:12.298  9431  9455 I com.magicleap.capi.sample.depth_camera: Processed Depth Image: 544x480 pixels
03-13 19:52:12.298  9431  9455 I com.magicleap.capi.sample.depth_camera:   First 5 pixels (meters): 1.539, 1.154, 0.518, 0.554, 0.371
03-13 19:52:12.298  9431  9455 I com.magicleap.capi.sample.depth_camera:   Center region depth (m): min=0.725, max=0.986
03-13 19:52:12.298  9431  9455 I com.magicleap.capi.sample.depth_camera: Confidence Buffer: 544x480 pixels
03-13 19:52:12.298  9431  9455 I com.magicleap.capi.sample.depth_camera:   First 5 confidence values: -0.49, -0.37, -0.24, -0.31, -0.35
03-13 19:52:12.299  9431  9455 I com.magicleap.capi.sample.depth_camera:   Center region confidence: min=-0.27, max=-0.01, avg=-0.05
03-13 19:52:12.299  9431  9455 I com.magicleap.capi.sample.depth_camera: Ambient Raw Depth: 544x480 pixels
03-13 19:52:12.301  9431  9455 I com.magicleap.capi.sample.depth_camera: Detected 4 IR markers
03-13 19:52:12.301  9431  9455 I com.magicleap.capi.sample.depth_camera:   Marker 0: pixel(506.9, 236.5) 3D(0.197, -0.001, 0.286)m area=106 intensity=2316.2
03-13 19:52:12.301  9431  9455 I com.magicleap.capi.sample.depth_camera:   Marker 1: pixel(461.4, 269.6) 3D(0.182, 0.030, 0.333)m area=95 intensity=2223.7
03-13 19:52:12.301  9431  9455 I com.magicleap.capi.sample.depth_camera:   Marker 2: pixel(527.0, 279.8) 3D(0.270, 0.044, 0.358)m area=109 intensity=2057.8
03-13 19:52:12.301  9431  9455 I com.magicleap.capi.sample.depth_camera:   Marker 3: pixel(495.5, 309.0) 3D(0.258, 0.080, 0.394)m area=105 intensity=2050.4
03-13 19:52:12.302  9431  9455 V com.magicleap.capi.sample.depth_camera: ProcessFrame: 4 markers, 1 tools
03-13 19:52:12.302  9431  9455 V com.magicleap.capi.sample.depth_camera: TrackTool 'captured_tool': 0 candidates found
03-13 19:52:12.302  9431  9455 V com.magicleap.capi.sample.depth_camera: Tool 'captured_tool': TRACKED  pos=(0.236,0.176,0.828)
03-13 19:52:12.318  3482  3603 W Camera3-Device: No cvip timestamp  available
03-13 19:52:12.318  3379  3647 I MLMRCamera3Hal: ENTRY : processCaptureRequest
03-13 19:52:12.318  3379  3647 I MLMRCamera3Hal: EXIT : processCaptureRequest
03-13 19:52:12.353  3482  3603 W Camera3-Device: No cvip timestamp  available
03-13 19:52:12.353  3379  3647 I MLMRCamera3Hal: ENTRY : processCaptureRequest
03-13 19:52:12.353  3379  3647 I MLMRCamera3Hal: EXIT : processCaptureRequest
03-13 19:52:12.386  3482  3603 W Camera3-Device: No cvip timestamp  available
03-13 19:52:12.386  3379  3647 I MLMRCamera3Hal: ENTRY : processCaptureRequest
03-13 19:52:12.387  3379  3647 I MLMRCamera3Hal: EXIT : processCaptureRequest
03-13 19:52:12.419  3482  3603 W Camera3-Device: No cvip timestamp  available
03-13 19:52:12.420  3379  3647 I MLMRCamera3Hal: ENTRY : processCaptureRequest
03-13 19:52:12.420  3379  3647 I MLMRCamera3Hal: EXIT : processCaptureRequest
03-13 19:52:12.428  3480  3540 E BatteryPropService: batterypropservice.cpp:408: Failed write to wake lock file, [Success]
03-13 19:52:12.428  4584  4605 I powerbank.PowerBankService: Battery properties: {"base":"{"cableConnected":"true", "chargerAcOnline":"true", "chargerUsbOnline":"false", "chargerWirelessOnline":"false", "maxChargingCurrent":"3000000", "maxChargingVoltage":"5000000", "batteryStatus":"3", "batteryHealth":"2", "batteryPresent":"true", "batteryLevel":"95", "batteryVoltage":"8580", "batteryTemperature":"304", "batteryCurrent":"-562", "batteryCycleCount":"9", "batteryFullCharge":"5687000", "batteryChargeCounter":"5363000", "batteryTechnology":"Li-ion", "chargerCapMismatch":"false", "chargerInsufficient":"true", "batteryAuthentic":"true", "chargerHealth":"2", "chargerStandard":"Unknown""mEpbLevel":"0""}", "chargingEvent":"5", "cableEvent":"1""}
03-13 19:52:12.429  4584  4605 D powerbank.PowerBankService: Sending powerbank intent
03-13 19:52:12.429  3409 25285 I FakeHwcComposer: VSYNC Thread started
03-13 19:52:12.443  3969  3969 D ml:StatusBarKeyguardViewManager: updateLockIcon:
03-13 19:52:12.445  3409 25285 I FakeHwcComposer: VSYNC sent at: 14179286857448
03-13 19:52:12.453  3482  3603 W Camera3-Device: No cvip timestamp  available
03-13 19:52:12.453  3379  3647 I MLMRCamera3Hal: ENTRY : processCaptureRequest
03-13 19:52:12.453  3379  3647 I MLMRCamera3Hal: EXIT : processCaptureRequest
03-13 19:52:12.461  3409 25285 I FakeHwcComposer: VSYNC sent at: 14179302900869
03-13 19:52:12.477  3409 25285 I FakeHwcComposer: VSYNC sent at: 14179318957113
03-13 19:52:12.479  4383  4383 D BluetoothGatt: readRssi() - device: D4:15:3B:5C:97:20
03-13 19:52:12.486  3482  3603 W Camera3-Device: No cvip timestamp  available
03-13 19:52:12.486  3379  3647 I MLMRCamera3Hal: ENTRY : processCaptureRequest
03-13 19:52:12.486  3379  3647 I MLMRCamera3Hal: EXIT : processCaptureRequest
03-13 19:52:12.494  3409 25285 I FakeHwcComposer: VSYNC sent at: 14179335024508
03-13 19:52:12.500  9431  9455 I com.magicleap.capi.sample.depth_camera: processFrame called with frame_count: 1
03-13 19:52:12.500  9431  9455 I com.magicleap.capi.sample.depth_camera: === Frame 0 ===
03-13 19:52:12.500  9431  9455 I com.magicleap.capi.sample.depth_camera: Raw Depth Image: 544x480 pixels
03-13 19:52:12.500  9431  9455 I com.magicleap.capi.sample.depth_camera:   First 5 pixels: 4.41, 2.62, 3.06, 2.87, 2.08
03-13 19:52:12.500  9431  9455 I com.magicleap.capi.sample.depth_camera:   Center region min: 2.46, max: 57.06
03-13 19:52:12.500  9431  9455 I com.magicleap.capi.sample.depth_camera: Processed Depth Image: 544x480 pixels
03-13 19:52:12.500  9431  9455 I com.magicleap.capi.sample.depth_camera:   First 5 pixels (meters): 0.779, 0.574, 0.247, 0.417, 0.736
03-13 19:52:12.500  9431  9455 I com.magicleap.capi.sample.depth_camera:   Center region depth (m): min=0.479, max=0.987
03-13 19:52:12.500  9431  9455 I com.magicleap.capi.sample.depth_camera: Confidence Buffer: 544x480 pixels
03-13 19:52:12.500  9431  9455 I com.magicleap.capi.sample.depth_camera:   First 5 confidence values: -0.16, -0.31, -0.30, -0.36, -0.40
03-13 19:52:12.500  9431  9455 I com.magicleap.capi.sample.depth_camera:   Center region confidence: min=-0.28, max=-0.01, avg=-0.05
03-13 19:52:12.500  9431  9455 I com.magicleap.capi.sample.depth_camera: Ambient Raw Depth: 544x480 pixels
03-13 19:52:12.505  9431  9455 I com.magicleap.capi.sample.depth_camera: Detected 4 IR markers
03-13 19:52:12.505  9431  9455 I com.magicleap.capi.sample.depth_camera:   Marker 0: pixel(505.0, 234.9) 3D(0.199, -0.002, 0.292)m area=102 intensity=2302.4
03-13 19:52:12.505  9431  9455 I com.magicleap.capi.sample.depth_camera:   Marker 1: pixel(459.8, 268.3) 3D(0.192, 0.030, 0.354)m area=93 intensity=2139.4
03-13 19:52:12.505  9431  9455 I com.magicleap.capi.sample.depth_camera:   Marker 2: pixel(525.2, 278.0) 3D(0.251, 0.039, 0.335)m area=110 intensity=2086.1
03-13 19:52:12.505  9431  9455 I com.magicleap.capi.sample.depth_camera:   Marker 3: pixel(494.0, 307.2) 3D(0.267, 0.082, 0.412)m area=105 intensity=2038.1
03-13 19:52:12.505  9431  9455 V com.magicleap.capi.sample.depth_camera: ProcessFrame: 4 markers, 1 tools
03-13 19:52:12.505  9431  9455 V com.magicleap.capi.sample.depth_camera: TrackTool 'captured_tool': 0 candidates found
03-13 19:52:12.505  9431  9455 V com.magicleap.capi.sample.depth_camera: Tool 'captured_tool': TRACKED  pos=(0.236,0.176,0.828)
03-13 19:52:12.510  3409 25285 I FakeHwcComposer: VSYNC sent at: 14179351083157
03-13 19:52:12.519  3482  3603 W Camera3-Device: No cvip timestamp  available
03-13 19:52:12.519  3379  3647 I MLMRCamera3Hal: ENTRY : processCaptureRequest
03-13 19:52:12.519  3379  3647 I MLMRCamera3Hal: EXIT : processCaptureRequest
03-13 19:52:12.526  3409 25285 I FakeHwcComposer: VSYNC sent at: 14179367133510
03-13 19:52:12.542  3409 25285 I FakeHwcComposer: VSYNC sent at: 14179383206216
03-13 19:52:12.542  3409 25285 I FakeHwcComposer: VSYNC Thread stopped
03-13 19:52:12.553  3482  3603 W Camera3-Device: No cvip timestamp  available
03-13 19:52:12.553  3379  3647 I MLMRCamera3Hal: ENTRY : processCaptureRequest
03-13 19:52:12.553  3379  3647 I MLMRCamera3Hal: EXIT : processCaptureRequest
03-13 19:52:12.586  3482  3603 W Camera3-Device: No cvip timestamp  available
03-13 19:52:12.586  3379  3647 I MLMRCamera3Hal: ENTRY : processCaptureRequest
03-13 19:52:12.586  3379  3647 I MLMRCamera3Hal: EXIT : processCaptureRequest
03-13 19:52:12.619  3482  3603 W Camera3-Device: No cvip timestamp  available
03-13 19:52:12.619  3379  3647 I MLMRCamera3Hal: ENTRY : processCaptureRequest
03-13 19:52:12.620  3379  3647 I MLMRCamera3Hal: EXIT : processCaptureRequest
03-13 19:52:12.648  3521  3521 W HwBinder:3521_5: type=1400 audit(0.0:296655): avc: denied { search } for name="traces" dev="nvme0n1p37" ino=8003587 scontext=u:r:mediacodec:s0 tcontext=u:object_r:trace_data_file:s0 tclass=dir permissive=0
03-13 19:52:12.653  3482  3603 W Camera3-Device: No cvip timestamp  available
03-13 19:52:12.653  3379  3647 I MLMRCamera3Hal: ENTRY : processCaptureRequest
03-13 19:52:12.653  3379  3647 I MLMRCamera3Hal: EXIT : processCaptureRequest
03-13 19:52:12.680  3521  3521 W HwBinder:3521_5: type=1400 audit(0.0:296656): avc: denied { search } for name="traces" dev="nvme0n1p37" ino=8003587 scontext=u:r:mediacodec:s0 tcontext=u:object_r:trace_data_file:s0 tclass=dir permissive=0
03-13 19:52:12.686  3482  3603 W Camera3-Device: No cvip timestamp  available
03-13 19:52:12.686  3379  3647 I MLMRCamera3Hal: ENTRY : processCaptureRequest
03-13 19:52:12.686  3379  3647 I MLMRCamera3Hal: EXIT : processCaptureRequest
03-13 19:52:12.697  9431  9455 I com.magicleap.capi.sample.depth_camera: processFrame called with frame_count: 1
03-13 19:52:12.697  9431  9455 I com.magicleap.capi.sample.depth_camera: === Frame 0 ===
03-13 19:52:12.697  9431  9455 I com.magicleap.capi.sample.depth_camera: Raw Depth Image: 544x480 pixels
03-13 19:52:12.697  9431  9455 I com.magicleap.capi.sample.depth_camera:   First 5 pixels: 3.59, 1.60, 1.65, 1.18, 1.68
03-13 19:52:12.697  9431  9455 I com.magicleap.capi.sample.depth_camera:   Center region min: 4.79, max: 51.19
03-13 19:52:12.697  9431  9455 I com.magicleap.capi.sample.depth_camera: Processed Depth Image: 544x480 pixels
03-13 19:52:12.697  9431  9455 I com.magicleap.capi.sample.depth_camera:   First 5 pixels (meters): 0.081, 0.446, 1.082, 1.287, 0.776
03-13 19:52:12.697  9431  9455 I com.magicleap.capi.sample.depth_camera:   Center region depth (m): min=0.725, max=0.963
03-13 19:52:12.697  9431  9455 I com.magicleap.capi.sample.depth_camera: Confidence Buffer: 544x480 pixels
03-13 19:52:12.697  9431  9455 I com.magicleap.capi.sample.depth_camera:   First 5 confidence values: -0.37, -0.48, -0.45, -0.57, -0.44
03-13 19:52:12.697  9431  9455 I com.magicleap.capi.sample.depth_camera:   Center region confidence: min=-0.15, max=-0.01, avg=-0.05
03-13 19:52:12.697  9431  9455 I com.magicleap.capi.sample.depth_camera: Ambient Raw Depth: 544x480 pixels
