03-13 19:52:12.700  9431  9455 I com.magicleap.capi.sample.depth_camera: Detected 4 IR markers
03-13 19:52:12.700  9431  9455 I com.magicleap.capi.sample.depth_camera:   Marker 0: pixel(475.8, 231.1) 3D(0.189, -0.006, 0.321)m area=104 intensity=2236.5
03-13 19:52:12.700  9431  9455 I com.magicleap.capi.sample.depth_camera:   Marker 1: pixel(433.4, 265.4) 3D(0.135, 0.022, 0.290)m area=85 intensity=2532.0
03-13 19:52:12.700  9431  9455 I com.magicleap.capi.sample.depth_camera:   Marker 2: pixel(497.5, 272.8) 3D(0.201, 0.030, 0.305)m area=118 intensity=2277.4
03-13 19:52:12.700  9431  9455 I com.magicleap.capi.sample.depth_camera:   Marker 3: pixel(468.2, 302.4) 3D(0.203, 0.065, 0.356)m area=103 intensity=2126.9
03-13 19:52:12.700  9431  9455 V com.magicleap.capi.sample.depth_camera: ProcessFrame: 4 markers, 1 tools
03-13 19:52:12.700  9431  9455 V com.magicleap.capi.sample.depth_camera: TrackTool 'captured_tool': 0 candidates found
03-13 19:52:12.700  9431  9455 V com.magicleap.capi.sample.depth_camera: Tool 'captured_tool': TRACKED  pos=(0.236,0.176,0.828)
03-13 19:52:12.712  3521  3521 W HwBinder:3521_4: type=1400 audit(0.0:296657): avc: denied { search } for name="traces" dev="nvme0n1p37" ino=8003587 scontext=u:r:mediacodec:s0 tcontext=u:object_r:trace_data_file:s0 tclass=dir permissive=0
03-13 19:52:12.719  3482  3603 W Camera3-Device: No cvip timestamp  available
03-13 19:52:12.719  3379  3647 I MLMRCamera3Hal: ENTRY : processCaptureRequest
03-13 19:52:12.719  3379  3647 I MLMRCamera3Hal: EXIT : processCaptureRequest
03-13 19:52:12.748  3521  3521 W HwBinder:3521_4: type=1400 audit(0.0:296658): avc: denied { search } for name="traces" dev="nvme0n1p37" ino=8003587 scontext=u:r:mediacodec:s0 tcontext=u:object_r:trace_data_file:s0 tclass=dir permissive=0
03-13 19:52:12.753  3482  3603 W Camera3-Device: No cvip timestamp  available
03-13 19:52:12.753  3379  3647 I MLMRCamera3Hal: ENTRY : processCaptureRequest
03-13 19:52:12.753  3379  3647 I MLMRCamera3Hal: EXIT : processCaptureRequest
03-13 19:52:12.780  3521  3521 W HwBinder:3521_4: type=1400 audit(0.0:296659): avc: denied { search } for name="traces" dev="nvme0n1p37" ino=8003587 scontext=u:r:mediacodec:s0 tcontext=u:object_r:trace_data_file:s0 tclass=dir permissive=0
03-13 19:52:12.786  3482  3603 W Camera3-Device: No cvip timestamp  available
03-13 19:52:12.786  3379  3647 I MLMRCamera3Hal: ENTRY : processCaptureRequest
03-13 19:52:12.786  3379  3647 I MLMRCamera3Hal: EXIT : processCaptureRequest
03-13 19:52:12.819  3482  3603 W Camera3-Device: No cvip timestamp  available
03-13 19:52:12.819  3379  3647 I MLMRCamera3Hal: ENTRY : processCaptureRequest
03-13 19:52:12.820  3379  3647 I MLMRCamera3Hal: EXIT : processCaptureRequest
03-13 19:52:12.852  3482  3603 W Camera3-Device: No cvip timestamp  available
03-13 19:52:12.853  3379  3647 I MLMRCamera3Hal: ENTRY : processCaptureRequest
03-13 19:52:12.853  3379  3647 I MLMRCamera3Hal: EXIT : processCaptureRequest
03-13 19:52:12.885  3482  3603 W Camera3-Device: No cvip timestamp  available
03-13 19:52:12.886  3379  3647 I MLMRCamera3Hal: ENTRY : processCaptureRequest
03-13 19:52:12.886  3379  3647 I MLMRCamera3Hal: EXIT : processCaptureRequest
03-13 19:52:12.901  9431  9455 I com.magicleap.capi.sample.depth_camera: processFrame called with frame_count: 1
03-13 19:52:12.901  9431  9455 I com.magicleap.capi.sample.depth_camera: === Frame 0 ===
03-13 19:52:12.901  9431  9455 I com.magicleap.capi.sample.depth_camera: Raw Depth Image: 544x480 pixels
03-13 19:52:12.901  9431  9455 I com.magicleap.capi.sample.depth_camera:   First 5 pixels: 4.13, 2.22, 1.88, 3.27, 3.83
03-13 19:52:12.901  9431  9455 I com.magicleap.capi.sample.depth_camera:   Center region min: 3.28, max: 32.22
03-13 19:52:12.901  9431  9455 I com.magicleap.capi.sample.depth_camera: Processed Depth Image: 544x480 pixels
03-13 19:52:12.901  9431  9455 I com.magicleap.capi.sample.depth_camera:   First 5 pixels (meters): 0.618, 1.225, 1.465, 1.105, 1.262
03-13 19:52:12.901  9431  9455 I com.magicleap.capi.sample.depth_camera:   Center region depth (m): min=0.647, max=0.953
03-13 19:52:12.901  9431  9455 I com.magicleap.capi.sample.depth_camera: Confidence Buffer: 544x480 pixels
03-13 19:52:12.901  9431  9455 I com.magicleap.capi.sample.depth_camera:   First 5 confidence values: -0.17, -0.53, -0.55, -0.21, -0.18
03-13 19:52:12.901  9431  9455 I com.magicleap.capi.sample.depth_camera:   Center region confidence: min=-0.21, max=-0.03, avg=-0.06
03-13 19:52:12.901  9431  9455 I com.magicleap.capi.sample.depth_camera: Ambient Raw Depth: 544x480 pixels
03-13 19:52:12.905  9431  9455 I com.magicleap.capi.sample.depth_camera: Detected 4 IR markers
03-13 19:52:12.905  9431  9455 I com.magicleap.capi.sample.depth_camera:   Marker 0: pixel(462.4, 231.0) 3D(0.179, -0.006, 0.327)m area=106 intensity=2237.0
03-13 19:52:12.905  9431  9455 I com.magicleap.capi.sample.depth_camera:   Marker 1: pixel(422.4, 265.8) 3D(0.146, 0.026, 0.337)m area=81 intensity=2268.3
03-13 19:52:12.905  9431  9455 I com.magicleap.capi.sample.depth_camera:   Marker 2: pixel(485.7, 271.7) 3D(0.192, 0.030, 0.310)m area=122 intensity=2256.1
03-13 19:52:12.905  9431  9455 I com.magicleap.capi.sample.depth_camera:   Marker 3: pixel(458.0, 302.0) 3D(0.206, 0.069, 0.382)m area=101 intensity=2086.0
03-13 19:52:12.906  9431  9455 V com.magicleap.capi.sample.depth_camera: ProcessFrame: 4 markers, 1 tools
03-13 19:52:12.906  9431  9455 V com.magicleap.capi.sample.depth_camera: TrackTool 'captured_tool': 0 candidates found
03-13 19:52:12.906  9431  9455 V com.magicleap.capi.sample.depth_camera: Tool 'captured_tool': TRACKED  pos=(0.236,0.176,0.828)
03-13 19:52:12.919  3482  3603 W Camera3-Device: No cvip timestamp  available
03-13 19:52:12.919  3379  3647 I MLMRCamera3Hal: ENTRY : processCaptureRequest
03-13 19:52:12.919  3379  3647 I MLMRCamera3Hal: EXIT : processCaptureRequest
03-13 19:52:12.952  3482  3603 W Camera3-Device: No cvip timestamp  available
03-13 19:52:12.953  3379  3647 I MLMRCamera3Hal: ENTRY : processCaptureRequest
03-13 19:52:12.953  3379  3647 I MLMRCamera3Hal: EXIT : processCaptureRequest
03-13 19:52:12.986  3482  3603 W Camera3-Device: No cvip timestamp  available
03-13 19:52:12.986  3379  3647 I MLMRCamera3Hal: ENTRY : processCaptureRequest
03-13 19:52:12.986  3379  3647 I MLMRCamera3Hal: EXIT : processCaptureRequest
03-13 19:52:13.019  3482  3603 W Camera3-Device: No cvip timestamp  available
03-13 19:52:13.019  3379  3647 I MLMRCamera3Hal: ENTRY : processCaptureRequest
03-13 19:52:13.019  3379  3647 I MLMRCamera3Hal: EXIT : processCaptureRequest
03-13 19:52:13.053  3482  3603 W Camera3-Device: No cvip timestamp  available
03-13 19:52:13.053  3379  3647 I MLMRCamera3Hal: ENTRY : processCaptureRequest
03-13 19:52:13.053  3379  3647 I MLMRCamera3Hal: EXIT : processCaptureRequest
03-13 19:52:13.086  3482  3603 W Camera3-Device: No cvip timestamp  available
03-13 19:52:13.086  3379  3647 I MLMRCamera3Hal: ENTRY : processCaptureRequest
03-13 19:52:13.086  3379  3647 I MLMRCamera3Hal: EXIT : processCaptureRequest
03-13 19:52:13.101  9431  9455 I com.magicleap.capi.sample.depth_camera: processFrame called with frame_count: 1
03-13 19:52:13.101  9431  9455 I com.magicleap.capi.sample.depth_camera: === Frame 0 ===
03-13 19:52:13.101  9431  9455 I com.magicleap.capi.sample.depth_camera: Raw Depth Image: 544x480 pixels
03-13 19:52:13.101  9431  9455 I com.magicleap.capi.sample.depth_camera:   First 5 pixels: 4.39, 3.85, 2.49, 1.72, 2.23
03-13 19:52:13.101  9431  9455 I com.magicleap.capi.sample.depth_camera:   Center region min: 3.97, max: 55.31
03-13 19:52:13.101  9431  9455 I com.magicleap.capi.sample.depth_camera: Processed Depth Image: 544x480 pixels
03-13 19:52:13.101  9431  9455 I com.magicleap.capi.sample.depth_camera:   First 5 pixels (meters): 0.735, 1.141, 1.076, 1.100, 1.305
03-13 19:52:13.101  9431  9455 I com.magicleap.capi.sample.depth_camera:   Center region depth (m): min=0.671, max=1.218
03-13 19:52:13.101  9431  9455 I com.magicleap.capi.sample.depth_camera: Confidence Buffer: 544x480 pixels
03-13 19:52:13.101  9431  9455 I com.magicleap.capi.sample.depth_camera:   First 5 confidence values: -0.16, -0.18, -0.29, -0.40, -0.34
03-13 19:52:13.101  9431  9455 I com.magicleap.capi.sample.depth_camera:   Center region confidence: min=-0.18, max=-0.01, avg=-0.05
03-13 19:52:13.101  9431  9455 I com.magicleap.capi.sample.depth_camera: Ambient Raw Depth: 544x480 pixels
03-13 19:52:13.106  9431  9455 I com.magicleap.capi.sample.depth_camera: Detected 4 IR markers
03-13 19:52:13.106  9431  9455 I com.magicleap.capi.sample.depth_camera:   Marker 0: pixel(445.9, 235.5) 3D(0.141, -0.002, 0.282)m area=106 intensity=2586.7
03-13 19:52:13.106  9431  9455 I com.magicleap.capi.sample.depth_camera:   Marker 1: pixel(410.4, 272.2) 3D(0.136, 0.033, 0.341)m area=82 intensity=2250.1
03-13 19:52:13.106  9431  9455 I com.magicleap.capi.sample.depth_camera:   Marker 2: pixel(473.0, 274.7) 3D(0.141, 0.025, 0.243)m area=125 intensity=2845.8
03-13 19:52:13.106  9431  9455 I com.magicleap.capi.sample.depth_camera:   Marker 3: pixel(448.9, 306.2) 3D(0.172, 0.065, 0.336)m area=102 intensity=2221.8
03-13 19:52:13.106  9431  9455 V com.magicleap.capi.sample.depth_camera: ProcessFrame: 4 markers, 1 tools
03-13 19:52:13.106  9431  9455 V com.magicleap.capi.sample.depth_camera: TrackTool 'captured_tool': 0 candidates found
03-13 19:52:13.106  9431  9455 V com.magicleap.capi.sample.depth_camera: Tool 'captured_tool': TRACKED  pos=(0.236,0.176,0.828)
03-13 19:52:13.119  3482  3603 W Camera3-Device: No cvip timestamp  available
03-13 19:52:13.119  3379  3379 I MLMRCamera3Hal: ENTRY : processCaptureRequest
03-13 19:52:13.120  3379  3379 I MLMRCamera3Hal: EXIT : processCaptureRequest
03-13 19:52:13.152  3482  3603 W Camera3-Device: No cvip timestamp  available
03-13 19:52:13.153  3379  3379 I MLMRCamera3Hal: ENTRY : processCaptureRequest
03-13 19:52:13.153  3379  3379 I MLMRCamera3Hal: EXIT : processCaptureRequest
03-13 19:52:13.188  3482  3603 W Camera3-Device: No cvip timestamp  available
03-13 19:52:13.188  3379  3379 I MLMRCamera3Hal: ENTRY : processCaptureRequest
03-13 19:52:13.188  3379  3379 I MLMRCamera3Hal: EXIT : processCaptureRequest
03-13 19:52:13.221  3482  3603 W Camera3-Device: No cvip timestamp  available
03-13 19:52:13.221  3379  3379 I MLMRCamera3Hal: ENTRY : processCaptureRequest
03-13 19:52:13.221  3379  3379 I MLMRCamera3Hal: EXIT : processCaptureRequest
03-13 19:52:13.253  3482  3603 W Camera3-Device: No cvip timestamp  available
03-13 19:52:13.253  3379  3379 I MLMRCamera3Hal: ENTRY : processCaptureRequest
03-13 19:52:13.253  3379  3379 I MLMRCamera3Hal: EXIT : processCaptureRequest
03-13 19:52:13.288  3482  3603 W Camera3-Device: No cvip timestamp  available
03-13 19:52:13.288  3379  3379 I MLMRCamera3Hal: ENTRY : processCaptureRequest
03-13 19:52:13.288  3379  3379 I MLMRCamera3Hal: EXIT : processCaptureRequest
03-13 19:52:13.304  9431  9455 I com.magicleap.capi.sample.depth_camera: processFrame called with frame_count: 1
03-13 19:52:13.304  9431  9455 I com.magicleap.capi.sample.depth_camera: === Frame 0 ===
03-13 19:52:13.304  9431  9455 I com.magicleap.capi.sample.depth_camera: Raw Depth Image: 544x480 pixels
03-13 19:52:13.304  9431  9455 I com.magicleap.capi.sample.depth_camera:   First 5 pixels: 1.10, 1.59, 2.40, 2.38, 2.99
03-13 19:52:13.304  9431  9455 I com.magicleap.capi.sample.depth_camera:   Center region min: 2.09, max: 52.66
03-13 19:52:13.304  9431  9455 I com.magicleap.capi.sample.depth_camera: Processed Depth Image: 544x480 pixels
03-13 19:52:13.304  9431  9455 I com.magicleap.capi.sample.depth_camera:   First 5 pixels (meters): 1.463, 0.918, 0.344, 0.751, 1.028
03-13 19:52:13.304  9431  9455 I com.magicleap.capi.sample.depth_camera:   Center region depth (m): min=0.638, max=1.096
03-13 19:52:13.304  9431  9455 I com.magicleap.capi.sample.depth_camera: Confidence Buffer: 544x480 pixels
03-13 19:52:13.304  9431  9455 I com.magicleap.capi.sample.depth_camera:   First 5 confidence values: -0.81, -0.73, -0.29, -0.29, -0.23
03-13 19:52:13.304  9431  9455 I com.magicleap.capi.sample.depth_camera:   Center region confidence: min=-0.43, max=-0.01, avg=-0.06
03-13 19:52:13.304  9431  9455 I com.magicleap.capi.sample.depth_camera: Ambient Raw Depth: 544x480 pixels
03-13 19:52:13.306  9431  9455 I com.magicleap.capi.sample.depth_camera: Detected 4 IR markers
03-13 19:52:13.306  9431  9455 I com.magicleap.capi.sample.depth_camera:   Marker 0: pixel(427.6, 239.2) 3D(0.112, 0.001, 0.250)m area=106 intensity=2826.3
03-13 19:52:13.306  9431  9455 I com.magicleap.capi.sample.depth_camera:   Marker 1: pixel(457.8, 276.4) 3D(0.131, 0.027, 0.245)m area=124 intensity=2829.7
03-13 19:52:13.306  9431  9455 I com.magicleap.capi.sample.depth_camera:   Marker 2: pixel(396.8, 277.6) 3D(0.137, 0.042, 0.381)m area=78 intensity=2110.7
03-13 19:52:13.306  9431  9455 I com.magicleap.capi.sample.depth_camera:   Marker 3: pixel(437.4, 308.9) 3D(0.179, 0.075, 0.374)m area=104 intensity=2129.1
03-13 19:52:13.306  9431  9455 V com.magicleap.capi.sample.depth_camera: ProcessFrame: 4 markers, 1 tools
03-13 19:52:13.306  9431  9455 V com.magicleap.capi.sample.depth_camera: TrackTool 'captured_tool': 0 candidates found
03-13 19:52:13.306  9431  9455 V com.magicleap.capi.sample.depth_camera: Tool 'captured_tool': TRACKED  pos=(0.236,0.176,0.828)
03-13 19:52:13.321  3482  3603 W Camera3-Device: No cvip timestamp  available
03-13 19:52:13.321  3379  3379 I MLMRCamera3Hal: ENTRY : processCaptureRequest
03-13 19:52:13.322  3379  3379 I MLMRCamera3Hal: EXIT : processCaptureRequest
03-13 19:52:13.355  3482  3603 W Camera3-Device: No cvip timestamp  available
03-13 19:52:13.355  3379  3379 I MLMRCamera3Hal: ENTRY : processCaptureRequest
03-13 19:52:13.355  3379  3379 I MLMRCamera3Hal: EXIT : processCaptureRequest
03-13 19:52:13.388  3482  3603 W Camera3-Device: No cvip timestamp  available
03-13 19:52:13.388  3379  3379 I MLMRCamera3Hal: ENTRY : processCaptureRequest
03-13 19:52:13.388  3379  3379 I MLMRCamera3Hal: EXIT : processCaptureRequest
03-13 19:52:13.421  3482  3603 W Camera3-Device: No cvip timestamp  available
03-13 19:52:13.421  3379  3379 I MLMRCamera3Hal: ENTRY : processCaptureRequest
03-13 19:52:13.421  3379  3379 I MLMRCamera3Hal: EXIT : processCaptureRequest
03-13 19:52:13.455  3482  3603 W Camera3-Device: No cvip timestamp  available
03-13 19:52:13.455  3379  3379 I MLMRCamera3Hal: ENTRY : processCaptureRequest
03-13 19:52:13.455  3379  3379 I MLMRCamera3Hal: EXIT : processCaptureRequest
03-13 19:52:13.480  4383  4383 D BluetoothGatt: readRssi() - device: D4:15:3B:5C:97:20
03-13 19:52:13.488  3482  3603 W Camera3-Device: No cvip timestamp  available
03-13 19:52:13.488  3379  3379 I MLMRCamera3Hal: ENTRY : processCaptureRequest
03-13 19:52:13.488  3379  3379 I MLMRCamera3Hal: EXIT : processCaptureRequest
03-13 19:52:13.502  9431  9455 I com.magicleap.capi.sample.depth_camera: processFrame called with frame_count: 1
03-13 19:52:13.502  9431  9455 I com.magicleap.capi.sample.depth_camera: === Frame 0 ===
03-13 19:52:13.502  9431  9455 I com.magicleap.capi.sample.depth_camera: Raw Depth Image: 544x480 pixels
03-13 19:52:13.502  9431  9455 I com.magicleap.capi.sample.depth_camera:   First 5 pixels: 1.48, 3.21, 3.92, 2.54, 3.23
03-13 19:52:13.502  9431  9455 I com.magicleap.capi.sample.depth_camera:   Center region min: 1.27, max: 55.75
03-13 19:52:13.502  9431  9455 I com.magicleap.capi.sample.depth_camera: Processed Depth Image: 544x480 pixels
03-13 19:52:13.502  9431  9455 I com.magicleap.capi.sample.depth_camera:   First 5 pixels (meters): 0.731, 0.347, 0.813, 1.197, 0.839
03-13 19:52:13.502  9431  9455 I com.magicleap.capi.sample.depth_camera:   Center region depth (m): min=0.367, max=0.975
03-13 19:52:13.502  9431  9455 I com.magicleap.capi.sample.depth_camera: Confidence Buffer: 544x480 pixels
03-13 19:52:13.502  9431  9455 I com.magicleap.capi.sample.depth_camera:   First 5 confidence values: -0.59, -0.50, -0.21, -0.27, -0.21
03-13 19:52:13.502  9431  9455 I com.magicleap.capi.sample.depth_camera:   Center region confidence: min=-0.54, max=-0.01, avg=-0.06
03-13 19:52:13.502  9431  9455 I com.magicleap.capi.sample.depth_camera: Ambient Raw Depth: 544x480 pixels
03-13 19:52:13.506  9431  9455 I com.magicleap.capi.sample.depth_camera: Detected 4 IR markers
03-13 19:52:13.506  9431  9455 I com.magicleap.capi.sample.depth_camera:   Marker 0: pixel(431.1, 240.0) 3D(0.126, 0.002, 0.275)m area=102 intensity=2630.0
03-13 19:52:13.506  9431  9455 I com.magicleap.capi.sample.depth_camera:   Marker 1: pixel(461.2, 277.3) 3D(0.179, 0.037, 0.328)m area=123 intensity=2266.0
03-13 19:52:13.506  9431  9455 I com.magicleap.capi.sample.depth_camera:   Marker 2: pixel(400.3, 278.3) 3D(0.147, 0.045, 0.398)m area=79 intensity=2105.7
03-13 19:52:13.506  9431  9455 I com.magicleap.capi.sample.depth_camera:   Marker 3: pixel(440.7, 309.6) 3D(0.170, 0.070, 0.348)m area=98 intensity=2151.3
03-13 19:52:13.507  9431  9455 V com.magicleap.capi.sample.depth_camera: ProcessFrame: 4 markers, 1 tools
03-13 19:52:13.507  9431  9455 V com.magicleap.capi.sample.depth_camera: TrackTool 'captured_tool': 0 candidates found
03-13 19:52:13.507  9431  9455 V com.magicleap.capi.sample.depth_camera: Tool 'captured_tool': TRACKED  pos=(0.236,0.176,0.828)
03-13 19:52:13.520  3482  3603 W Camera3-Device: No cvip timestamp  available
03-13 19:52:13.520  3379  3379 I MLMRCamera3Hal: ENTRY : processCaptureRequest
03-13 19:52:13.520  3379  3379 I MLMRCamera3Hal: EXIT : processCaptureRequest
03-13 19:52:13.552  3482  3603 W Camera3-Device: No cvip timestamp  available
03-13 19:52:13.553  3379  3379 I MLMRCamera3Hal: ENTRY : processCaptureRequest
03-13 19:52:13.553  3379  3379 I MLMRCamera3Hal: EXIT : processCaptureRequest
03-13 19:52:13.586  3482  3603 W Camera3-Device: No cvip timestamp  available
03-13 19:52:13.586  3379  3379 I MLMRCamera3Hal: ENTRY : processCaptureRequest
03-13 19:52:13.586  3379  3379 I MLMRCamera3Hal: EXIT : processCaptureRequest
03-13 19:52:13.621  3482  3603 W Camera3-Device: No cvip timestamp  available
03-13 19:52:13.621  3379  3379 I MLMRCamera3Hal: ENTRY : processCaptureRequest
03-13 19:52:13.621  3379  3379 I MLMRCamera3Hal: EXIT : processCaptureRequest
03-13 19:52:13.653  3482  3603 W Camera3-Device: No cvip timestamp  available
03-13 19:52:13.653  3379  3379 I MLMRCamera3Hal: ENTRY : processCaptureRequest
03-13 19:52:13.653  3379  3379 I MLMRCamera3Hal: EXIT : processCaptureRequest
03-13 19:52:13.680  3521  3521 W HwBinder:3521_5: type=1400 audit(0.0:296686): avc: denied { search } for name="traces" dev="nvme0n1p37" ino=8003587 scontext=u:r:mediacodec:s0 tcontext=u:object_r:trace_data_file:s0 tclass=dir permissive=0
03-13 19:52:13.688  3482  3603 W Camera3-Device: No cvip timestamp  available
03-13 19:52:13.688  3379  3379 I MLMRCamera3Hal: ENTRY : processCaptureRequest
03-13 19:52:13.688  3379  3379 I MLMRCamera3Hal: EXIT : processCaptureRequest
03-13 19:52:13.700  9431  9455 I com.magicleap.capi.sample.depth_camera: processFrame called with frame_count: 1
03-13 19:52:13.700  9431  9455 I com.magicleap.capi.sample.depth_camera: === Frame 0 ===
03-13 19:52:13.700  9431  9455 I com.magicleap.capi.sample.depth_camera: Raw Depth Image: 544x480 pixels
03-13 19:52:13.700  9431  9455 I com.magicleap.capi.sample.depth_camera:   First 5 pixels: 4.41, 3.67, 2.93, 2.12, 0.87
03-13 19:52:13.700  9431  9455 I com.magicleap.capi.sample.depth_camera:   Center region min: 3.16, max: 54.94
03-13 19:52:13.700  9431  9455 I com.magicleap.capi.sample.depth_camera: Processed Depth Image: 544x480 pixels
03-13 19:52:13.700  9431  9455 I com.magicleap.capi.sample.depth_camera:   First 5 pixels (meters): 1.479, 1.276, 0.525, 0.633, 0.649
03-13 19:52:13.700  9431  9455 I com.magicleap.capi.sample.depth_camera:   Center region depth (m): min=0.744, max=0.998
03-13 19:52:13.700  9431  9455 I com.magicleap.capi.sample.depth_camera: Confidence Buffer: 544x480 pixels
03-13 19:52:13.700  9431  9455 I com.magicleap.capi.sample.depth_camera:   First 5 confidence values: -0.16, -0.23, -0.25, -0.69, -0.89
03-13 19:52:13.700  9431  9455 I com.magicleap.capi.sample.depth_camera:   Center region confidence: min=-0.23, max=-0.01, avg=-0.05
03-13 19:52:13.700  9431  9455 I com.magicleap.capi.sample.depth_camera: Ambient Raw Depth: 544x480 pixels
03-13 19:52:13.702  9431  9455 I com.magicleap.capi.sample.depth_camera: Detected 4 IR markers
03-13 19:52:13.702  9431  9455 I com.magicleap.capi.sample.depth_camera:   Marker 0: pixel(433.2, 238.9) 3D(0.119, 0.001, 0.257)m area=103 intensity=2725.0
03-13 19:52:13.702  9431  9455 I com.magicleap.capi.sample.depth_camera:   Marker 1: pixel(463.0, 276.2) 3D(0.152, 0.030, 0.275)m area=123 intensity=2555.3
03-13 19:52:13.702  9431  9455 I com.magicleap.capi.sample.depth_camera:   Marker 2: pixel(401.9, 277.0) 3D(0.147, 0.043, 0.393)m area=76 intensity=2111.8
03-13 19:52:13.702  9431  9455 I com.magicleap.capi.sample.depth_camera:   Marker 3: pixel(442.4, 308.6) 3D(0.198, 0.080, 0.403)m area=100 intensity=2061.2
03-13 19:52:13.703  9431  9455 V com.magicleap.capi.sample.depth_camera: ProcessFrame: 4 markers, 1 tools
03-13 19:52:13.703  9431  9455 V com.magicleap.capi.sample.depth_camera: TrackTool 'captured_tool': 0 candidates found
03-13 19:52:13.703  9431  9455 V com.magicleap.capi.sample.depth_camera: Tool 'captured_tool': TRACKED  pos=(0.236,0.176,0.828)
03-13 19:52:13.716  3521  3521 W HwBinder:3521_5: type=1400 audit(0.0:296687): avc: denied { search } for name="traces" dev="nvme0n1p37" ino=8003587 scontext=u:r:mediacodec:s0 tcontext=u:object_r:trace_data_file:s0 tclass=dir permissive=0
03-13 19:52:13.721  3482  3603 W Camera3-Device: No cvip timestamp  available
03-13 19:52:13.721  3379  3379 I MLMRCamera3Hal: ENTRY : processCaptureRequest
03-13 19:52:13.721  3379  3379 I MLMRCamera3Hal: EXIT : processCaptureRequest
03-13 19:52:13.748  3521  3521 W HwBinder:3521_5: type=1400 audit(0.0:296688): avc: denied { search } for name="traces" dev="nvme0n1p37" ino=8003587 scontext=u:r:mediacodec:s0 tcontext=u:object_r:trace_data_file:s0 tclass=dir permissive=0
03-13 19:52:13.755  3482  3603 W Camera3-Device: No cvip timestamp  available
03-13 19:52:13.755  3379  3379 I MLMRCamera3Hal: ENTRY : processCaptureRequest
03-13 19:52:13.756  3379  3379 I MLMRCamera3Hal: EXIT : processCaptureRequest
03-13 19:52:13.784  3521  3521 W HwBinder:3521_5: type=1400 audit(0.0:296689): avc: denied { search } for name="traces" dev="nvme0n1p37" ino=8003587 scontext=u:r:mediacodec:s0 tcontext=u:object_r:trace_data_file:s0 tclass=dir permissive=0
03-13 19:52:13.788  3482  3603 W Camera3-Device: No cvip timestamp  available
03-13 19:52:13.789  3379  3379 I MLMRCamera3Hal: ENTRY : processCaptureRequest
03-13 19:52:13.789  3379  3379 I MLMRCamera3Hal: EXIT : processCaptureRequest
03-13 19:52:13.816  3521  3521 W HwBinder:3521_5: type=1400 audit(0.0:296690): avc: denied { search } for name="traces" dev="nvme0n1p37" ino=8003587 scontext=u:r:mediacodec:s0 tcontext=u:object_r:trace_data_file:s0 tclass=dir permissive=0
03-13 19:52:13.821  3482  3603 W Camera3-Device: No cvip timestamp  available
03-13 19:52:13.821  3379  3379 I MLMRCamera3Hal: ENTRY : processCaptureRequest
03-13 19:52:13.822  3379  3379 I MLMRCamera3Hal: EXIT : processCaptureRequest
03-13 19:52:13.855  3482  3603 W Camera3-Device: No cvip timestamp  available
03-13 19:52:13.855  3379  3379 I MLMRCamera3Hal: ENTRY : processCaptureRequest
03-13 19:52:13.855  3379  3379 I MLMRCamera3Hal: EXIT : processCaptureRequest
03-13 19:52:13.884  9431  9455 I com.magicleap.capi.sample.depth_camera: processFrame called with frame_count: 1
03-13 19:52:13.884  9431  9455 I com.magicleap.capi.sample.depth_camera: === Frame 0 ===
03-13 19:52:13.884  9431  9455 I com.magicleap.capi.sample.depth_camera: Raw Depth Image: 544x480 pixels
03-13 19:52:13.884  9431  9455 I com.magicleap.capi.sample.depth_camera:   First 5 pixels: 3.81, 4.68, 3.32, 2.44, 5.47
03-13 19:52:13.884  9431  9455 I com.magicleap.capi.sample.depth_camera:   Center region min: 4.33, max: 56.88
03-13 19:52:13.884  9431  9455 I com.magicleap.capi.sample.depth_camera: Processed Depth Image: 544x480 pixels
03-13 19:52:13.884  9431  9455 I com.magicleap.capi.sample.depth_camera:   First 5 pixels (meters): 1.154, 0.522, 0.939, 1.280, 0.793
03-13 19:52:13.884  9431  9455 I com.magicleap.capi.sample.depth_camera:   Center region depth (m): min=0.676, max=0.983
03-13 19:52:13.884  9431  9455 I com.magicleap.capi.sample.depth_camera: Confidence Buffer: 544x480 pixels
03-13 19:52:13.884  9431  9455 I com.magicleap.capi.sample.depth_camera:   First 5 confidence values: -0.18, -0.15, -0.27, -0.31, -0.15
03-13 19:52:13.884  9431  9455 I com.magicleap.capi.sample.depth_camera:   Center region confidence: min=-0.16, max=-0.01, avg=-0.05
03-13 19:52:13.884  9431  9455 I com.magicleap.capi.sample.depth_camera: Ambient Raw Depth: 544x480 pixels
03-13 19:52:13.886  9431  9455 I com.magicleap.capi.sample.depth_camera: Detected 4 IR markers
03-13 19:52:13.886  9431  9455 I com.magicleap.capi.sample.depth_camera:   Marker 0: pixel(450.9, 237.7) 3D(0.154, -0.000, 0.300)m area=106 intensity=2409.3
03-13 19:52:13.886  9431  9455 I com.magicleap.capi.sample.depth_camera:   Marker 1: pixel(415.9, 274.5) 3D(0.137, 0.034, 0.331)m area=85 intensity=2269.9
03-13 19:52:13.886  9431  9455 I com.magicleap.capi.sample.depth_camera:   Marker 2: pixel(478.4, 277.2) 3D(0.215, 0.040, 0.359)m area=122 intensity=2108.3
03-13 19:52:13.886  9431  9455 I com.magicleap.capi.sample.depth_camera:   Marker 3: pixel(454.6, 308.7) 3D(0.201, 0.076, 0.380)m area=103 intensity=2108.1
03-13 19:52:13.887  9431  9455 V com.magicleap.capi.sample.depth_camera: ProcessFrame: 4 markers, 1 tools
03-13 19:52:13.887  9431  9455 V com.magicleap.capi.sample.depth_camera: TrackTool 'captured_tool': 0 candidates found
03-13 19:52:13.887  9431  9455 V com.magicleap.capi.sample.depth_camera: Tool 'captured_tool': TRACKED  pos=(0.236,0.176,0.828)
03-13 19:52:13.888  3482  3603 W Camera3-Device: No cvip timestamp  available
03-13 19:52:13.889  3379  3379 I MLMRCamera3Hal: ENTRY : processCaptureRequest
03-13 19:52:13.889  3379  3379 I MLMRCamera3Hal: EXIT : processCaptureRequest
03-13 19:52:13.921  3482  3603 W Camera3-Device: No cvip timestamp  available
03-13 19:52:13.921  3379  3379 I MLMRCamera3Hal: ENTRY : processCaptureRequest
03-13 19:52:13.922  3379  3379 I MLMRCamera3Hal: EXIT : processCaptureRequest
03-13 19:52:13.955  3482  3603 W Camera3-Device: No cvip timestamp  available
03-13 19:52:13.955  3379  3379 I MLMRCamera3Hal: ENTRY : processCaptureRequest
03-13 19:52:13.955  3379  3379 I MLMRCamera3Hal: EXIT : processCaptureRequest
03-13 19:52:13.988  3482  3603 W Camera3-Device: No cvip timestamp  available
03-13 19:52:13.988  3379  3379 I MLMRCamera3Hal: ENTRY : processCaptureRequest
03-13 19:52:13.988  3379  3379 I MLMRCamera3Hal: EXIT : processCaptureRequest
03-13 19:52:14.021  3482  3603 W Camera3-Device: No cvip timestamp  available
03-13 19:52:14.022  3379  3379 I MLMRCamera3Hal: ENTRY : processCaptureRequest
03-13 19:52:14.022  3379  3379 I MLMRCamera3Hal: EXIT : processCaptureRequest
03-13 19:52:14.055  3482  3603 W Camera3-Device: No cvip timestamp  available
03-13 19:52:14.055  3379  3379 I MLMRCamera3Hal: ENTRY : processCaptureRequest
03-13 19:52:14.055  3379  3379 I MLMRCamera3Hal: EXIT : processCaptureRequest
03-13 19:52:14.088  3482  3603 W Camera3-Device: No cvip timestamp  available
03-13 19:52:14.088  3379  3379 I MLMRCamera3Hal: ENTRY : processCaptureRequest
03-13 19:52:14.088  3379  3379 I MLMRCamera3Hal: EXIT : processCaptureRequest
03-13 19:52:14.099  9431  9455 I com.magicleap.capi.sample.depth_camera: processFrame called with frame_count: 1
03-13 19:52:14.099  9431  9455 I com.magicleap.capi.sample.depth_camera: === Frame 0 ===
03-13 19:52:14.099  9431  9455 I com.magicleap.capi.sample.depth_camera: Raw Depth Image: 544x480 pixels
03-13 19:52:14.099  9431  9455 I com.magicleap.capi.sample.depth_camera:   First 5 pixels: 1.36, 2.02, 3.29, 4.07, 4.45
03-13 19:52:14.099  9431  9455 I com.magicleap.capi.sample.depth_camera:   Center region min: 2.77, max: 57.12
03-13 19:52:14.099  9431  9455 I com.magicleap.capi.sample.depth_camera: Processed Depth Image: 544x480 pixels
03-13 19:52:14.099  9431  9455 I com.magicleap.capi.sample.depth_camera:   First 5 pixels (meters): 0.901, 0.873, 0.619, 0.396, 0.798
03-13 19:52:14.099  9431  9455 I com.magicleap.capi.sample.depth_camera:   Center region depth (m): min=0.621, max=0.984
03-13 19:52:14.099  9431  9455 I com.magicleap.capi.sample.depth_camera: Confidence Buffer: 544x480 pixels
03-13 19:52:14.099  9431  9455 I com.magicleap.capi.sample.depth_camera:   First 5 confidence values: -0.52, -0.43, -0.21, -0.17, -0.15
03-13 19:52:14.099  9431  9455 I com.magicleap.capi.sample.depth_camera:   Center region confidence: min=-0.27, max=-0.01, avg=-0.05
03-13 19:52:14.099  9431  9455 I com.magicleap.capi.sample.depth_camera: Ambient Raw Depth: 544x480 pixels
03-13 19:52:14.102  9431  9455 I com.magicleap.capi.sample.depth_camera: Detected 4 IR markers
03-13 19:52:14.102  9431  9455 I com.magicleap.capi.sample.depth_camera:   Marker 0: pixel(469.0, 236.5) 3D(0.170, -0.001, 0.299)m area=108 intensity=2354.4
03-13 19:52:14.102  9431  9455 I com.magicleap.capi.sample.depth_camera:   Marker 1: pixel(430.1, 271.5) 3D(0.183, 0.038, 0.402)m area=87 intensity=2076.5
03-13 19:52:14.102  9431  9455 I com.magicleap.capi.sample.depth_camera:   Marker 2: pixel(493.6, 277.6) 3D(0.165, 0.029, 0.255)m area=120 intensity=2627.7
03-13 19:52:14.102  9431  9455 I com.magicleap.capi.sample.depth_camera:   Marker 3: pixel(466.5, 307.9) 3D(0.201, 0.071, 0.356)m area=104 intensity=2150.9
03-13 19:52:14.102  9431  9455 V com.magicleap.capi.sample.depth_camera: ProcessFrame: 4 markers, 1 tools
03-13 19:52:14.102  9431  9455 V com.magicleap.capi.sample.depth_camera: TrackTool 'captured_tool': 0 candidates found
03-13 19:52:14.102  9431  9455 V com.magicleap.capi.sample.depth_camera: Tool 'captured_tool': TRACKED  pos=(0.236,0.176,0.828)
03-13 19:52:14.121  3482  3603 W Camera3-Device: No cvip timestamp  available
03-13 19:52:14.121  3379  3379 I MLMRCamera3Hal: ENTRY : processCaptureRequest
03-13 19:52:14.122  3379  3379 I MLMRCamera3Hal: EXIT : processCaptureRequest
03-13 19:52:14.155  3482  3603 W Camera3-Device: No cvip timestamp  available
03-13 19:52:14.155  3379  3379 I MLMRCamera3Hal: ENTRY : processCaptureRequest
03-13 19:52:14.155  3379  3379 I MLMRCamera3Hal: EXIT : processCaptureRequest
03-13 19:52:14.188  3482  3603 W Camera3-Device: No cvip timestamp  available
03-13 19:52:14.188  3379  3379 I MLMRCamera3Hal: ENTRY : processCaptureRequest
03-13 19:52:14.188  3379  3379 I MLMRCamera3Hal: EXIT : processCaptureRequest
03-13 19:52:14.221  3482  3603 W Camera3-Device: No cvip timestamp  available
03-13 19:52:14.221  3379  3379 I MLMRCamera3Hal: ENTRY : processCaptureRequest
03-13 19:52:14.222  3379  3379 I MLMRCamera3Hal: EXIT : processCaptureRequest
03-13 19:52:14.255  3482  3603 W Camera3-Device: No cvip timestamp  available
03-13 19:52:14.255  3379  3379 I MLMRCamera3Hal: ENTRY : processCaptureRequest
03-13 19:52:14.255  3379  3379 I MLMRCamera3Hal: EXIT : processCaptureRequest
03-13 19:52:14.283  9431  9455 I com.magicleap.capi.sample.depth_camera: processFrame called with frame_count: 1
03-13 19:52:14.283  9431  9455 I com.magicleap.capi.sample.depth_camera: === Frame 0 ===
03-13 19:52:14.283  9431  9455 I com.magicleap.capi.sample.depth_camera: Raw Depth Image: 544x480 pixels
03-13 19:52:14.283  9431  9455 I com.magicleap.capi.sample.depth_camera:   First 5 pixels: 4.40, 3.84, 3.32, 4.26, 3.16
03-13 19:52:14.283  9431  9455 I com.magicleap.capi.sample.depth_camera:   Center region min: 8.87, max: 20.25
03-13 19:52:14.283  9431  9455 I com.magicleap.capi.sample.depth_camera: Processed Depth Image: 544x480 pixels
03-13 19:52:14.283  9431  9455 I com.magicleap.capi.sample.depth_camera:   First 5 pixels (meters): 0.689, 0.551, 0.240, 0.269, 0.878
03-13 19:52:14.283  9431  9455 I com.magicleap.capi.sample.depth_camera:   Center region depth (m): min=0.720, max=0.831
03-13 19:52:14.283  9431  9455 I com.magicleap.capi.sample.depth_camera: Confidence Buffer: 544x480 pixels
03-13 19:52:14.283  9431  9455 I com.magicleap.capi.sample.depth_camera:   First 5 confidence values: -0.16, -0.21, -0.23, -0.16, -0.24
03-13 19:52:14.283  9431  9455 I com.magicleap.capi.sample.depth_camera:   Center region confidence: min=-0.08, max=-0.04, avg=-0.05
03-13 19:52:14.283  9431  9455 I com.magicleap.capi.sample.depth_camera: Ambient Raw Depth: 544x480 pixels
03-13 19:52:14.285  9431  9455 I com.magicleap.capi.sample.depth_camera: Detected 4 IR markers
03-13 19:52:14.285  9431  9455 I com.magicleap.capi.sample.depth_camera:   Marker 0: pixel(442.5, 228.0) 3D(0.148, -0.008, 0.302)m area=101 intensity=2438.8
03-13 19:52:14.285  9431  9455 I com.magicleap.capi.sample.depth_camera:   Marker 1: pixel(403.2, 260.9) 3D(0.143, 0.024, 0.380)m area=72 intensity=2126.4
03-13 19:52:14.285  9431  9455 I com.magicleap.capi.sample.depth_camera:   Marker 2: pixel(463.5, 268.9) 3D(0.174, 0.028, 0.314)m area=110 intensity=2300.7
03-13 19:52:14.285  9431  9455 I com.magicleap.capi.sample.depth_camera:   Marker 3: pixel(436.0, 297.6) 3D(0.194, 0.069, 0.410)m area=94 intensity=2062.6
03-13 19:52:14.285  9431  9455 V com.magicleap.capi.sample.depth_camera: ProcessFrame: 4 markers, 1 tools
03-13 19:52:14.286  9431  9455 V com.magicleap.capi.sample.depth_camera: TrackTool 'captured_tool': 0 candidates found
03-13 19:52:14.286  9431  9455 V com.magicleap.capi.sample.depth_camera: Tool 'captured_tool': TRACKED  pos=(0.236,0.176,0.828)
03-13 19:52:14.289  3482  3603 W Camera3-Device: No cvip timestamp  available
03-13 19:52:14.290  3379  3379 I MLMRCamera3Hal: ENTRY : processCaptureRequest
03-13 19:52:14.290  3379  3379 I MLMRCamera3Hal: EXIT : processCaptureRequest
03-13 19:52:14.323  3482  3603 W Camera3-Device: No cvip timestamp  available
03-13 19:52:14.323  3379  3379 I MLMRCamera3Hal: ENTRY : processCaptureRequest
03-13 19:52:14.324  3379  3379 I MLMRCamera3Hal: EXIT : processCaptureRequest
03-13 19:52:14.355  3482  3603 W Camera3-Device: No cvip timestamp  available
03-13 19:52:14.355  3379  3379 I MLMRCamera3Hal: ENTRY : processCaptureRequest
03-13 19:52:14.356  3379  3379 I MLMRCamera3Hal: EXIT : processCaptureRequest
03-13 19:52:14.388  3482  3603 W Camera3-Device: No cvip timestamp  available
03-13 19:52:14.388  3379  3379 I MLMRCamera3Hal: ENTRY : processCaptureRequest
03-13 19:52:14.389  3379  3379 I MLMRCamera3Hal: EXIT : processCaptureRequest
03-13 19:52:14.423  3482  3603 W Camera3-Device: No cvip timestamp  available
03-13 19:52:14.423  3379  3379 I MLMRCamera3Hal: ENTRY : processCaptureRequest
03-13 19:52:14.424  3379  3379 I MLMRCamera3Hal: EXIT : processCaptureRequest
03-13 19:52:14.455  3482  3603 W Camera3-Device: No cvip timestamp  available
03-13 19:52:14.455  3379  3379 I MLMRCamera3Hal: ENTRY : processCaptureRequest
03-13 19:52:14.456  3379  3379 I MLMRCamera3Hal: EXIT : processCaptureRequest
03-13 19:52:14.482  4383  4383 D BluetoothGatt: readRssi() - device: D4:15:3B:5C:97:20
03-13 19:52:14.486  9431  9455 I com.magicleap.capi.sample.depth_camera: processFrame called with frame_count: 1
03-13 19:52:14.486  9431  9455 I com.magicleap.capi.sample.depth_camera: === Frame 0 ===
03-13 19:52:14.486  9431  9455 I com.magicleap.capi.sample.depth_camera: Raw Depth Image: 544x480 pixels
03-13 19:52:14.486  9431  9455 I com.magicleap.capi.sample.depth_camera:   First 5 pixels: 3.14, 3.64, 3.97, 4.34, 4.25
03-13 19:52:14.486  9431  9455 I com.magicleap.capi.sample.depth_camera:   Center region min: 10.19, max: 19.08
03-13 19:52:14.486  9431  9455 I com.magicleap.capi.sample.depth_camera: Processed Depth Image: 544x480 pixels
03-13 19:52:14.486  9431  9455 I com.magicleap.capi.sample.depth_camera:   First 5 pixels (meters): 0.902, 0.202, 0.658, 1.175, 0.725
03-13 19:52:14.486  9431  9455 I com.magicleap.capi.sample.depth_camera:   Center region depth (m): min=0.719, max=0.819
03-13 19:52:14.486  9431  9455 I com.magicleap.capi.sample.depth_camera: Confidence Buffer: 544x480 pixels
03-13 19:52:14.486  9431  9455 I com.magicleap.capi.sample.depth_camera:   First 5 confidence values: -0.22, -0.19, -0.17, -0.16, -0.16
03-13 19:52:14.486  9431  9455 I com.magicleap.capi.sample.depth_camera:   Center region confidence: min=-0.07, max=-0.04, avg=-0.05
03-13 19:52:14.486  9431  9455 I com.magicleap.capi.sample.depth_camera: Ambient Raw Depth: 544x480 pixels
03-13 19:52:14.489  3482  3603 W Camera3-Device: No cvip timestamp  available
03-13 19:52:14.489  3379  3379 I MLMRCamera3Hal: ENTRY : processCaptureRequest
03-13 19:52:14.490  9431  9455 I com.magicleap.capi.sample.depth_camera: Detected 4 IR markers
03-13 19:52:14.490  9431  9455 I com.magicleap.capi.sample.depth_camera:   Marker 0: pixel(436.1, 223.0) 3D(0.140, -0.012, 0.298)m area=95 intensity=2444.0
03-13 19:52:14.490  9431  9455 I com.magicleap.capi.sample.depth_camera:   Marker 1: pixel(397.5, 256.2) 3D(0.152, 0.021, 0.420)m area=72 intensity=2065.5
03-13 19:52:14.490  9431  9455 I com.magicleap.capi.sample.depth_camera:   Marker 2: pixel(457.2, 263.3) 3D(0.174, 0.023, 0.326)m area=114 intensity=2256.5
03-13 19:52:14.490  9431  9455 I com.magicleap.capi.sample.depth_camera:   Marker 3: pixel(430.2, 292.5) 3D(0.206, 0.069, 0.453)m area=91 intensity=2063.6
03-13 19:52:14.491  9431  9455 V com.magicleap.capi.sample.depth_camera: ProcessFrame: 4 markers, 1 tools
03-13 19:52:14.491  9431  9455 V com.magicleap.capi.sample.depth_camera: TrackTool 'captured_tool': 0 candidates found
03-13 19:52:14.491  9431  9455 V com.magicleap.capi.sample.depth_camera: Tool 'captured_tool': TRACKED  pos=(0.236,0.176,0.828)
03-13 19:52:14.491  3379  3379 I MLMRCamera3Hal: EXIT : processCaptureRequest
03-13 19:52:14.522  3482  3603 W Camera3-Device: No cvip timestamp  available
03-13 19:52:14.523  3379  3379 I MLMRCamera3Hal: ENTRY : processCaptureRequest
03-13 19:52:14.523  3379  3379 I MLMRCamera3Hal: EXIT : processCaptureRequest
03-13 19:52:14.555  3482  3603 W Camera3-Device: No cvip timestamp  available
03-13 19:52:14.555  3379  3379 I MLMRCamera3Hal: ENTRY : processCaptureRequest
03-13 19:52:14.556  3379  3379 I MLMRCamera3Hal: EXIT : processCaptureRequest
03-13 19:52:14.590  3482  3603 W Camera3-Device: No cvip timestamp  available
03-13 19:52:14.591  3379  3379 I MLMRCamera3Hal: ENTRY : processCaptureRequest
03-13 19:52:14.591  3379  3379 I MLMRCamera3Hal: EXIT : processCaptureRequest
03-13 19:52:14.622  3482  3603 W Camera3-Device: No cvip timestamp  available
03-13 19:52:14.622  3379  3379 I MLMRCamera3Hal: ENTRY : processCaptureRequest
03-13 19:52:14.623  3379  3379 I MLMRCamera3Hal: EXIT : processCaptureRequest
03-13 19:52:14.657  3482  3603 W Camera3-Device: No cvip timestamp  available
03-13 19:52:14.657  3379  3379 I MLMRCamera3Hal: ENTRY : processCaptureRequest
03-13 19:52:14.657  3379  3379 I MLMRCamera3Hal: EXIT : processCaptureRequest
03-13 19:52:14.684  9431  9455 I com.magicleap.capi.sample.depth_camera: processFrame called with frame_count: 1
03-13 19:52:14.684  9431  9455 I com.magicleap.capi.sample.depth_camera: === Frame 0 ===
03-13 19:52:14.684  9431  9455 I com.magicleap.capi.sample.depth_camera: Raw Depth Image: 544x480 pixels
03-13 19:52:14.684  9431  9455 I com.magicleap.capi.sample.depth_camera:   First 5 pixels: 3.43, 3.91, 3.35, 1.61, 2.56
03-13 19:52:14.684  9431  9455 I com.magicleap.capi.sample.depth_camera:   Center region min: 4.84, max: 20.38
03-13 19:52:14.684  9431  9455 I com.magicleap.capi.sample.depth_camera: Processed Depth Image: 544x480 pixels
03-13 19:52:14.684  9431  9455 I com.magicleap.capi.sample.depth_camera:   First 5 pixels (meters): 0.744, 1.230, 1.334, 1.229, 1.180
03-13 19:52:14.684  9431  9455 I com.magicleap.capi.sample.depth_camera:   Center region depth (m): min=0.724, max=0.826
03-13 19:52:14.684  9431  9455 I com.magicleap.capi.sample.depth_camera: Confidence Buffer: 544x480 pixels
03-13 19:52:14.684  9431  9455 I com.magicleap.capi.sample.depth_camera:   First 5 confidence values: -0.21, -0.19, -0.27, -0.42, -0.31
03-13 19:52:14.684  9431  9455 I com.magicleap.capi.sample.depth_camera:   Center region confidence: min=-0.14, max=-0.04, avg=-0.05
03-13 19:52:14.684  9431  9455 I com.magicleap.capi.sample.depth_camera: Ambient Raw Depth: 544x480 pixels
03-13 19:52:14.686  9431  9455 I com.magicleap.capi.sample.depth_camera: Detected 4 IR markers
03-13 19:52:14.687  9431  9455 I com.magicleap.capi.sample.depth_camera:   Marker 0: pixel(460.5, 229.9) 3D(0.172, -0.007, 0.316)m area=102 intensity=2294.3
03-13 19:52:14.687  9431  9455 I com.magicleap.capi.sample.depth_camera:   Marker 1: pixel(421.4, 263.9) 3D(0.177, 0.030, 0.412)m area=76 intensity=2073.1
03-13 19:52:14.687  9431  9455 I com.magicleap.capi.sample.depth_camera:   Marker 2: pixel(482.7, 270.5) 3D(0.203, 0.031, 0.331)m area=116 intensity=2194.9
03-13 19:52:14.687  9431  9455 I com.magicleap.capi.sample.depth_camera:   Marker 3: pixel(455.5, 300.1) 3D(0.228, 0.075, 0.430)m area=102 intensity=2068.3
03-13 19:52:14.687  9431  9455 V com.magicleap.capi.sample.depth_camera: ProcessFrame: 4 markers, 1 tools
03-13 19:52:14.687  9431  9455 V com.magicleap.capi.sample.depth_camera: TrackTool 'captured_tool': 0 candidates found
03-13 19:52:14.687  9431  9455 V com.magicleap.capi.sample.depth_camera: Tool 'captured_tool': TRACKED  pos=(0.236,0.176,0.828)
03-13 19:52:14.684  3521  3521 W HwBinder:3521_4: type=1400 audit(0.0:296716): avc: denied { search } for name="traces" dev="nvme0n1p37" ino=8003587 scontext=u:r:mediacodec:s0 tcontext=u:object_r:trace_data_file:s0 tclass=dir permissive=0
03-13 19:52:14.689  3482  3603 W Camera3-Device: No cvip timestamp  available
03-13 19:52:14.690  3379  3379 I MLMRCamera3Hal: ENTRY : processCaptureRequest
03-13 19:52:14.690  3379  3379 I MLMRCamera3Hal: EXIT : processCaptureRequest
03-13 19:52:14.716  3521  3521 W HwBinder:3521_5: type=1400 audit(0.0:296717): avc: denied { search } for name="traces" dev="nvme0n1p37" ino=8003587 scontext=u:r:mediacodec:s0 tcontext=u:object_r:trace_data_file:s0 tclass=dir permissive=0
03-13 19:52:14.724  3482  3603 W Camera3-Device: No cvip timestamp  available
03-13 19:52:14.724  3379  3379 I MLMRCamera3Hal: ENTRY : processCaptureRequest
03-13 19:52:14.724  3379  3379 I MLMRCamera3Hal: EXIT : processCaptureRequest
03-13 19:52:14.748  3521  3521 W HwBinder:3521_5: type=1400 audit(0.0:296718): avc: denied { search } for name="traces" dev="nvme0n1p37" ino=8003587 scontext=u:r:mediacodec:s0 tcontext=u:object_r:trace_data_file:s0 tclass=dir permissive=0
03-13 19:52:14.755  3482  3603 W Camera3-Device: No cvip timestamp  available
03-13 19:52:14.756  6087  6171 I vcamdmmcontroller_service: nova/frameworks/services/perception_services/vcamdmmcontroller_svc/bin/src/main.cpp(241) CameraControlThread():
03-13 19:52:14.756  6087  6171 I vcamdmmcontroller_service: INF: Camera thread still waiting...
03-13 19:52:14.756  3379  3379 I MLMRCamera3Hal: ENTRY : processCaptureRequest
03-13 19:52:14.756  3379  3379 I MLMRCamera3Hal: EXIT : processCaptureRequest
03-13 19:52:14.784  3521  3521 W HwBinder:3521_5: type=1400 audit(0.0:296719): avc: denied { search } for name="traces" dev="nvme0n1p37" ino=8003587 scontext=u:r:mediacodec:s0 tcontext=u:object_r:trace_data_file:s0 tclass=dir permissive=0
03-13 19:52:14.790  3482  3603 W Camera3-Device: No cvip timestamp  available
03-13 19:52:14.790  3379  3379 I MLMRCamera3Hal: ENTRY : processCaptureRequest
03-13 19:52:14.791  3379  3379 I MLMRCamera3Hal: EXIT : processCaptureRequest
03-13 19:52:14.816  3521  3521 W HwBinder:3521_4: type=1400 audit(0.0:296720): avc: denied { search } for name="traces" dev="nvme0n1p37" ino=8003587 scontext=u:r:mediacodec:s0 tcontext=u:object_r:trace_data_file:s0 tclass=dir permissive=0
03-13 19:52:14.822  3482  3603 W Camera3-Device: No cvip timestamp  available
03-13 19:52:14.823  3379  3379 I MLMRCamera3Hal: ENTRY : processCaptureRequest
03-13 19:52:14.824  3379  3379 I MLMRCamera3Hal: EXIT : processCaptureRequest
03-13 19:52:14.855  3482  3603 W Camera3-Device: No cvip timestamp  available
03-13 19:52:14.856  3379  3379 I MLMRCamera3Hal: ENTRY : processCaptureRequest
03-13 19:52:14.856  3379  3379 I MLMRCamera3Hal: EXIT : processCaptureRequest
03-13 19:52:14.886  9431  9455 I com.magicleap.capi.sample.depth_camera: processFrame called with frame_count: 1
03-13 19:52:14.886  9431  9455 I com.magicleap.capi.sample.depth_camera: === Frame 0 ===
03-13 19:52:14.886  9431  9455 I com.magicleap.capi.sample.depth_camera: Raw Depth Image: 544x480 pixels
03-13 19:52:14.886  9431  9455 I com.magicleap.capi.sample.depth_camera:   First 5 pixels: 2.97, 1.10, 1.43, 2.21, 2.35
03-13 19:52:14.886  9431  9455 I com.magicleap.capi.sample.depth_camera:   Center region min: 2.11, max: 26.41
03-13 19:52:14.886  9431  9455 I com.magicleap.capi.sample.depth_camera: Processed Depth Image: 544x480 pixels
03-13 19:52:14.886  9431  9455 I com.magicleap.capi.sample.depth_camera:   First 5 pixels (meters): 0.423, 0.997, 1.584, 1.387, 0.621
03-13 19:52:14.886  9431  9455 I com.magicleap.capi.sample.depth_camera:   Center region depth (m): min=0.731, max=0.973
03-13 19:52:14.886  9431  9455 I com.magicleap.capi.sample.depth_camera: Confidence Buffer: 544x480 pixels
03-13 19:52:14.886  9431  9455 I com.magicleap.capi.sample.depth_camera:   First 5 confidence values: -0.29, -0.81, -0.75, -0.31, -0.29
03-13 19:52:14.886  9431  9455 I com.magicleap.capi.sample.depth_camera:   Center region confidence: min=-0.34, max=-0.03, avg=-0.06
03-13 19:52:14.886  9431  9455 I com.magicleap.capi.sample.depth_camera: Ambient Raw Depth: 544x480 pixels
03-13 19:52:14.891  9431  9455 I com.magicleap.capi.sample.depth_camera: Detected 4 IR markers
03-13 19:52:14.891  9431  9455 I com.magicleap.capi.sample.depth_camera:   Marker 0: pixel(478.7, 234.8) 3D(0.177, -0.003, 0.296)m area=99 intensity=2383.8
03-13 19:52:14.891  9431  9455 I com.magicleap.capi.sample.depth_camera:   Marker 1: pixel(438.7, 268.8) 3D(0.195, 0.035, 0.407)m area=82 intensity=2069.1
03-13 19:52:14.891  9431  9455 I com.magicleap.capi.sample.depth_camera:   Marker 2: pixel(501.2, 275.9) 3D(0.218, 0.035, 0.325)m area=114 intensity=2186.6
03-13 19:52:14.891  9431  9455 I com.magicleap.capi.sample.depth_camera:   Marker 3: pixel(473.4, 305.8) 3D(0.257, 0.085, 0.440)m area=101 intensity=2061.8
03-13 19:52:14.891  9431  9455 V com.magicleap.capi.sample.depth_camera: ProcessFrame: 4 markers, 1 tools
03-13 19:52:14.891  9431  9455 V com.magicleap.capi.sample.depth_camera: TrackTool 'captured_tool': 0 candidates found
03-13 19:52:14.891  9431  9455 V com.magicleap.capi.sample.depth_camera: Tool 'captured_tool': TRACKED  pos=(0.236,0.176,0.828)
03-13 19:52:14.892  3482  3603 W Camera3-Device: No cvip timestamp  available
03-13 19:52:14.892  3379  3379 I MLMRCamera3Hal: ENTRY : processCaptureRequest
03-13 19:52:14.893  3379  3379 I MLMRCamera3Hal: EXIT : processCaptureRequest
03-13 19:52:14.923  3482  3603 W Camera3-Device: No cvip timestamp  available
03-13 19:52:14.923  3379  3379 I MLMRCamera3Hal: ENTRY : processCaptureRequest
03-13 19:52:14.924  3379  3379 I MLMRCamera3Hal: EXIT : processCaptureRequest
03-13 19:52:14.937  3408  3408 I MagicFlinger: INF: MagicFlinger Periodic Info Log: FocusDistance=0.000000m ; CompositionCPU=0.73ms ; CompositionGPU=0.78ms ; ClientCPU=7.20ms ; ClientGPU=9.09ms ; TotalCPU=7.93ms ; TotalGPU=9.87ms ; ClientDroppedFrames=75 ; GlobalDimmer=0%
03-13 19:52:14.956  3482  3603 W Camera3-Device: No cvip timestamp  available
03-13 19:52:14.956  3379  3379 I MLMRCamera3Hal: ENTRY : processCaptureRequest
03-13 19:52:14.956  3379  3379 I MLMRCamera3Hal: EXIT : processCaptureRequest
03-13 19:52:14.990  3482  3603 W Camera3-Device: No cvip timestamp  available
03-13 19:52:14.991  3379  3379 I MLMRCamera3Hal: ENTRY : processCaptureRequest
03-13 19:52:14.991  3379  3379 I MLMRCamera3Hal: EXIT : processCaptureRequest
03-13 19:52:15.022  3482  3603 W Camera3-Device: No cvip timestamp  available
03-13 19:52:15.023  3379  3379 I MLMRCamera3Hal: ENTRY : processCaptureRequest
03-13 19:52:15.023  3379  3379 I MLMRCamera3Hal: EXIT : processCaptureRequest
03-13 19:52:15.057  3482  3603 W Camera3-Device: No cvip timestamp  available
03-13 19:52:15.057  3379  3379 I MLMRCamera3Hal: ENTRY : processCaptureRequest
03-13 19:52:15.057  3379  3379 I MLMRCamera3Hal: EXIT : processCaptureRequest
03-13 19:52:15.087  9431  9455 I com.magicleap.capi.sample.depth_camera: processFrame called with frame_count: 1
03-13 19:52:15.087  9431  9455 I com.magicleap.capi.sample.depth_camera: === Frame 0 ===
03-13 19:52:15.087  9431  9455 I com.magicleap.capi.sample.depth_camera: Raw Depth Image: 544x480 pixels
03-13 19:52:15.087  9431  9455 I com.magicleap.capi.sample.depth_camera:   First 5 pixels: 4.17, 4.47, 3.75, 1.85, 3.29
03-13 19:52:15.087  9431  9455 I com.magicleap.capi.sample.depth_camera:   Center region min: 3.38, max: 23.88
03-13 19:52:15.087  9431  9455 I com.magicleap.capi.sample.depth_camera: Processed Depth Image: 544x480 pixels
03-13 19:52:15.087  9431  9455 I com.magicleap.capi.sample.depth_camera:   First 5 pixels (meters): 0.871, 1.548, 0.886, 0.051, 0.139
03-13 19:52:15.087  9431  9455 I com.magicleap.capi.sample.depth_camera:   Center region depth (m): min=0.670, max=0.980
03-13 19:52:15.087  9431  9455 I com.magicleap.capi.sample.depth_camera: Confidence Buffer: 544x480 pixels
03-13 19:52:15.087  9431  9455 I com.magicleap.capi.sample.depth_camera:   First 5 confidence values: -0.17, -0.16, -0.22, -0.37, -0.28
03-13 19:52:15.087  9431  9455 I com.magicleap.capi.sample.depth_camera:   Center region confidence: min=-0.23, max=-0.03, avg=-0.06
